Archive member included to satisfy reference by file (symbol)

/opt/arm/arm-gnu-toolchain-12.2.rel1-x86_64-arm-none-eabi/bin/../lib/gcc/arm-none-eabi/12.2.1/../../../../arm-none-eabi/lib/thumb/v7e-m+dp/hard/libc_nano.a(libc_a-exit.o)
                              /opt/arm/arm-gnu-toolchain-12.2.rel1-x86_64-arm-none-eabi/bin/../lib/gcc/arm-none-eabi/12.2.1/../../../../arm-none-eabi/lib/thumb/v7e-m+dp/hard/crt0.o (exit)
/opt/arm/arm-gnu-toolchain-12.2.rel1-x86_64-arm-none-eabi/bin/../lib/gcc/arm-none-eabi/12.2.1/../../../../arm-none-eabi/lib/thumb/v7e-m+dp/hard/libc_nano.a(libc_a-strtoul.o)
                              CMakeFiles/freertos_hello.elf.dir/project/sdk/devices/MIMXRT1021/utilities/str/fsl_str.c.obj (strtoul)
/opt/arm/arm-gnu-toolchain-12.2.rel1-x86_64-arm-none-eabi/bin/../lib/gcc/arm-none-eabi/12.2.1/../../../../arm-none-eabi/lib/thumb/v7e-m+dp/hard/libc_nano.a(libc_a-init.o)
                              /opt/arm/arm-gnu-toolchain-12.2.rel1-x86_64-arm-none-eabi/bin/../lib/gcc/arm-none-eabi/12.2.1/../../../../arm-none-eabi/lib/thumb/v7e-m+dp/hard/crt0.o (__libc_init_array)
/opt/arm/arm-gnu-toolchain-12.2.rel1-x86_64-arm-none-eabi/bin/../lib/gcc/arm-none-eabi/12.2.1/../../../../arm-none-eabi/lib/thumb/v7e-m+dp/hard/libc_nano.a(libc_a-impure.o)
                              /opt/arm/arm-gnu-toolchain-12.2.rel1-x86_64-arm-none-eabi/bin/../lib/gcc/arm-none-eabi/12.2.1/../../../../arm-none-eabi/lib/thumb/v7e-m+dp/hard/libc_nano.a(libc_a-strtoul.o) (_impure_ptr)
/opt/arm/arm-gnu-toolchain-12.2.rel1-x86_64-arm-none-eabi/bin/../lib/gcc/arm-none-eabi/12.2.1/../../../../arm-none-eabi/lib/thumb/v7e-m+dp/hard/libc_nano.a(libc_a-malloc.o)
                              CMakeFiles/freertos_hello.elf.dir/project/sdk/devices/MIMXRT1021/drivers/fsl_common.c.obj (malloc)
/opt/arm/arm-gnu-toolchain-12.2.rel1-x86_64-arm-none-eabi/bin/../lib/gcc/arm-none-eabi/12.2.1/../../../../arm-none-eabi/lib/thumb/v7e-m+dp/hard/libc_nano.a(libc_a-mallocr.o)
                              /opt/arm/arm-gnu-toolchain-12.2.rel1-x86_64-arm-none-eabi/bin/../lib/gcc/arm-none-eabi/12.2.1/../../../../arm-none-eabi/lib/thumb/v7e-m+dp/hard/libc_nano.a(libc_a-malloc.o) (_malloc_r)
/opt/arm/arm-gnu-toolchain-12.2.rel1-x86_64-arm-none-eabi/bin/../lib/gcc/arm-none-eabi/12.2.1/../../../../arm-none-eabi/lib/thumb/v7e-m+dp/hard/libc_nano.a(libc_a-findfp.o)
                              /opt/arm/arm-gnu-toolchain-12.2.rel1-x86_64-arm-none-eabi/bin/../lib/gcc/arm-none-eabi/12.2.1/../../../../arm-none-eabi/lib/thumb/v7e-m+dp/hard/libc_nano.a(libc_a-exit.o) (__stdio_exit_handler)
/opt/arm/arm-gnu-toolchain-12.2.rel1-x86_64-arm-none-eabi/bin/../lib/gcc/arm-none-eabi/12.2.1/../../../../arm-none-eabi/lib/thumb/v7e-m+dp/hard/libc_nano.a(libc_a-strlen.o)
                              CMakeFiles/freertos_hello.elf.dir/project/sdk/devices/MIMXRT1021/utilities/str/fsl_str.c.obj (strlen)
/opt/arm/arm-gnu-toolchain-12.2.rel1-x86_64-arm-none-eabi/bin/../lib/gcc/arm-none-eabi/12.2.1/../../../../arm-none-eabi/lib/thumb/v7e-m+dp/hard/libc_nano.a(libc_a-stdio.o)
                              /opt/arm/arm-gnu-toolchain-12.2.rel1-x86_64-arm-none-eabi/bin/../lib/gcc/arm-none-eabi/12.2.1/../../../../arm-none-eabi/lib/thumb/v7e-m+dp/hard/libc_nano.a(libc_a-findfp.o) (__sread)
/opt/arm/arm-gnu-toolchain-12.2.rel1-x86_64-arm-none-eabi/bin/../lib/gcc/arm-none-eabi/12.2.1/../../../../arm-none-eabi/lib/thumb/v7e-m+dp/hard/libc_nano.a(libc_a-mlock.o)
                              /opt/arm/arm-gnu-toolchain-12.2.rel1-x86_64-arm-none-eabi/bin/../lib/gcc/arm-none-eabi/12.2.1/../../../../arm-none-eabi/lib/thumb/v7e-m+dp/hard/libc_nano.a(libc_a-mallocr.o) (__malloc_lock)
/opt/arm/arm-gnu-toolchain-12.2.rel1-x86_64-arm-none-eabi/bin/../lib/gcc/arm-none-eabi/12.2.1/../../../../arm-none-eabi/lib/thumb/v7e-m+dp/hard/libc_nano.a(libc_a-ctype_.o)
                              /opt/arm/arm-gnu-toolchain-12.2.rel1-x86_64-arm-none-eabi/bin/../lib/gcc/arm-none-eabi/12.2.1/../../../../arm-none-eabi/lib/thumb/v7e-m+dp/hard/libc_nano.a(libc_a-strtoul.o) (_ctype_)
/opt/arm/arm-gnu-toolchain-12.2.rel1-x86_64-arm-none-eabi/bin/../lib/gcc/arm-none-eabi/12.2.1/../../../../arm-none-eabi/lib/thumb/v7e-m+dp/hard/libc_nano.a(libc_a-sbrkr.o)
                              /opt/arm/arm-gnu-toolchain-12.2.rel1-x86_64-arm-none-eabi/bin/../lib/gcc/arm-none-eabi/12.2.1/../../../../arm-none-eabi/lib/thumb/v7e-m+dp/hard/libc_nano.a(libc_a-mallocr.o) (_sbrk_r)
/opt/arm/arm-gnu-toolchain-12.2.rel1-x86_64-arm-none-eabi/bin/../lib/gcc/arm-none-eabi/12.2.1/../../../../arm-none-eabi/lib/thumb/v7e-m+dp/hard/libc_nano.a(libc_a-writer.o)
                              /opt/arm/arm-gnu-toolchain-12.2.rel1-x86_64-arm-none-eabi/bin/../lib/gcc/arm-none-eabi/12.2.1/../../../../arm-none-eabi/lib/thumb/v7e-m+dp/hard/libc_nano.a(libc_a-stdio.o) (_write_r)
/opt/arm/arm-gnu-toolchain-12.2.rel1-x86_64-arm-none-eabi/bin/../lib/gcc/arm-none-eabi/12.2.1/../../../../arm-none-eabi/lib/thumb/v7e-m+dp/hard/libc_nano.a(libc_a-errno.o)
[...]
Memory Configuration

Name             Origin             Length             Attributes
m_interrupts     0x0000000000000000 0x0000000000000400 xr
m_text           0x0000000000000400 0x000000000000fc00 xr
m_data           0x0000000020000000 0x0000000000010000 rw
m_data2          0x0000000020200000 0x0000000000020000 rw
*default*        0x0000000000000000 0xffffffffffffffff

Linker script and memory map

LOAD /opt/arm/arm-gnu-toolchain-12.2.rel1-x86_64-arm-none-eabi/bin/../lib/gcc/arm-none-eabi/12.2.1/thumb/v7e-m+dp/hard/crti.o
LOAD /opt/arm/arm-gnu-toolchain-12.2.rel1-x86_64-arm-none-eabi/bin/../lib/gcc/arm-none-eabi/12.2.1/thumb/v7e-m+dp/hard/crtbegin.o
LOAD /opt/arm/arm-gnu-toolchain-12.2.rel1-x86_64-arm-none-eabi/bin/../lib/gcc/arm-none-eabi/12.2.1/../../../../arm-none-eabi/lib/thumb/v7e-m+dp/hard/crt0.o
LOAD CMakeFiles/freertos_hello.elf.dir/project/src/dcd.c.obj
LOAD CMakeFiles/freertos_hello.elf.dir/project/src/freertos_hello.c.obj
LOAD CMakeFiles/freertos_hello.elf.dir/project/board/board.c.obj
LOAD CMakeFiles/freertos_hello.elf.dir/project/board/clock_config.c.obj
LOAD CMakeFiles/freertos_hello.elf.dir/project/board/pin_mux.c.obj
LOAD CMakeFiles/freertos_hello.elf.dir/project/sdk/components/lists/fsl_component_generic_list.c.obj
LOAD CMakeFiles/freertos_hello.elf.dir/project/sdk/components/uart/fsl_adapter_lpuart.c.obj
LOAD CMakeFiles/freertos_hello.elf.dir/project/sdk/components/serial_manager/fsl_component_serial_manager.c.obj
LOAD CMakeFiles/freertos_hello.elf.dir/project/sdk/components/serial_manager/fsl_component_serial_port_uart.c.obj
LOAD CMakeFiles/freertos_hello.elf.dir/project/sdk/devices/MIMXRT1021/gcc/startup_MIMXRT1021.S.obj
LOAD CMakeFiles/freertos_hello.elf.dir/project/sdk/devices/MIMXRT1021/system_MIMXRT1021.c.obj
LOAD CMakeFiles/freertos_hello.elf.dir/project/sdk/devices/MIMXRT1021/drivers/fsl_clock.c.obj
LOAD CMakeFiles/freertos_hello.elf.dir/project/sdk/devices/MIMXRT1021/drivers/fsl_common.c.obj
LOAD CMakeFiles/freertos_hello.elf.dir/project/sdk/devices/MIMXRT1021/drivers/fsl_common_arm.c.obj
LOAD CMakeFiles/freertos_hello.elf.dir/project/sdk/devices/MIMXRT1021/drivers/fsl_gpio.c.obj
LOAD CMakeFiles/freertos_hello.elf.dir/project/sdk/devices/MIMXRT1021/drivers/fsl_lpuart.c.obj
LOAD CMakeFiles/freertos_hello.elf.dir/project/sdk/boards/evkmimxrt1020/xip/evkmimxrt1020_flexspi_nor_config.c.obj
LOAD CMakeFiles/freertos_hello.elf.dir/project/sdk/devices/MIMXRT1021/xip/fsl_flexspi_nor_boot.c.obj
LOAD CMakeFiles/freertos_hello.elf.dir/project/sdk/rtos/freertos/freertos-kernel/croutine.c.obj
LOAD CMakeFiles/freertos_hello.elf.dir/project/sdk/rtos/freertos/freertos-kernel/event_groups.c.obj
LOAD CMakeFiles/freertos_hello.elf.dir/project/sdk/rtos/freertos/freertos-kernel/list.c.obj
LOAD CMakeFiles/freertos_hello.elf.dir/project/sdk/rtos/freertos/freertos-kernel/queue.c.obj
LOAD CMakeFiles/freertos_hello.elf.dir/project/sdk/rtos/freertos/freertos-kernel/stream_buffer.c.obj
LOAD CMakeFiles/freertos_hello.elf.dir/project/sdk/rtos/freertos/freertos-kernel/tasks.c.obj
LOAD CMakeFiles/freertos_hello.elf.dir/project/sdk/rtos/freertos/freertos-kernel/timers.c.obj
LOAD CMakeFiles/freertos_hello.elf.dir/project/sdk/rtos/freertos/freertos-kernel/portable/GCC/ARM_CM4F/port.c.obj
LOAD CMakeFiles/freertos_hello.elf.dir/project/sdk/rtos/freertos/freertos-kernel/portable/MemMang/heap_4.c.obj
LOAD CMakeFiles/freertos_hello.elf.dir/project/sdk/devices/MIMXRT1021/utilities/fsl_sbrk.c.obj
LOAD CMakeFiles/freertos_hello.elf.dir/project/sdk/devices/MIMXRT1021/utilities/fsl_syscall_stub.c.obj
LOAD CMakeFiles/freertos_hello.elf.dir/project/sdk/devices/MIMXRT1021/utilities/fsl_memcpy.S.obj
LOAD CMakeFiles/freertos_hello.elf.dir/project/sdk/devices/MIMXRT1021/utilities/fsl_assert.c.obj
LOAD CMakeFiles/freertos_hello.elf.dir/project/sdk/devices/MIMXRT1021/utilities/str/fsl_str.c.obj
LOAD CMakeFiles/freertos_hello.elf.dir/project/sdk/devices/MIMXRT1021/utilities/debug_console/fsl_debug_console.c.obj
START GROUP
LOAD /opt/arm/arm-gnu-toolchain-12.2.rel1-x86_64-arm-none-eabi/bin/../lib/gcc/arm-none-eabi/12.2.1/../../../../arm-none-eabi/lib/thumb/v7e-m+dp/hard/libm.a
LOAD /opt/arm/arm-gnu-toolchain-12.2.rel1-x86_64-arm-none-eabi/bin/../lib/gcc/arm-none-eabi/12.2.1/../../../../arm-none-eabi/lib/thumb/v7e-m+dp/hard/libc_nano.a
LOAD /opt/arm/arm-gnu-toolchain-12.2.rel1-x86_64-arm-none-eabi/bin/../lib/gcc/arm-none-eabi/12.2.1/thumb/v7e-m+dp/hard/libgcc.a
LOAD /opt/arm/arm-gnu-toolchain-12.2.rel1-x86_64-arm-none-eabi/bin/../lib/gcc/arm-none-eabi/12.2.1/../../../../arm-none-eabi/lib/thumb/v7e-m+dp/hard/libnosys.a
END GROUP
START GROUP
LOAD /opt/arm/arm-gnu-toolchain-12.2.rel1-x86_64-arm-none-eabi/bin/../lib/gcc/arm-none-eabi/12.2.1/thumb/v7e-m+dp/hard/libgcc.a
LOAD /opt/arm/arm-gnu-toolchain-12.2.rel1-x86_64-arm-none-eabi/bin/../lib/gcc/arm-none-eabi/12.2.1/../../../../arm-none-eabi/lib/thumb/v7e-m+dp/hard/libg_nano.a
LOAD /opt/arm/arm-gnu-toolchain-12.2.rel1-x86_64-arm-none-eabi/bin/../lib/gcc/arm-none-eabi/12.2.1/../../../../arm-none-eabi/lib/thumb/v7e-m+dp/hard/libc_nano.a
END GROUP
START GROUP
LOAD /opt/arm/arm-gnu-toolchain-12.2.rel1-x86_64-arm-none-eabi/bin/../lib/gcc/arm-none-eabi/12.2.1/thumb/v7e-m+dp/hard/libgcc.a
LOAD /opt/arm/arm-gnu-toolchain-12.2.rel1-x86_64-arm-none-eabi/bin/../lib/gcc/arm-none-eabi/12.2.1/../../../../arm-none-eabi/lib/thumb/v7e-m+dp/hard/libc_nano.a
LOAD /opt/arm/arm-gnu-toolchain-12.2.rel1-x86_64-arm-none-eabi/bin/../lib/gcc/arm-none-eabi/12.2.1/../../../../arm-none-eabi/lib/thumb/v7e-m+dp/hard/libnosys.a
END GROUP
START GROUP
LOAD /opt/arm/arm-gnu-toolchain-12.2.rel1-x86_64-arm-none-eabi/bin/../lib/gcc/arm-none-eabi/12.2.1/thumb/v7e-m+dp/hard/libgcc.a
LOAD /opt/arm/arm-gnu-toolchain-12.2.rel1-x86_64-arm-none-eabi/bin/../lib/gcc/arm-none-eabi/12.2.1/../../../../arm-none-eabi/lib/thumb/v7e-m+dp/hard/libc_nano.a
LOAD /opt/arm/arm-gnu-toolchain-12.2.rel1-x86_64-arm-none-eabi/bin/../lib/gcc/arm-none-eabi/12.2.1/../../../../arm-none-eabi/lib/thumb/v7e-m+dp/hard/libnosys.a
END GROUP
LOAD /opt/arm/arm-gnu-toolchain-12.2.rel1-x86_64-arm-none-eabi/bin/../lib/gcc/arm-none-eabi/12.2.1/thumb/v7e-m+dp/hard/crtend.o
LOAD /opt/arm/arm-gnu-toolchain-12.2.rel1-x86_64-arm-none-eabi/bin/../lib/gcc/arm-none-eabi/12.2.1/thumb/v7e-m+dp/hard/crtn.o
                0x0000000000000400                HEAP_SIZE = DEFINED (__heap_size__)?__heap_size__:0x400
                0x0000000000000400                STACK_SIZE = DEFINED (__stack_size__)?__stack_size__:0x400
                0x0000000020200000                __NCACHE_REGION_START = ORIGIN (m_data2)
                0x0000000000000000                __NCACHE_REGION_SIZE = 0x0

.interrupts     0x0000000000000000      0x400
                0x0000000000000000                __VECTOR_TABLE = .
                0x0000000000000000                __Vectors = .
                0x0000000000000000                . = ALIGN (0x4)
 *(.isr_vector)
 .isr_vector    0x0000000000000000      0x400 CMakeFiles/freertos_hello.elf.dir/project/sdk/devices/MIMXRT1021/gcc/startup_MIMXRT1021.S.obj
                0x0000000000000000                __isr_vector
                0x0000000000000400                . = ALIGN (0x4)

.text           0x0000000000000400     0x5c30
                0x0000000000000400                . = ALIGN (0x4)
 *(.text)
 .text          0x0000000000000400       0x7c /opt/arm/arm-gnu-toolchain-12.2.rel1-x86_64-arm-none-eabi/bin/../lib/gcc/arm-none-eabi/12.2.1/../../../../arm-none-eabi/lib/thumb/v7e-m+dp/hard/crt0.o
                0x0000000000000400                _stack_init
                0x0000000000000408                _mainCRTStartup
                0x0000000000000408                _start
 .text          0x000000000000047c      0x228 CMakeFiles/freertos_hello.elf.dir/project/sdk/devices/MIMXRT1021/gcc/startup_MIMXRT1021.S.obj
                0x000000000000047c                Reset_Handler
                0x0000000000000508                LPSPI2_DriverIRQHandler
                0x0000000000000508                ADC_ETC_IRQ0_IRQHandler
                0x0000000000000508                DebugMon_Handler
                0x0000000000000508                SAI3_RX_DriverIRQHandler
                0x0000000000000508                DMA13_DMA29_DriverIRQHandler
                0x0000000000000508                Reserved86_IRQHandler
                0x0000000000000508                SRC_IRQHandler
                0x0000000000000508                LPSPI4_DriverIRQHandler
                0x0000000000000508                Reserved60_IRQHandler
                0x0000000000000508                GPIO2_Combined_0_15_IRQHandler
                0x0000000000000508                SPDIF_DriverIRQHandler
                0x0000000000000508                GPIO1_INT2_IRQHandler
                0x0000000000000508                Reserved103_IRQHandler
                0x0000000000000508                ENC2_IRQHandler
                0x0000000000000508                PWM2_2_IRQHandler
                0x0000000000000508                GPIO1_INT7_IRQHandler
                0x0000000000000508                CCM_1_IRQHandler
                0x0000000000000508                Reserved59_IRQHandler
                0x0000000000000508                ADC_ETC_IRQ1_IRQHandler
                0x0000000000000508                DMA7_DMA23_DriverIRQHandler
                0x0000000000000508                CTI0_ERROR_IRQHandler
                0x0000000000000508                GPIO5_Combined_0_15_IRQHandler
                0x0000000000000508                PWM1_0_IRQHandler
                0x0000000000000508                Reserved68_IRQHandler
                0x0000000000000508                LPI2C3_DriverIRQHandler
                0x0000000000000508                PWM2_0_IRQHandler
                0x0000000000000508                DCP_VMI_IRQHandler
                0x0000000000000508                DMA14_DMA30_DriverIRQHandler
                0x0000000000000508                ENET_1588_Timer_DriverIRQHandler
                0x0000000000000508                PWM2_1_IRQHandler
                0x0000000000000508                PWM2_FAULT_IRQHandler
                0x0000000000000508                UsageFault_Handler
                0x0000000000000508                WDOG1_IRQHandler
                0x0000000000000508                Reserved151_IRQHandler
                0x0000000000000508                GPT1_IRQHandler
                0x0000000000000508                ACMP4_IRQHandler
                0x0000000000000508                SEMC_IRQHandler
                0x0000000000000508                DMA0_DMA16_DriverIRQHandler
                0x0000000000000508                DefaultISR
                0x0000000000000508                Reserved58_IRQHandler
                0x0000000000000508                PWM1_1_IRQHandler
                0x0000000000000508                DMA2_DMA18_DriverIRQHandler
                0x0000000000000508                Reserved82_IRQHandler
                0x0000000000000508                USDHC1_DriverIRQHandler
                0x0000000000000508                GPIO1_INT0_IRQHandler
                0x0000000000000508                CSU_IRQHandler
                0x0000000000000508                Reserved70_IRQHandler
                0x0000000000000508                ADC1_IRQHandler
                0x0000000000000508                FLEXIO1_DriverIRQHandler
                0x0000000000000508                ENET_DriverIRQHandler
                0x0000000000000508                GPIO1_Combined_16_31_IRQHandler
                0x0000000000000508                Reserved128_IRQHandler
                0x0000000000000508                RTWDOG_IRQHandler
                0x0000000000000508                Reserved78_IRQHandler
                0x0000000000000508                SAI1_DriverIRQHandler
                0x0000000000000508                DMA12_DMA28_DriverIRQHandler
                0x0000000000000508                GPIO3_Combined_16_31_IRQHandler
                0x0000000000000508                EWM_IRQHandler
                0x0000000000000508                TEMP_LOW_HIGH_IRQHandler
                0x0000000000000508                WDOG2_IRQHandler
                0x0000000000000508                GPIO1_INT5_IRQHandler
                0x0000000000000508                FLEXSPI_DriverIRQHandler
                0x0000000000000508                PWM2_3_IRQHandler
                0x0000000000000508                CORE_IRQHandler
                0x0000000000000508                DMA10_DMA26_DriverIRQHandler
                0x0000000000000508                TEMP_PANIC_IRQHandler
                0x0000000000000508                GPIO1_INT6_IRQHandler
                0x0000000000000508                PWM1_2_IRQHandler
                0x0000000000000508                Reserved144_IRQHandler
                0x0000000000000508                GPR_IRQ_IRQHandler
                0x0000000000000508                GPC_IRQHandler
                0x0000000000000508                DCDC_IRQHandler
                0x0000000000000508                GPIO3_Combined_0_15_IRQHandler
                0x0000000000000508                Reserved107_IRQHandler
                0x0000000000000508                DMA1_DMA17_DriverIRQHandler
                0x0000000000000508                USB_OTG1_IRQHandler
                0x0000000000000508                CAN2_DriverIRQHandler
                0x0000000000000508                Reserved102_IRQHandler
                0x0000000000000508                GPIO5_Combined_16_31_IRQHandler
                0x0000000000000508                TMR2_IRQHandler
                0x0000000000000508                ADC_ETC_ERROR_IRQ_IRQHandler
                0x0000000000000508                DMA8_DMA24_DriverIRQHandler
                0x0000000000000508                DMA6_DMA22_DriverIRQHandler
                0x0000000000000508                BEE_IRQHandler
                0x0000000000000508                GPIO1_INT1_IRQHandler
                0x0000000000000508                SNVS_LP_HP_WRAPPER_IRQHandler
                0x0000000000000508                ADC_ETC_IRQ2_IRQHandler
                0x0000000000000508                Reserved148_IRQHandler
                0x0000000000000508                GPIO1_INT4_IRQHandler
                0x0000000000000508                CCM_2_IRQHandler
                0x0000000000000508                KPP_IRQHandler
                0x0000000000000508                ADC2_IRQHandler
                0x0000000000000508                USDHC2_DriverIRQHandler
                0x0000000000000508                MemManage_Handler
                0x0000000000000508                SAI2_DriverIRQHandler
                0x0000000000000508                PIT_IRQHandler
                0x0000000000000508                Reserved115_IRQHandler
                0x0000000000000508                SNVS_HP_WRAPPER_IRQHandler
                0x0000000000000508                DMA11_DMA27_DriverIRQHandler
                0x0000000000000508                Reserved147_IRQHandler
                0x0000000000000508                XBAR1_IRQ_2_3_IRQHandler
                0x0000000000000508                LPI2C1_DriverIRQHandler
                0x0000000000000508                DCP_IRQHandler
                0x0000000000000508                Reserved123_IRQHandler
                0x0000000000000508                DMA4_DMA20_DriverIRQHandler
                0x0000000000000508                GPIO1_INT3_IRQHandler
                0x0000000000000508                DMA9_DMA25_DriverIRQHandler
                0x0000000000000508                GPIO1_Combined_0_15_IRQHandler
                0x0000000000000508                LPSPI1_DriverIRQHandler
                0x0000000000000508                Reserved152_IRQHandler
                0x0000000000000508                DMA3_DMA19_DriverIRQHandler
                0x0000000000000508                ACMP3_IRQHandler
                0x0000000000000508                ENC1_IRQHandler
                0x0000000000000508                PWM1_FAULT_IRQHandler
                0x0000000000000508                Reserved143_IRQHandler
                0x0000000000000508                GPIO2_Combined_16_31_IRQHandler
                0x0000000000000508                LPI2C4_DriverIRQHandler
                0x0000000000000508                PMU_IRQHandler
                0x0000000000000508                XBAR1_IRQ_0_1_IRQHandler
                0x0000000000000508                SNVS_HP_WRAPPER_TZ_IRQHandler
                0x0000000000000508                SAI3_TX_DriverIRQHandler
                0x0000000000000508                ACMP2_IRQHandler
                0x0000000000000508                GPT2_IRQHandler
                0x0000000000000508                FLEXRAM_IRQHandler
                0x0000000000000508                DMA5_DMA21_DriverIRQHandler
                0x0000000000000508                USB_PHY_IRQHandler
                0x0000000000000508                Reserved56_IRQHandler
                0x0000000000000508                ACMP1_IRQHandler
                0x0000000000000508                BusFault_Handler
                0x0000000000000508                Reserved87_IRQHandler
                0x0000000000000508                DMA15_DMA31_DriverIRQHandler
                0x0000000000000508                LPSPI3_DriverIRQHandler
                0x0000000000000508                LPI2C2_DriverIRQHandler
                0x0000000000000508                DMA_ERROR_DriverIRQHandler
                0x0000000000000508                CAN1_DriverIRQHandler
                0x0000000000000508                TMR1_IRQHandler
                0x0000000000000508                TRNG_IRQHandler
                0x0000000000000508                CTI1_ERROR_IRQHandler
                0x0000000000000508                PWM1_3_IRQHandler
                0x000000000000050c                NMI_Handler
                0x0000000000000510                HardFault_Handler
                0x0000000000000520                DMA0_DMA16_IRQHandler
                0x0000000000000524                DMA1_DMA17_IRQHandler
                0x0000000000000528                DMA2_DMA18_IRQHandler
                0x000000000000052c                DMA3_DMA19_IRQHandler
                0x0000000000000530                DMA4_DMA20_IRQHandler
                0x0000000000000534                DMA5_DMA21_IRQHandler
                0x0000000000000538                DMA6_DMA22_IRQHandler
                0x000000000000053c                DMA7_DMA23_IRQHandler
                0x0000000000000540                DMA8_DMA24_IRQHandler
                0x0000000000000544                DMA9_DMA25_IRQHandler
                0x0000000000000548                DMA10_DMA26_IRQHandler
                0x000000000000054c                DMA11_DMA27_IRQHandler
                0x0000000000000550                DMA12_DMA28_IRQHandler
                0x0000000000000554                DMA13_DMA29_IRQHandler
                0x0000000000000558                DMA14_DMA30_IRQHandler
                0x000000000000055c                DMA15_DMA31_IRQHandler
                0x0000000000000560                DMA_ERROR_IRQHandler
                0x0000000000000564                LPUART1_IRQHandler
                0x0000000000000568                LPUART2_IRQHandler
                0x000000000000056c                LPUART3_IRQHandler
                0x0000000000000570                LPUART4_IRQHandler
                0x0000000000000574                LPUART5_IRQHandler
                0x0000000000000578                LPUART6_IRQHandler
                0x000000000000057c                LPUART7_IRQHandler
                0x0000000000000580                LPUART8_IRQHandler
                0x0000000000000584                LPI2C1_IRQHandler
                0x0000000000000588                LPI2C2_IRQHandler
                0x000000000000058c                LPI2C3_IRQHandler
                0x0000000000000590                LPI2C4_IRQHandler
                0x0000000000000594                LPSPI1_IRQHandler
                0x0000000000000598                LPSPI2_IRQHandler
                0x000000000000059c                LPSPI3_IRQHandler
                0x00000000000005a0                LPSPI4_IRQHandler
                0x00000000000005a4                CAN1_IRQHandler
                0x00000000000005a8                CAN2_IRQHandler
                0x00000000000005ac                SAI1_IRQHandler
                0x00000000000005b0                SAI2_IRQHandler
                0x00000000000005b4                SAI3_RX_IRQHandler
                0x00000000000005b8                SAI3_TX_IRQHandler
                0x00000000000005bc                SPDIF_IRQHandler
                0x00000000000005c0                FLEXIO1_IRQHandler
                0x00000000000005c4                FLEXSPI_IRQHandler
                0x00000000000005c8                USDHC1_IRQHandler
                0x00000000000005cc                USDHC2_IRQHandler
                0x00000000000005d0                ENET_IRQHandler
                0x00000000000005d4                ENET_1588_Timer_IRQHandler
 .text          0x00000000000006a4       0xa0 CMakeFiles/freertos_hello.elf.dir/project/sdk/devices/MIMXRT1021/utilities/fsl_memcpy.S.obj
                0x00000000000006a4                memcpy
 .text          0x0000000000000744       0x10 /opt/arm/arm-gnu-toolchain-12.2.rel1-x86_64-arm-none-eabi/bin/../lib/gcc/arm-none-eabi/12.2.1/../../../../arm-none-eabi/lib/thumb/v7e-m+dp/hard/libc_nano.a(libc_a-strlen.o)
                0x0000000000000744                strlen
 *(.text*)
 .text.deregister_tm_clones
                0x0000000000000754       0x1c /opt/arm/arm-gnu-toolchain-12.2.rel1-x86_64-arm-none-eabi/bin/../lib/gcc/arm-none-eabi/12.2.1/thumb/v7e-m+dp/hard/crtbegin.o
 .text.register_tm_clones
                0x0000000000000770       0x24 /opt/arm/arm-gnu-toolchain-12.2.rel1-x86_64-arm-none-eabi/bin/../lib/gcc/arm-none-eabi/12.2.1/thumb/v7e-m+dp/hard/crtbegin.o
 .text.__do_global_dtors_aux
                0x0000000000000794       0x28 /opt/arm/arm-gnu-toolchain-12.2.rel1-x86_64-arm-none-eabi/bin/../lib/gcc/arm-none-eabi/12.2.1/thumb/v7e-m+dp/hard/crtbegin.o
 .text.frame_dummy
                0x00000000000007bc       0x24 /opt/arm/arm-gnu-toolchain-12.2.rel1-x86_64-arm-none-eabi/bin/../lib/gcc/arm-none-eabi/12.2.1/thumb/v7e-m+dp/hard/crtbegin.o
 .text.main     0x00000000000007e0       0x50 CMakeFiles/freertos_hello.elf.dir/project/src/freertos_hello.c.obj
                0x00000000000007e0                main
 .text.hello_task
                0x0000000000000830       0x38 CMakeFiles/freertos_hello.elf.dir/project/src/freertos_hello.c.obj
 .text.ARM_MPU_Enable
                0x0000000000000868       0x44 CMakeFiles/freertos_hello.elf.dir/project/board/board.c.obj
 .text.ARM_MPU_Disable
                0x00000000000008ac       0x40 CMakeFiles/freertos_hello.elf.dir/project/board/board.c.obj
 .text.CLOCK_GetMux
                0x00000000000008ec       0x44 CMakeFiles/freertos_hello.elf.dir/project/board/board.c.obj
 .text.CLOCK_GetDiv
                0x0000000000000930       0x44 CMakeFiles/freertos_hello.elf.dir/project/board/board.c.obj
 .text.CLOCK_GetOscFreq
                0x0000000000000974       0x30 CMakeFiles/freertos_hello.elf.dir/project/board/board.c.obj
 .text.BOARD_DebugConsoleSrcFreq
                0x00000000000009a4       0x64 CMakeFiles/freertos_hello.elf.dir/project/board/board.c.obj
                0x00000000000009a4                BOARD_DebugConsoleSrcFreq
 .text.BOARD_InitDebugConsole
                0x0000000000000a08       0x22 CMakeFiles/freertos_hello.elf.dir/project/board/board.c.obj
                0x0000000000000a08                BOARD_InitDebugConsole
 *fill*         0x0000000000000a2a        0x2 
 .text.BOARD_ConfigMPU
                0x0000000000000a2c      0x320 CMakeFiles/freertos_hello.elf.dir/project/board/board.c.obj
                0x0000000000000a2c                BOARD_ConfigMPU
 .text._SDK_AtomicLocalClearAndSet4Byte
                0x0000000000000d4c       0x50 CMakeFiles/freertos_hello.elf.dir/project/board/clock_config.c.obj
 .text.CLOCK_SetMux
                0x0000000000000d9c       0xac CMakeFiles/freertos_hello.elf.dir/project/board/clock_config.c.obj
 .text.CLOCK_SetDiv
                0x0000000000000e48       0xac CMakeFiles/freertos_hello.elf.dir/project/board/clock_config.c.obj
 .text.CLOCK_ControlGate
                0x0000000000000ef4       0x70 CMakeFiles/freertos_hello.elf.dir/project/board/clock_config.c.obj
 .text.CLOCK_DisableClock
                0x0000000000000f64       0x1e CMakeFiles/freertos_hello.elf.dir/project/board/clock_config.c.obj
 *fill*         0x0000000000000f82        0x2 
 .text.CLOCK_SetXtalFreq
                0x0000000000000f84       0x20 CMakeFiles/freertos_hello.elf.dir/project/board/clock_config.c.obj
 .text.CLOCK_SetRtcXtalFreq
                0x0000000000000fa4       0x20 CMakeFiles/freertos_hello.elf.dir/project/board/clock_config.c.obj
 .text.CLOCK_SetPllBypass
                0x0000000000000fc4       0x4e CMakeFiles/freertos_hello.elf.dir/project/board/clock_config.c.obj
 .text.IOMUXC_SetSaiMClkClockSource
                0x0000000000001012       0x6c CMakeFiles/freertos_hello.elf.dir/project/board/clock_config.c.obj
 *fill*         0x000000000000107e        0x2 
 .text.IOMUXC_MQSConfig
                0x0000000000001080       0x44 CMakeFiles/freertos_hello.elf.dir/project/board/clock_config.c.obj
 .text.BOARD_InitBootClocks
                0x00000000000010c4        0xc CMakeFiles/freertos_hello.elf.dir/project/board/clock_config.c.obj
                0x00000000000010c4                BOARD_InitBootClocks
 .text.BOARD_BootClockRUN
                0x00000000000010d0      0x548 CMakeFiles/freertos_hello.elf.dir/project/board/clock_config.c.obj
                0x00000000000010d0                BOARD_BootClockRUN
 .text._SDK_AtomicLocalClearAndSet4Byte
                0x0000000000001618       0x50 CMakeFiles/freertos_hello.elf.dir/project/board/pin_mux.c.obj
 .text.CLOCK_ControlGate
                0x0000000000001668       0x70 CMakeFiles/freertos_hello.elf.dir/project/board/pin_mux.c.obj
 .text.CLOCK_EnableClock
                0x00000000000016d8       0x1e CMakeFiles/freertos_hello.elf.dir/project/board/pin_mux.c.obj
 .text.IOMUXC_SetPinMux
                0x00000000000016f6       0x3a CMakeFiles/freertos_hello.elf.dir/project/board/pin_mux.c.obj
 .text.IOMUXC_SetPinConfig
                0x0000000000001730       0x26 CMakeFiles/freertos_hello.elf.dir/project/board/pin_mux.c.obj
 .text.BOARD_InitBootPins
                0x0000000000001756        0xc CMakeFiles/freertos_hello.elf.dir/project/board/pin_mux.c.obj
                0x0000000000001756                BOARD_InitBootPins
 *fill*         0x0000000000001762        0x2 
 .text.BOARD_InitPins
                0x0000000000001764       0x78 CMakeFiles/freertos_hello.elf.dir/project/board/pin_mux.c.obj
                0x0000000000001764                BOARD_InitPins
 .text.HAL_UartGetStatus
                0x00000000000017dc       0x28 CMakeFiles/freertos_hello.elf.dir/project/sdk/components/uart/fsl_adapter_lpuart.c.obj
 .text.HAL_UartInitCommon
                0x0000000000001804       0xe0 CMakeFiles/freertos_hello.elf.dir/project/sdk/components/uart/fsl_adapter_lpuart.c.obj
 .text.HAL_UartInit
                0x00000000000018e4       0xac CMakeFiles/freertos_hello.elf.dir/project/sdk/components/uart/fsl_adapter_lpuart.c.obj
                0x00000000000018e4                HAL_UartInit
 .text.HAL_UartSendBlocking
                0x0000000000001990       0x84 CMakeFiles/freertos_hello.elf.dir/project/sdk/components/uart/fsl_adapter_lpuart.c.obj
                0x0000000000001990                HAL_UartSendBlocking
 .text.DisableGlobalIRQ
                0x0000000000001a14       0x22 CMakeFiles/freertos_hello.elf.dir/project/sdk/components/serial_manager/fsl_component_serial_manager.c.obj
 .text.EnableGlobalIRQ
                0x0000000000001a36       0x20 CMakeFiles/freertos_hello.elf.dir/project/sdk/components/serial_manager/fsl_component_serial_manager.c.obj
 .text.SerialManager_StartWriting
                0x0000000000001a56       0x38 CMakeFiles/freertos_hello.elf.dir/project/sdk/components/serial_manager/fsl_component_serial_manager.c.obj
 .text.SerialManager_Write
                0x0000000000001a8e       0x44 CMakeFiles/freertos_hello.elf.dir/project/sdk/components/serial_manager/fsl_component_serial_manager.c.obj
 .text.SerialManager_Init
                0x0000000000001ad2       0x60 CMakeFiles/freertos_hello.elf.dir/project/sdk/components/serial_manager/fsl_component_serial_manager.c.obj
                0x0000000000001ad2                SerialManager_Init
 .text.SerialManager_OpenWriteHandle
                0x0000000000001b32       0x50 CMakeFiles/freertos_hello.elf.dir/project/sdk/components/serial_manager/fsl_component_serial_manager.c.obj
                0x0000000000001b32                SerialManager_OpenWriteHandle
 .text.SerialManager_OpenReadHandle
                0x0000000000001b82       0x60 CMakeFiles/freertos_hello.elf.dir/project/sdk/components/serial_manager/fsl_component_serial_manager.c.obj
                0x0000000000001b82                SerialManager_OpenReadHandle
 .text.SerialManager_WriteBlocking
                0x0000000000001be2       0x20 CMakeFiles/freertos_hello.elf.dir/project/sdk/components/serial_manager/fsl_component_serial_manager.c.obj
                0x0000000000001be2                SerialManager_WriteBlocking
 .text.Serial_UartInit
                0x0000000000001c02       0x3e CMakeFiles/freertos_hello.elf.dir/project/sdk/components/serial_manager/fsl_component_serial_port_uart.c.obj
                0x0000000000001c02                Serial_UartInit
 .text.Serial_UartWrite
                0x0000000000001c40       0x38 CMakeFiles/freertos_hello.elf.dir/project/sdk/components/serial_manager/fsl_component_serial_port_uart.c.obj
                0x0000000000001c40                Serial_UartWrite
 .text.SystemInit
                0x0000000000001c78      0x138 CMakeFiles/freertos_hello.elf.dir/project/sdk/devices/MIMXRT1021/system_MIMXRT1021.c.obj
                0x0000000000001c78                SystemInit
 .text.SystemInitHook
                0x0000000000001db0        0xe CMakeFiles/freertos_hello.elf.dir/project/sdk/devices/MIMXRT1021/system_MIMXRT1021.c.obj
                0x0000000000001db0                SystemInitHook
 *fill*         0x0000000000001dbe        0x2 
 .text.CLOCK_GetOscFreq
                0x0000000000001dc0       0x30 CMakeFiles/freertos_hello.elf.dir/project/sdk/devices/MIMXRT1021/drivers/fsl_clock.c.obj
 .text.CLOCK_IsPllBypassed
                0x0000000000001df0       0x32 CMakeFiles/freertos_hello.elf.dir/project/sdk/devices/MIMXRT1021/drivers/fsl_clock.c.obj
 .text.CLOCK_IsPllEnabled
                0x0000000000001e22       0x3c CMakeFiles/freertos_hello.elf.dir/project/sdk/devices/MIMXRT1021/drivers/fsl_clock.c.obj
 .text.CLOCK_GetPllBypassRefClk
                0x0000000000001e5e       0x34 CMakeFiles/freertos_hello.elf.dir/project/sdk/devices/MIMXRT1021/drivers/fsl_clock.c.obj
 *fill*         0x0000000000001e92        0x2 
 .text.CLOCK_InitExternalClk
                0x0000000000001e94       0x78 CMakeFiles/freertos_hello.elf.dir/project/sdk/devices/MIMXRT1021/drivers/fsl_clock.c.obj
                0x0000000000001e94                CLOCK_InitExternalClk
 .text.CLOCK_SwitchOsc
                0x0000000000001f0c       0x34 CMakeFiles/freertos_hello.elf.dir/project/sdk/devices/MIMXRT1021/drivers/fsl_clock.c.obj
                0x0000000000001f0c                CLOCK_SwitchOsc
 .text.CLOCK_InitRcOsc24M
                0x0000000000001f40       0x24 CMakeFiles/freertos_hello.elf.dir/project/sdk/devices/MIMXRT1021/drivers/fsl_clock.c.obj
                0x0000000000001f40                CLOCK_InitRcOsc24M
 .text.CLOCK_InitSysPll
                0x0000000000001f64       0x9c CMakeFiles/freertos_hello.elf.dir/project/sdk/devices/MIMXRT1021/drivers/fsl_clock.c.obj
                0x0000000000001f64                CLOCK_InitSysPll
 .text.CLOCK_InitUsb1Pll
                0x0000000000002000       0x68 CMakeFiles/freertos_hello.elf.dir/project/sdk/devices/MIMXRT1021/drivers/fsl_clock.c.obj
                0x0000000000002000                CLOCK_InitUsb1Pll
 .text.CLOCK_DeinitAudioPll
                0x0000000000002068       0x1c CMakeFiles/freertos_hello.elf.dir/project/sdk/devices/MIMXRT1021/drivers/fsl_clock.c.obj
                0x0000000000002068                CLOCK_DeinitAudioPll
 .text.CLOCK_InitEnetPll
                0x0000000000002084       0xa4 CMakeFiles/freertos_hello.elf.dir/project/sdk/devices/MIMXRT1021/drivers/fsl_clock.c.obj
                0x0000000000002084                CLOCK_InitEnetPll
 .text.CLOCK_GetPllFreq
                0x0000000000002128      0x280 CMakeFiles/freertos_hello.elf.dir/project/sdk/devices/MIMXRT1021/drivers/fsl_clock.c.obj
                0x0000000000002128                CLOCK_GetPllFreq
 .text.CLOCK_InitSysPfd
                0x00000000000023a8       0x64 CMakeFiles/freertos_hello.elf.dir/project/sdk/devices/MIMXRT1021/drivers/fsl_clock.c.obj
                0x00000000000023a8                CLOCK_InitSysPfd
 .text.CLOCK_InitUsb1Pfd
                0x000000000000240c       0x64 CMakeFiles/freertos_hello.elf.dir/project/sdk/devices/MIMXRT1021/drivers/fsl_clock.c.obj
                0x000000000000240c                CLOCK_InitUsb1Pfd
 .text.GPIO_PinWrite
                0x0000000000002470       0x54 CMakeFiles/freertos_hello.elf.dir/project/sdk/devices/MIMXRT1021/drivers/fsl_gpio.c.obj
                0x0000000000002470                GPIO_PinWrite
 .text._SDK_AtomicLocalClearAndSet4Byte
                0x00000000000024c4       0x50 CMakeFiles/freertos_hello.elf.dir/project/sdk/devices/MIMXRT1021/drivers/fsl_lpuart.c.obj
 .text.CLOCK_ControlGate
                0x0000000000002514       0x70 CMakeFiles/freertos_hello.elf.dir/project/sdk/devices/MIMXRT1021/drivers/fsl_lpuart.c.obj
 .text.CLOCK_EnableClock
                0x0000000000002584       0x1e CMakeFiles/freertos_hello.elf.dir/project/sdk/devices/MIMXRT1021/drivers/fsl_lpuart.c.obj
 .text.LPUART_SoftwareReset
                0x00000000000025a2       0x2c CMakeFiles/freertos_hello.elf.dir/project/sdk/devices/MIMXRT1021/drivers/fsl_lpuart.c.obj
 *fill*         0x00000000000025ce        0x2 
 .text.LPUART_GetInstance
                0x00000000000025d0       0x58 CMakeFiles/freertos_hello.elf.dir/project/sdk/devices/MIMXRT1021/drivers/fsl_lpuart.c.obj
                0x00000000000025d0                LPUART_GetInstance
 .text.LPUART_Init
                0x0000000000002628      0x348 CMakeFiles/freertos_hello.elf.dir/project/sdk/devices/MIMXRT1021/drivers/fsl_lpuart.c.obj
                0x0000000000002628                LPUART_Init
 .text.LPUART_GetDefaultConfig
                0x0000000000002970       0x98 CMakeFiles/freertos_hello.elf.dir/project/sdk/devices/MIMXRT1021/drivers/fsl_lpuart.c.obj
                0x0000000000002970                LPUART_GetDefaultConfig
 .text.LPUART_WriteBlocking
                0x0000000000002a08       0x78 CMakeFiles/freertos_hello.elf.dir/project/sdk/devices/MIMXRT1021/drivers/fsl_lpuart.c.obj
                0x0000000000002a08                LPUART_WriteBlocking
 .text.LPUART1_DriverIRQHandler
                0x0000000000002a80       0x28 CMakeFiles/freertos_hello.elf.dir/project/sdk/devices/MIMXRT1021/drivers/fsl_lpuart.c.obj
                0x0000000000002a80                LPUART1_DriverIRQHandler
 .text.LPUART2_DriverIRQHandler
                0x0000000000002aa8       0x28 CMakeFiles/freertos_hello.elf.dir/project/sdk/devices/MIMXRT1021/drivers/fsl_lpuart.c.obj
                0x0000000000002aa8                LPUART2_DriverIRQHandler
 .text.LPUART3_DriverIRQHandler
                0x0000000000002ad0       0x28 CMakeFiles/freertos_hello.elf.dir/project/sdk/devices/MIMXRT1021/drivers/fsl_lpuart.c.obj
                0x0000000000002ad0                LPUART3_DriverIRQHandler
 .text.LPUART4_DriverIRQHandler
                0x0000000000002af8       0x28 CMakeFiles/freertos_hello.elf.dir/project/sdk/devices/MIMXRT1021/drivers/fsl_lpuart.c.obj
                0x0000000000002af8                LPUART4_DriverIRQHandler
 .text.LPUART5_DriverIRQHandler
                0x0000000000002b20       0x28 CMakeFiles/freertos_hello.elf.dir/project/sdk/devices/MIMXRT1021/drivers/fsl_lpuart.c.obj
                0x0000000000002b20                LPUART5_DriverIRQHandler
 .text.LPUART6_DriverIRQHandler
                0x0000000000002b48       0x28 CMakeFiles/freertos_hello.elf.dir/project/sdk/devices/MIMXRT1021/drivers/fsl_lpuart.c.obj
                0x0000000000002b48                LPUART6_DriverIRQHandler
 .text.LPUART7_DriverIRQHandler
                0x0000000000002b70       0x28 CMakeFiles/freertos_hello.elf.dir/project/sdk/devices/MIMXRT1021/drivers/fsl_lpuart.c.obj
                0x0000000000002b70                LPUART7_DriverIRQHandler
 .text.LPUART8_DriverIRQHandler
                0x0000000000002b98       0x28 CMakeFiles/freertos_hello.elf.dir/project/sdk/devices/MIMXRT1021/drivers/fsl_lpuart.c.obj
                0x0000000000002b98                LPUART8_DriverIRQHandler
 .text.vListInitialise
                0x0000000000002bc0       0x40 CMakeFiles/freertos_hello.elf.dir/project/sdk/rtos/freertos/freertos-kernel/list.c.obj
                0x0000000000002bc0                vListInitialise
 .text.vListInitialiseItem
                0x0000000000002c00       0x1a CMakeFiles/freertos_hello.elf.dir/project/sdk/rtos/freertos/freertos-kernel/list.c.obj
                0x0000000000002c00                vListInitialiseItem
 .text.vListInsert
                0x0000000000002c1a       0x72 CMakeFiles/freertos_hello.elf.dir/project/sdk/rtos/freertos/freertos-kernel/list.c.obj
                0x0000000000002c1a                vListInsert
 .text.uxListRemove
                0x0000000000002c8c       0x54 CMakeFiles/freertos_hello.elf.dir/project/sdk/rtos/freertos/freertos-kernel/list.c.obj
                0x0000000000002c8c                uxListRemove
 .text.xQueueGenericReset
                0x0000000000002ce0      0x124 CMakeFiles/freertos_hello.elf.dir/project/sdk/rtos/freertos/freertos-kernel/queue.c.obj
                0x0000000000002ce0                xQueueGenericReset
 .text.xQueueGenericCreate
                0x0000000000002e04       0x9e CMakeFiles/freertos_hello.elf.dir/project/sdk/rtos/freertos/freertos-kernel/queue.c.obj
                0x0000000000002e04                xQueueGenericCreate
 .text.prvInitialiseNewQueue
                0x0000000000002ea2       0x46 CMakeFiles/freertos_hello.elf.dir/project/sdk/rtos/freertos/freertos-kernel/queue.c.obj
 .text.xQueueReceive
                0x0000000000002ee8      0x1c4 CMakeFiles/freertos_hello.elf.dir/project/sdk/rtos/freertos/freertos-kernel/queue.c.obj
                0x0000000000002ee8                xQueueReceive
 .text.prvCopyDataFromQueue
                0x00000000000030ac       0x4c CMakeFiles/freertos_hello.elf.dir/project/sdk/rtos/freertos/freertos-kernel/queue.c.obj
 .text.prvUnlockQueue
                0x00000000000030f8       0xa4 CMakeFiles/freertos_hello.elf.dir/project/sdk/rtos/freertos/freertos-kernel/queue.c.obj
 .text.prvIsQueueEmpty
                0x000000000000319c       0x2c CMakeFiles/freertos_hello.elf.dir/project/sdk/rtos/freertos/freertos-kernel/queue.c.obj
 .text.vQueueAddToRegistry
                0x00000000000031c8       0xa0 CMakeFiles/freertos_hello.elf.dir/project/sdk/rtos/freertos/freertos-kernel/queue.c.obj
                0x00000000000031c8                vQueueAddToRegistry
 .text.vQueueWaitForMessageRestricted
                0x0000000000003268       0x68 CMakeFiles/freertos_hello.elf.dir/project/sdk/rtos/freertos/freertos-kernel/queue.c.obj
                0x0000000000003268                vQueueWaitForMessageRestricted
 .text.xTaskCreate
                0x00000000000032d0       0x8c CMakeFiles/freertos_hello.elf.dir/project/sdk/rtos/freertos/freertos-kernel/tasks.c.obj
                0x00000000000032d0                xTaskCreate
 .text.prvInitialiseNewTask
                0x000000000000335c      0x126 CMakeFiles/freertos_hello.elf.dir/project/sdk/rtos/freertos/freertos-kernel/tasks.c.obj
 *fill*         0x0000000000003482        0x2 
 .text.prvAddNewTaskToReadyList
                0x0000000000003484      0x12c CMakeFiles/freertos_hello.elf.dir/project/sdk/rtos/freertos/freertos-kernel/tasks.c.obj
 .text.vTaskDelay
                0x00000000000035b0       0x6c CMakeFiles/freertos_hello.elf.dir/project/sdk/rtos/freertos/freertos-kernel/tasks.c.obj
                0x00000000000035b0                vTaskDelay
 .text.vTaskStartScheduler
                0x000000000000361c       0xa4 CMakeFiles/freertos_hello.elf.dir/project/sdk/rtos/freertos/freertos-kernel/tasks.c.obj
                0x000000000000361c                vTaskStartScheduler
 .text.vTaskSuspendAll
                0x00000000000036c0       0x1c CMakeFiles/freertos_hello.elf.dir/project/sdk/rtos/freertos/freertos-kernel/tasks.c.obj
                0x00000000000036c0                vTaskSuspendAll
 .text.xTaskResumeAll
                0x00000000000036dc      0x1f8 CMakeFiles/freertos_hello.elf.dir/project/sdk/rtos/freertos/freertos-kernel/tasks.c.obj
                0x00000000000036dc                xTaskResumeAll
 .text.xTaskGetTickCount
                0x00000000000038d4       0x20 CMakeFiles/freertos_hello.elf.dir/project/sdk/rtos/freertos/freertos-kernel/tasks.c.obj
                0x00000000000038d4                xTaskGetTickCount
 .text.xTaskIncrementTick
                0x00000000000038f4      0x214 CMakeFiles/freertos_hello.elf.dir/project/sdk/rtos/freertos/freertos-kernel/tasks.c.obj
                0x00000000000038f4                xTaskIncrementTick
 .text.vTaskSwitchContext
                0x0000000000003b08       0xb8 CMakeFiles/freertos_hello.elf.dir/project/sdk/rtos/freertos/freertos-kernel/tasks.c.obj
                0x0000000000003b08                vTaskSwitchContext
 .text.vTaskPlaceOnEventList
                0x0000000000003bc0       0x4c CMakeFiles/freertos_hello.elf.dir/project/sdk/rtos/freertos/freertos-kernel/tasks.c.obj
                0x0000000000003bc0                vTaskPlaceOnEventList
 .text.vTaskPlaceOnEventListRestricted
                0x0000000000003c0c       0x8c CMakeFiles/freertos_hello.elf.dir/project/sdk/rtos/freertos/freertos-kernel/tasks.c.obj
                0x0000000000003c0c                vTaskPlaceOnEventListRestricted
 .text.xTaskRemoveFromEventList
                0x0000000000003c98      0x1b0 CMakeFiles/freertos_hello.elf.dir/project/sdk/rtos/freertos/freertos-kernel/tasks.c.obj
                0x0000000000003c98                xTaskRemoveFromEventList
 .text.vTaskInternalSetTimeOutState
                0x0000000000003e48       0x2c CMakeFiles/freertos_hello.elf.dir/project/sdk/rtos/freertos/freertos-kernel/tasks.c.obj
                0x0000000000003e48                vTaskInternalSetTimeOutState
 .text.xTaskCheckForTimeOut
                0x0000000000003e74       0xd0 CMakeFiles/freertos_hello.elf.dir/project/sdk/rtos/freertos/freertos-kernel/tasks.c.obj
                0x0000000000003e74                xTaskCheckForTimeOut
 .text.vTaskMissedYield
                0x0000000000003f44       0x18 CMakeFiles/freertos_hello.elf.dir/project/sdk/rtos/freertos/freertos-kernel/tasks.c.obj
                0x0000000000003f44                vTaskMissedYield
 .text.prvIdleTask
                0x0000000000003f5c       0x30 CMakeFiles/freertos_hello.elf.dir/project/sdk/rtos/freertos/freertos-kernel/tasks.c.obj
 .text.prvInitialiseTaskLists
                0x0000000000003f8c       0x80 CMakeFiles/freertos_hello.elf.dir/project/sdk/rtos/freertos/freertos-kernel/tasks.c.obj
 .text.prvCheckTasksWaitingTermination
                0x000000000000400c       0x5c CMakeFiles/freertos_hello.elf.dir/project/sdk/rtos/freertos/freertos-kernel/tasks.c.obj
 .text.prvDeleteTCB
                0x0000000000004068       0x20 CMakeFiles/freertos_hello.elf.dir/project/sdk/rtos/freertos/freertos-kernel/tasks.c.obj
 .text.prvResetNextTaskUnblockTime
                0x0000000000004088       0x38 CMakeFiles/freertos_hello.elf.dir/project/sdk/rtos/freertos/freertos-kernel/tasks.c.obj
 .text.xTaskGetSchedulerState
                0x00000000000040c0       0x3c CMakeFiles/freertos_hello.elf.dir/project/sdk/rtos/freertos/freertos-kernel/tasks.c.obj
                0x00000000000040c0                xTaskGetSchedulerState
 .text.prvAddCurrentTaskToDelayedList
                0x00000000000040fc      0x100 CMakeFiles/freertos_hello.elf.dir/project/sdk/rtos/freertos/freertos-kernel/tasks.c.obj
 .text.xTimerCreateTimerTask
                0x00000000000041fc       0x64 CMakeFiles/freertos_hello.elf.dir/project/sdk/rtos/freertos/freertos-kernel/timers.c.obj
                0x00000000000041fc                xTimerCreateTimerTask
 .text.prvReloadTimer
                0x0000000000004260       0x42 CMakeFiles/freertos_hello.elf.dir/project/sdk/rtos/freertos/freertos-kernel/timers.c.obj
 *fill*         0x00000000000042a2        0x2 
 .text.prvProcessExpiredTimer
                0x00000000000042a4       0x60 CMakeFiles/freertos_hello.elf.dir/project/sdk/rtos/freertos/freertos-kernel/timers.c.obj
 .text.prvTimerTask
                0x0000000000004304       0x26 CMakeFiles/freertos_hello.elf.dir/project/sdk/rtos/freertos/freertos-kernel/timers.c.obj
 *fill*         0x000000000000432a        0x2 
 .text.prvProcessTimerOrBlockTask
                0x000000000000432c       0x9c CMakeFiles/freertos_hello.elf.dir/project/sdk/rtos/freertos/freertos-kernel/timers.c.obj
 .text.prvGetNextExpireTime
                0x00000000000043c8       0x48 CMakeFiles/freertos_hello.elf.dir/project/sdk/rtos/freertos/freertos-kernel/timers.c.obj
 .text.prvSampleTimeNow
                0x0000000000004410       0x40 CMakeFiles/freertos_hello.elf.dir/project/sdk/rtos/freertos/freertos-kernel/timers.c.obj
 .text.prvInsertTimerInActiveList
                0x0000000000004450       0x84 CMakeFiles/freertos_hello.elf.dir/project/sdk/rtos/freertos/freertos-kernel/timers.c.obj
 .text.prvProcessReceivedCommands
                0x00000000000044d4      0x1bc CMakeFiles/freertos_hello.elf.dir/project/sdk/rtos/freertos/freertos-kernel/timers.c.obj
 .text.prvSwitchTimerLists
                0x0000000000004690       0x4c CMakeFiles/freertos_hello.elf.dir/project/sdk/rtos/freertos/freertos-kernel/timers.c.obj
 .text.prvCheckForValidListAndQueue
                0x00000000000046dc       0x6c CMakeFiles/freertos_hello.elf.dir/project/sdk/rtos/freertos/freertos-kernel/timers.c.obj
 .text.pxPortInitialiseStack
                0x0000000000004748       0x68 CMakeFiles/freertos_hello.elf.dir/project/sdk/rtos/freertos/freertos-kernel/portable/GCC/ARM_CM4F/port.c.obj
                0x0000000000004748                pxPortInitialiseStack
 .text.prvTaskExitError
                0x00000000000047b0       0x5c CMakeFiles/freertos_hello.elf.dir/project/sdk/rtos/freertos/freertos-kernel/portable/GCC/ARM_CM4F/port.c.obj
 *fill*         0x000000000000480c        0x4 
 .text.SVC_Handler
                0x0000000000004810       0x28 CMakeFiles/freertos_hello.elf.dir/project/sdk/rtos/freertos/freertos-kernel/portable/GCC/ARM_CM4F/port.c.obj
                0x0000000000004810                SVC_Handler
 .text.prvPortStartFirstTask
                0x0000000000004838       0x2c CMakeFiles/freertos_hello.elf.dir/project/sdk/rtos/freertos/freertos-kernel/portable/GCC/ARM_CM4F/port.c.obj
 .text.xPortStartScheduler
                0x0000000000004864      0x148 CMakeFiles/freertos_hello.elf.dir/project/sdk/rtos/freertos/freertos-kernel/portable/GCC/ARM_CM4F/port.c.obj
                0x0000000000004864                xPortStartScheduler
 .text.vPortEnterCritical
                0x00000000000049ac       0x64 CMakeFiles/freertos_hello.elf.dir/project/sdk/rtos/freertos/freertos-kernel/portable/GCC/ARM_CM4F/port.c.obj
                0x00000000000049ac                vPortEnterCritical
 .text.vPortExitCritical
                0x0000000000004a10       0x54 CMakeFiles/freertos_hello.elf.dir/project/sdk/rtos/freertos/freertos-kernel/portable/GCC/ARM_CM4F/port.c.obj
                0x0000000000004a10                vPortExitCritical
 *fill*         0x0000000000004a64        0xc 
 .text.PendSV_Handler
                0x0000000000004a70       0x68 CMakeFiles/freertos_hello.elf.dir/project/sdk/rtos/freertos/freertos-kernel/portable/GCC/ARM_CM4F/port.c.obj
                0x0000000000004a70                PendSV_Handler
 .text.SysTick_Handler
                0x0000000000004ad8       0x44 CMakeFiles/freertos_hello.elf.dir/project/sdk/rtos/freertos/freertos-kernel/portable/GCC/ARM_CM4F/port.c.obj
                0x0000000000004ad8                SysTick_Handler
 .text.vPortSetupTimerInterrupt
                0x0000000000004b1c       0x48 CMakeFiles/freertos_hello.elf.dir/project/sdk/rtos/freertos/freertos-kernel/portable/GCC/ARM_CM4F/port.c.obj
                0x0000000000004b1c                vPortSetupTimerInterrupt
 .text.vPortEnableVFP
                0x0000000000004b64       0x18 CMakeFiles/freertos_hello.elf.dir/project/sdk/rtos/freertos/freertos-kernel/portable/GCC/ARM_CM4F/port.c.obj
 .text.pvPortMalloc
                0x0000000000004b7c      0x178 CMakeFiles/freertos_hello.elf.dir/project/sdk/rtos/freertos/freertos-kernel/portable/MemMang/heap_4.c.obj
                0x0000000000004b7c                pvPortMalloc
 .text.vPortFree
                0x0000000000004cf4       0xbc CMakeFiles/freertos_hello.elf.dir/project/sdk/rtos/freertos/freertos-kernel/portable/MemMang/heap_4.c.obj
                0x0000000000004cf4                vPortFree
 .text.prvHeapInit
                0x0000000000004db0       0xb8 CMakeFiles/freertos_hello.elf.dir/project/sdk/rtos/freertos/freertos-kernel/portable/MemMang/heap_4.c.obj
 .text.prvInsertBlockIntoFreeList
                0x0000000000004e68       0xb4 CMakeFiles/freertos_hello.elf.dir/project/sdk/rtos/freertos/freertos-kernel/portable/MemMang/heap_4.c.obj
 .text.__assert_func
                0x0000000000004f1c       0x28 CMakeFiles/freertos_hello.elf.dir/project/sdk/devices/MIMXRT1021/utilities/fsl_assert.c.obj
                0x0000000000004f1c                __assert_func
 .text.PrintGetWidth
                0x0000000000004f44       0x6a CMakeFiles/freertos_hello.elf.dir/project/sdk/devices/MIMXRT1021/utilities/str/fsl_str.c.obj
 .text.PrintGetPrecision
                0x0000000000004fae       0x8c CMakeFiles/freertos_hello.elf.dir/project/sdk/devices/MIMXRT1021/utilities/str/fsl_str.c.obj
 .text.PrintIsobpu
                0x000000000000503a       0x38 CMakeFiles/freertos_hello.elf.dir/project/sdk/devices/MIMXRT1021/utilities/str/fsl_str.c.obj
 .text.PrintIsdi
                0x0000000000005072       0x2c CMakeFiles/freertos_hello.elf.dir/project/sdk/devices/MIMXRT1021/utilities/str/fsl_str.c.obj
 .text.PrintOutputdifFobpu
                0x000000000000509e       0x44 CMakeFiles/freertos_hello.elf.dir/project/sdk/devices/MIMXRT1021/utilities/str/fsl_str.c.obj
 .text.PrintOutputxX
                0x00000000000050e2       0x44 CMakeFiles/freertos_hello.elf.dir/project/sdk/devices/MIMXRT1021/utilities/str/fsl_str.c.obj
 .text.PrintIsfF
                0x0000000000005126       0x2c CMakeFiles/freertos_hello.elf.dir/project/sdk/devices/MIMXRT1021/utilities/str/fsl_str.c.obj
 .text.PrintIsxX
                0x0000000000005152       0x2c CMakeFiles/freertos_hello.elf.dir/project/sdk/devices/MIMXRT1021/utilities/str/fsl_str.c.obj
 .text.PrintFilterLengthFlag
                0x000000000000517e       0x3e CMakeFiles/freertos_hello.elf.dir/project/sdk/devices/MIMXRT1021/utilities/str/fsl_str.c.obj
 .text.PrintGetRadixFromobpu
                0x00000000000051bc       0x40 CMakeFiles/freertos_hello.elf.dir/project/sdk/devices/MIMXRT1021/utilities/str/fsl_str.c.obj
 .text.ConvertRadixNumToString
                0x00000000000051fc       0xc2 CMakeFiles/freertos_hello.elf.dir/project/sdk/devices/MIMXRT1021/utilities/str/fsl_str.c.obj
 .text.StrFormatPrintf
                0x00000000000052be      0x2ac CMakeFiles/freertos_hello.elf.dir/project/sdk/devices/MIMXRT1021/utilities/str/fsl_str.c.obj
                0x00000000000052be                StrFormatPrintf
 *fill*         0x000000000000556a        0x2 
 .text.DbgConsole_SendDataReliable
                0x000000000000556c       0x54 CMakeFiles/freertos_hello.elf.dir/project/sdk/devices/MIMXRT1021/utilities/debug_console/fsl_debug_console.c.obj
                0x000000000000556c                DbgConsole_SendDataReliable
 .text.DbgConsole_PrintCallback
                0x00000000000055c0       0x66 CMakeFiles/freertos_hello.elf.dir/project/sdk/devices/MIMXRT1021/utilities/debug_console/fsl_debug_console.c.obj
 *fill*         0x0000000000005626        0x2 
 .text.DbgConsole_Init
                0x0000000000005628      0x138 CMakeFiles/freertos_hello.elf.dir/project/sdk/devices/MIMXRT1021/utilities/debug_console/fsl_debug_console.c.obj
                0x0000000000005628                DbgConsole_Init
 .text.DbgConsole_Printf
                0x0000000000005760       0x2c CMakeFiles/freertos_hello.elf.dir/project/sdk/devices/MIMXRT1021/utilities/debug_console/fsl_debug_console.c.obj
                0x0000000000005760                DbgConsole_Printf
 .text.DbgConsole_Vprintf
                0x000000000000578c       0x6c CMakeFiles/freertos_hello.elf.dir/project/sdk/devices/MIMXRT1021/utilities/debug_console/fsl_debug_console.c.obj
                0x000000000000578c                DbgConsole_Vprintf
 .text.exit     0x00000000000057f8       0x24 /opt/arm/arm-gnu-toolchain-12.2.rel1-x86_64-arm-none-eabi/bin/../lib/gcc/arm-none-eabi/12.2.1/../../../../arm-none-eabi/lib/thumb/v7e-m+dp/hard/libc_nano.a(libc_a-exit.o)
                0x00000000000057f8                exit
 .text.__libc_init_array
                0x000000000000581c       0x48 /opt/arm/arm-gnu-toolchain-12.2.rel1-x86_64-arm-none-eabi/bin/../lib/gcc/arm-none-eabi/12.2.1/../../../../arm-none-eabi/lib/thumb/v7e-m+dp/hard/libc_nano.a(libc_a-init.o)
                0x000000000000581c                __libc_init_array
 .text.memset   0x0000000000005864       0x10 /opt/arm/arm-gnu-toolchain-12.2.rel1-x86_64-arm-none-eabi/bin/../lib/gcc/arm-none-eabi/12.2.1/../../../../arm-none-eabi/lib/thumb/v7e-m+dp/hard/libc_nano.a(libc_a-memset.o)
                0x0000000000005864                memset
 .text._exit    0x0000000000005874        0x4 /opt/arm/arm-gnu-toolchain-12.2.rel1-x86_64-arm-none-eabi/bin/../lib/gcc/arm-none-eabi/12.2.1/../../../../arm-none-eabi/lib/thumb/v7e-m+dp/hard/libnosys.a(_exit.o)
                0x0000000000005874                _exit
 *(.rodata)
 .rodata        0x0000000000005878       0x37 CMakeFiles/freertos_hello.elf.dir/project/src/freertos_hello.c.obj
 *fill*         0x00000000000058af        0x1 
 .rodata        0x00000000000058b0       0x53 CMakeFiles/freertos_hello.elf.dir/project/board/board.c.obj
 *fill*         0x0000000000005903        0x1 
 .rodata        0x0000000000005904       0x65 CMakeFiles/freertos_hello.elf.dir/project/board/clock_config.c.obj
 *fill*         0x0000000000005969        0x3 
 .rodata        0x000000000000596c       0x46 CMakeFiles/freertos_hello.elf.dir/project/board/pin_mux.c.obj
 *fill*         0x00000000000059b2        0x2 
 .rodata        0x00000000000059b4       0xf8 CMakeFiles/freertos_hello.elf.dir/project/sdk/components/uart/fsl_adapter_lpuart.c.obj
 .rodata        0x0000000000005aac       0x6e CMakeFiles/freertos_hello.elf.dir/project/sdk/devices/MIMXRT1021/drivers/fsl_clock.c.obj
 *fill*         0x0000000000005b1a        0x2 
 .rodata        0x0000000000005b1c       0xa6 CMakeFiles/freertos_hello.elf.dir/project/sdk/devices/MIMXRT1021/drivers/fsl_gpio.c.obj
 *fill*         0x0000000000005bc2        0x2 
 .rodata        0x0000000000005bc4      0x232 CMakeFiles/freertos_hello.elf.dir/project/sdk/devices/MIMXRT1021/drivers/fsl_lpuart.c.obj
 *fill*         0x0000000000005df6        0x2 
 .rodata        0x0000000000005df8       0x24 CMakeFiles/freertos_hello.elf.dir/project/sdk/rtos/freertos/freertos-kernel/tasks.c.obj
                0x0000000000005e00                portArch_Name
                0x0000000000005e04                FreeRTOSDebugConfig
 .rodata        0x0000000000005e1c        0xd CMakeFiles/freertos_hello.elf.dir/project/sdk/rtos/freertos/freertos-kernel/timers.c.obj
 *fill*         0x0000000000005e29        0x3 
 .rodata        0x0000000000005e2c       0x3e CMakeFiles/freertos_hello.elf.dir/project/sdk/devices/MIMXRT1021/utilities/fsl_assert.c.obj
 *(.rodata*)
 *fill*         0x0000000000005e6a        0x2 
 .rodata.__func__.0
                0x0000000000005e6c       0x10 CMakeFiles/freertos_hello.elf.dir/project/board/board.c.obj
 .rodata.sysPllConfig_BOARD_BootClockRUN
                0x0000000000005e7c       0x14 CMakeFiles/freertos_hello.elf.dir/project/board/clock_config.c.obj
                0x0000000000005e7c                sysPllConfig_BOARD_BootClockRUN
 .rodata.usb1PllConfig_BOARD_BootClockRUN
                0x0000000000005e90        0x2 CMakeFiles/freertos_hello.elf.dir/project/board/clock_config.c.obj
                0x0000000000005e90                usb1PllConfig_BOARD_BootClockRUN
 *fill*         0x0000000000005e92        0x2 
 .rodata.enetPllConfig_BOARD_BootClockRUN
                0x0000000000005e94        0x5 CMakeFiles/freertos_hello.elf.dir/project/board/clock_config.c.obj
                0x0000000000005e94                enetPllConfig_BOARD_BootClockRUN
 *fill*         0x0000000000005e99        0x3 
 .rodata.__func__.2
                0x0000000000005e9c       0x12 CMakeFiles/freertos_hello.elf.dir/project/board/clock_config.c.obj
 *fill*         0x0000000000005eae        0x2 
 .rodata.__func__.1
                0x0000000000005eb0        0xd CMakeFiles/freertos_hello.elf.dir/project/board/clock_config.c.obj
 *fill*         0x0000000000005ebd        0x3 
 .rodata.__func__.0
                0x0000000000005ec0        0xd CMakeFiles/freertos_hello.elf.dir/project/board/clock_config.c.obj
 *fill*         0x0000000000005ecd        0x3 
 .rodata.__func__.0
                0x0000000000005ed0       0x12 CMakeFiles/freertos_hello.elf.dir/project/board/pin_mux.c.obj
 *fill*         0x0000000000005ee2        0x2 
 .rodata.s_LpuartAdapterBase
                0x0000000000005ee4       0x24 CMakeFiles/freertos_hello.elf.dir/project/sdk/components/uart/fsl_adapter_lpuart.c.obj
 .rodata.__func__.4
                0x0000000000005f08        0xd CMakeFiles/freertos_hello.elf.dir/project/sdk/components/uart/fsl_adapter_lpuart.c.obj
 *fill*         0x0000000000005f15        0x3 
 .rodata.__func__.1
                0x0000000000005f18       0x15 CMakeFiles/freertos_hello.elf.dir/project/sdk/components/uart/fsl_adapter_lpuart.c.obj
 *fill*         0x0000000000005f2d        0x3 
 .rodata.__func__.7
                0x0000000000005f30       0x16 CMakeFiles/freertos_hello.elf.dir/project/sdk/devices/MIMXRT1021/drivers/fsl_clock.c.obj
 *fill*         0x0000000000005f46        0x2 
 .rodata.__func__.1
                0x0000000000005f48       0x11 CMakeFiles/freertos_hello.elf.dir/project/sdk/devices/MIMXRT1021/drivers/fsl_clock.c.obj
 *fill*         0x0000000000005f59        0x3 
 .rodata.enetRefClkFreq.0
                0x0000000000005f5c       0x10 CMakeFiles/freertos_hello.elf.dir/project/sdk/devices/MIMXRT1021/drivers/fsl_clock.c.obj
 .rodata.__func__.0
                0x0000000000005f6c        0xe CMakeFiles/freertos_hello.elf.dir/project/sdk/devices/MIMXRT1021/drivers/fsl_gpio.c.obj
 *fill*         0x0000000000005f7a        0x2 
 .rodata.s_lpuartBases
                0x0000000000005f7c       0x24 CMakeFiles/freertos_hello.elf.dir/project/sdk/devices/MIMXRT1021/drivers/fsl_lpuart.c.obj
 .rodata.s_lpuartClock
                0x0000000000005fa0       0x12 CMakeFiles/freertos_hello.elf.dir/project/sdk/devices/MIMXRT1021/drivers/fsl_lpuart.c.obj
 *fill*         0x0000000000005fb2        0x2 
 .rodata.__func__.22
                0x0000000000005fb4       0x13 CMakeFiles/freertos_hello.elf.dir/project/sdk/devices/MIMXRT1021/drivers/fsl_lpuart.c.obj
 *fill*         0x0000000000005fc7        0x1 
 .rodata.__func__.17
                0x0000000000005fc8        0xc CMakeFiles/freertos_hello.elf.dir/project/sdk/devices/MIMXRT1021/drivers/fsl_lpuart.c.obj
 .rodata.__func__.16
                0x0000000000005fd4       0x12 CMakeFiles/freertos_hello.elf.dir/project/sdk/devices/MIMXRT1021/drivers/fsl_lpuart.c.obj
 *fill*         0x0000000000005fe6        0x2 
 .rodata.__func__.15
                0x0000000000005fe8       0x18 CMakeFiles/freertos_hello.elf.dir/project/sdk/devices/MIMXRT1021/drivers/fsl_lpuart.c.obj
 .rodata.__func__.11
                0x0000000000006000       0x15 CMakeFiles/freertos_hello.elf.dir/project/sdk/devices/MIMXRT1021/drivers/fsl_lpuart.c.obj
 *(CodeQuickAccess)
 *(.glue_7)
 .glue_7        0x0000000000006015        0x0 linker stubs
 *(.glue_7t)
 .glue_7t       0x0000000000006015        0x0 linker stubs
 *(.eh_frame)
 *fill*         0x0000000000006015        0x3 
 .eh_frame      0x0000000000006018        0x0 /opt/arm/arm-gnu-toolchain-12.2.rel1-x86_64-arm-none-eabi/bin/../lib/gcc/arm-none-eabi/12.2.1/thumb/v7e-m+dp/hard/crtbegin.o
 *(.init)
 .init          0x0000000000006018        0x4 /opt/arm/arm-gnu-toolchain-12.2.rel1-x86_64-arm-none-eabi/bin/../lib/gcc/arm-none-eabi/12.2.1/thumb/v7e-m+dp/hard/crti.o
                0x0000000000006018                _init
 .init          0x000000000000601c        0x8 /opt/arm/arm-gnu-toolchain-12.2.rel1-x86_64-arm-none-eabi/bin/../lib/gcc/arm-none-eabi/12.2.1/thumb/v7e-m+dp/hard/crtn.o
 *(.fini)
 .fini          0x0000000000006024        0x4 /opt/arm/arm-gnu-toolchain-12.2.rel1-x86_64-arm-none-eabi/bin/../lib/gcc/arm-none-eabi/12.2.1/thumb/v7e-m+dp/hard/crti.o
                0x0000000000006024                _fini
 .fini          0x0000000000006028        0x8 /opt/arm/arm-gnu-toolchain-12.2.rel1-x86_64-arm-none-eabi/bin/../lib/gcc/arm-none-eabi/12.2.1/thumb/v7e-m+dp/hard/crtn.o
                0x0000000000006030                . = ALIGN (0x4)

.vfp11_veneer   0x0000000000006030        0x0
 .vfp11_veneer  0x0000000000006030        0x0 linker stubs

.v4_bx          0x0000000000006030        0x0
 .v4_bx         0x0000000000006030        0x0 linker stubs

.iplt           0x0000000000006030        0x0
 .iplt          0x0000000000006030        0x0 /opt/arm/arm-gnu-toolchain-12.2.rel1-x86_64-arm-none-eabi/bin/../lib/gcc/arm-none-eabi/12.2.1/thumb/v7e-m+dp/hard/crtbegin.o

.ARM.extab
 *(.ARM.extab* .gnu.linkonce.armextab.*)

.ARM            0x0000000000006030        0x8
                0x0000000000006030                __exidx_start = .
 *(.ARM.exidx*)
 .ARM.exidx     0x0000000000006030        0x8 /opt/arm/arm-gnu-toolchain-12.2.rel1-x86_64-arm-none-eabi/bin/../lib/gcc/arm-none-eabi/12.2.1/../../../../arm-none-eabi/lib/thumb/v7e-m+dp/hard/crt0.o
                                         0x10 (size before relaxing)
                0x0000000000006038                __exidx_end = .

.rel.dyn        0x0000000000006038        0x0
 .rel.iplt      0x0000000000006038        0x0 /opt/arm/arm-gnu-toolchain-12.2.rel1-x86_64-arm-none-eabi/bin/../lib/gcc/arm-none-eabi/12.2.1/thumb/v7e-m+dp/hard/crtbegin.o

.ctors          0x0000000000006038        0x0
                0x0000000000006038                __CTOR_LIST__ = .
 *crtbegin.o(.ctors)
 *crtbegin?.o(.ctors)
 *(EXCLUDE_FILE(*crtend.o *crtend?.o) .ctors)
 *(SORT_BY_NAME(.ctors.*))
 *(.ctors)
                0x0000000000006038                __CTOR_END__ = .

.dtors          0x0000000000006038        0x0
                0x0000000000006038                __DTOR_LIST__ = .
 *crtbegin.o(.dtors)
 *crtbegin?.o(.dtors)
 *(EXCLUDE_FILE(*crtend.o *crtend?.o) .dtors)
 *(SORT_BY_NAME(.dtors.*))
 *(.dtors)
                0x0000000000006038                __DTOR_END__ = .

.preinit_array  0x0000000000006038        0x0
                0x0000000000006038                PROVIDE (__preinit_array_start = .)
 *(.preinit_array*)
                0x0000000000006038                PROVIDE (__preinit_array_end = .)

.init_array     0x0000000000006038        0x4
                0x0000000000006038                PROVIDE (__init_array_start = .)
 *(SORT_BY_NAME(.init_array.*))
 *(.init_array*)
 .init_array    0x0000000000006038        0x4 /opt/arm/arm-gnu-toolchain-12.2.rel1-x86_64-arm-none-eabi/bin/../lib/gcc/arm-none-eabi/12.2.1/thumb/v7e-m+dp/hard/crtbegin.o
                0x000000000000603c                PROVIDE (__init_array_end = .)

.fini_array     0x000000000000603c        0x4
                [!provide]                        PROVIDE (__fini_array_start = .)
 *(SORT_BY_NAME(.fini_array.*))
 *(.fini_array*)
 .fini_array    0x000000000000603c        0x4 /opt/arm/arm-gnu-toolchain-12.2.rel1-x86_64-arm-none-eabi/bin/../lib/gcc/arm-none-eabi/12.2.1/thumb/v7e-m+dp/hard/crtbegin.o
                [!provide]                        PROVIDE (__fini_array_end = .)
                0x0000000000006040                __etext = .
                0x0000000000006040                __DATA_ROM = .
                0x0000000000000000                __VECTOR_RAM = ORIGIN (m_interrupts)
                0x0000000000000000                __RAM_VECTOR_TABLE_SIZE_BYTES = 0x0

.data           0x0000000020000000        0xc load address 0x0000000000006040
                0x0000000020000000                . = ALIGN (0x4)
                0x0000000020000000                __DATA_RAM = .
                0x0000000020000000                __data_start__ = .
 *(m_usb_dma_init_data)
 *(.data)
 *(.data*)
 .data.SystemCoreClock
                0x0000000020000000        0x4 CMakeFiles/freertos_hello.elf.dir/project/sdk/devices/MIMXRT1021/system_MIMXRT1021.c.obj
                0x0000000020000000                SystemCoreClock
 .data.uxTopUsedPriority
                0x0000000020000004        0x4 CMakeFiles/freertos_hello.elf.dir/project/sdk/rtos/freertos/freertos-kernel/tasks.c.obj
                0x0000000020000004                uxTopUsedPriority
 .data.uxCriticalNesting
                0x0000000020000008        0x4 CMakeFiles/freertos_hello.elf.dir/project/sdk/rtos/freertos/freertos-kernel/portable/GCC/ARM_CM4F/port.c.obj
 *(DataQuickAccess)
 *(.jcr*)
                0x000000002000000c                . = ALIGN (0x4)
                0x000000002000000c                __data_end__ = .
                0x000000000000604c                __NDATA_ROM = (__DATA_ROM + (__data_end__ - __data_start__))

.tm_clone_table
                0x000000002000000c        0x0 load address 0x000000000000604c
 .tm_clone_table
                0x000000002000000c        0x0 /opt/arm/arm-gnu-toolchain-12.2.rel1-x86_64-arm-none-eabi/bin/../lib/gcc/arm-none-eabi/12.2.1/thumb/v7e-m+dp/hard/crtbegin.o
 .tm_clone_table
                0x000000002000000c        0x0 /opt/arm/arm-gnu-toolchain-12.2.rel1-x86_64-arm-none-eabi/bin/../lib/gcc/arm-none-eabi/12.2.1/thumb/v7e-m+dp/hard/crtend.o

.igot.plt       0x000000002000000c        0x0 load address 0x000000000000604c
 .igot.plt      0x000000002000000c        0x0 /opt/arm/arm-gnu-toolchain-12.2.rel1-x86_64-arm-none-eabi/bin/../lib/gcc/arm-none-eabi/12.2.1/thumb/v7e-m+dp/hard/crtbegin.o

.ncache.init    0x000000002000000c        0x0 load address 0x000000000000604c
                0x000000002000000c                __noncachedata_start__ = .
 *(NonCacheable.init)
                0x000000002000000c                . = ALIGN (0x4)
                0x000000002000000c                __noncachedata_init_end__ = .
                0x000000002000000c                . = __noncachedata_init_end__

.ncache         0x000000002000000c        0x0
 *(NonCacheable)
                0x000000002000000c                . = ALIGN (0x4)
                0x000000002000000c                __noncachedata_end__ = .
                0x000000000000604c                __DATA_END = (__NDATA_ROM + (__noncachedata_init_end__ - __noncachedata_start__))
                0x0000000000010000                text_end = (ORIGIN (m_text) + LENGTH (m_text))
                0x0000000000000001                ASSERT ((__DATA_END <= text_end), region m_text overflowed with text and data)

.bss            0x000000002000000c     0x2a3c load address 0x000000000000604c
                0x000000002000000c                . = ALIGN (0x4)
                0x000000002000000c                __START_BSS = .
                0x000000002000000c                __bss_start__ = .
 *(m_usb_dma_noninit_data)
 *(.bss)
 *(.bss*)
 .bss.completed.1
                0x000000002000000c        0x1 /opt/arm/arm-gnu-toolchain-12.2.rel1-x86_64-arm-none-eabi/bin/../lib/gcc/arm-none-eabi/12.2.1/thumb/v7e-m+dp/hard/crtbegin.o
 *fill*         0x000000002000000d        0x3 
 .bss.object.0  0x0000000020000010       0x18 /opt/arm/arm-gnu-toolchain-12.2.rel1-x86_64-arm-none-eabi/bin/../lib/gcc/arm-none-eabi/12.2.1/thumb/v7e-m+dp/hard/crtbegin.o
 .bss.g_xtalFreq
                0x0000000020000028        0x4 CMakeFiles/freertos_hello.elf.dir/project/sdk/devices/MIMXRT1021/drivers/fsl_clock.c.obj
                0x0000000020000028                g_xtalFreq
 .bss.g_rtcXtalFreq
                0x000000002000002c        0x4 CMakeFiles/freertos_hello.elf.dir/project/sdk/devices/MIMXRT1021/drivers/fsl_clock.c.obj
                0x000000002000002c                g_rtcXtalFreq
 .bss.s_lpuartHandle
                0x0000000020000030       0x24 CMakeFiles/freertos_hello.elf.dir/project/sdk/devices/MIMXRT1021/drivers/fsl_lpuart.c.obj
                0x0000000020000030                s_lpuartHandle
 .bss.s_lpuartIsr
                0x0000000020000054       0x24 CMakeFiles/freertos_hello.elf.dir/project/sdk/devices/MIMXRT1021/drivers/fsl_lpuart.c.obj
                0x0000000020000054                s_lpuartIsr
 .bss.xQueueRegistry
                0x0000000020000078       0x40 CMakeFiles/freertos_hello.elf.dir/project/sdk/rtos/freertos/freertos-kernel/queue.c.obj
                0x0000000020000078                xQueueRegistry
 .bss.pxCurrentTCB
                0x00000000200000b8        0x4 CMakeFiles/freertos_hello.elf.dir/project/sdk/rtos/freertos/freertos-kernel/tasks.c.obj
                0x00000000200000b8                pxCurrentTCB
 .bss.pxReadyTasksLists
                0x00000000200000bc       0x64 CMakeFiles/freertos_hello.elf.dir/project/sdk/rtos/freertos/freertos-kernel/tasks.c.obj
 .bss.xDelayedTaskList1
                0x0000000020000120       0x14 CMakeFiles/freertos_hello.elf.dir/project/sdk/rtos/freertos/freertos-kernel/tasks.c.obj
 .bss.xDelayedTaskList2
                0x0000000020000134       0x14 CMakeFiles/freertos_hello.elf.dir/project/sdk/rtos/freertos/freertos-kernel/tasks.c.obj
 .bss.pxDelayedTaskList
                0x0000000020000148        0x4 CMakeFiles/freertos_hello.elf.dir/project/sdk/rtos/freertos/freertos-kernel/tasks.c.obj
 .bss.pxOverflowDelayedTaskList
                0x000000002000014c        0x4 CMakeFiles/freertos_hello.elf.dir/project/sdk/rtos/freertos/freertos-kernel/tasks.c.obj
 .bss.xPendingReadyList
                0x0000000020000150       0x14 CMakeFiles/freertos_hello.elf.dir/project/sdk/rtos/freertos/freertos-kernel/tasks.c.obj
 .bss.xTasksWaitingTermination
                0x0000000020000164       0x14 CMakeFiles/freertos_hello.elf.dir/project/sdk/rtos/freertos/freertos-kernel/tasks.c.obj
 .bss.uxDeletedTasksWaitingCleanUp
                0x0000000020000178        0x4 CMakeFiles/freertos_hello.elf.dir/project/sdk/rtos/freertos/freertos-kernel/tasks.c.obj
 .bss.xSuspendedTaskList
                0x000000002000017c       0x14 CMakeFiles/freertos_hello.elf.dir/project/sdk/rtos/freertos/freertos-kernel/tasks.c.obj
 .bss.uxCurrentNumberOfTasks
                0x0000000020000190        0x4 CMakeFiles/freertos_hello.elf.dir/project/sdk/rtos/freertos/freertos-kernel/tasks.c.obj
 .bss.xTickCount
                0x0000000020000194        0x4 CMakeFiles/freertos_hello.elf.dir/project/sdk/rtos/freertos/freertos-kernel/tasks.c.obj
 .bss.uxTopReadyPriority
                0x0000000020000198        0x4 CMakeFiles/freertos_hello.elf.dir/project/sdk/rtos/freertos/freertos-kernel/tasks.c.obj
 .bss.xSchedulerRunning
                0x000000002000019c        0x4 CMakeFiles/freertos_hello.elf.dir/project/sdk/rtos/freertos/freertos-kernel/tasks.c.obj
 .bss.xPendedTicks
                0x00000000200001a0        0x4 CMakeFiles/freertos_hello.elf.dir/project/sdk/rtos/freertos/freertos-kernel/tasks.c.obj
 .bss.xYieldPending
                0x00000000200001a4        0x4 CMakeFiles/freertos_hello.elf.dir/project/sdk/rtos/freertos/freertos-kernel/tasks.c.obj
 .bss.xNumOfOverflows
                0x00000000200001a8        0x4 CMakeFiles/freertos_hello.elf.dir/project/sdk/rtos/freertos/freertos-kernel/tasks.c.obj
 .bss.uxTaskNumber
                0x00000000200001ac        0x4 CMakeFiles/freertos_hello.elf.dir/project/sdk/rtos/freertos/freertos-kernel/tasks.c.obj
 .bss.xNextTaskUnblockTime
                0x00000000200001b0        0x4 CMakeFiles/freertos_hello.elf.dir/project/sdk/rtos/freertos/freertos-kernel/tasks.c.obj
 .bss.xIdleTaskHandle
                0x00000000200001b4        0x4 CMakeFiles/freertos_hello.elf.dir/project/sdk/rtos/freertos/freertos-kernel/tasks.c.obj
 .bss.uxSchedulerSuspended
                0x00000000200001b8        0x4 CMakeFiles/freertos_hello.elf.dir/project/sdk/rtos/freertos/freertos-kernel/tasks.c.obj
 .bss.xActiveTimerList1
                0x00000000200001bc       0x14 CMakeFiles/freertos_hello.elf.dir/project/sdk/rtos/freertos/freertos-kernel/timers.c.obj
 .bss.xActiveTimerList2
                0x00000000200001d0       0x14 CMakeFiles/freertos_hello.elf.dir/project/sdk/rtos/freertos/freertos-kernel/timers.c.obj
 .bss.pxCurrentTimerList
                0x00000000200001e4        0x4 CMakeFiles/freertos_hello.elf.dir/project/sdk/rtos/freertos/freertos-kernel/timers.c.obj
 .bss.pxOverflowTimerList
                0x00000000200001e8        0x4 CMakeFiles/freertos_hello.elf.dir/project/sdk/rtos/freertos/freertos-kernel/timers.c.obj
 .bss.xTimerQueue
                0x00000000200001ec        0x4 CMakeFiles/freertos_hello.elf.dir/project/sdk/rtos/freertos/freertos-kernel/timers.c.obj
 .bss.xTimerTaskHandle
                0x00000000200001f0        0x4 CMakeFiles/freertos_hello.elf.dir/project/sdk/rtos/freertos/freertos-kernel/timers.c.obj
 .bss.xLastTime.0
                0x00000000200001f4        0x4 CMakeFiles/freertos_hello.elf.dir/project/sdk/rtos/freertos/freertos-kernel/timers.c.obj
 .bss.ucMaxSysCallPriority
                0x00000000200001f8        0x1 CMakeFiles/freertos_hello.elf.dir/project/sdk/rtos/freertos/freertos-kernel/portable/GCC/ARM_CM4F/port.c.obj
 *fill*         0x00000000200001f9        0x3 
 .bss.ulMaxPRIGROUPValue
                0x00000000200001fc        0x4 CMakeFiles/freertos_hello.elf.dir/project/sdk/rtos/freertos/freertos-kernel/portable/GCC/ARM_CM4F/port.c.obj
 .bss.ucHeap    0x0000000020000200     0x2800 CMakeFiles/freertos_hello.elf.dir/project/sdk/rtos/freertos/freertos-kernel/portable/MemMang/heap_4.c.obj
 .bss.xStart    0x0000000020002a00        0x8 CMakeFiles/freertos_hello.elf.dir/project/sdk/rtos/freertos/freertos-kernel/portable/MemMang/heap_4.c.obj
 .bss.pxEnd     0x0000000020002a08        0x4 CMakeFiles/freertos_hello.elf.dir/project/sdk/rtos/freertos/freertos-kernel/portable/MemMang/heap_4.c.obj
 .bss.xFreeBytesRemaining
                0x0000000020002a0c        0x4 CMakeFiles/freertos_hello.elf.dir/project/sdk/rtos/freertos/freertos-kernel/portable/MemMang/heap_4.c.obj
 .bss.xMinimumEverFreeBytesRemaining
                0x0000000020002a10        0x4 CMakeFiles/freertos_hello.elf.dir/project/sdk/rtos/freertos/freertos-kernel/portable/MemMang/heap_4.c.obj
 .bss.xNumberOfSuccessfulAllocations
                0x0000000020002a14        0x4 CMakeFiles/freertos_hello.elf.dir/project/sdk/rtos/freertos/freertos-kernel/portable/MemMang/heap_4.c.obj
 .bss.xNumberOfSuccessfulFrees
                0x0000000020002a18        0x4 CMakeFiles/freertos_hello.elf.dir/project/sdk/rtos/freertos/freertos-kernel/portable/MemMang/heap_4.c.obj
 .bss.s_debugConsoleReadWaitSemaphore
                0x0000000020002a1c        0x1 CMakeFiles/freertos_hello.elf.dir/project/sdk/devices/MIMXRT1021/utilities/debug_console/fsl_debug_console.c.obj
 *fill*         0x0000000020002a1d        0x3 
 .bss.s_debugConsoleState
                0x0000000020002a20       0x20 CMakeFiles/freertos_hello.elf.dir/project/sdk/devices/MIMXRT1021/utilities/debug_console/fsl_debug_console.c.obj
 .bss.g_serialHandle
                0x0000000020002a40        0x4 CMakeFiles/freertos_hello.elf.dir/project/sdk/devices/MIMXRT1021/utilities/debug_console/fsl_debug_console.c.obj
                0x0000000020002a40                g_serialHandle
 .bss.__stdio_exit_handler
                0x0000000020002a44        0x4 /opt/arm/arm-gnu-toolchain-12.2.rel1-x86_64-arm-none-eabi/bin/../lib/gcc/arm-none-eabi/12.2.1/../../../../arm-none-eabi/lib/thumb/v7e-m+dp/hard/libc_nano.a(libc_a-findfp.o)
                0x0000000020002a44                __stdio_exit_handler
 *(COMMON)
                0x0000000020002a48                . = ALIGN (0x4)
                0x0000000020002a48                __bss_end__ = .
                0x0000000020002a48                __END_BSS = .

.heap           0x0000000020002a48      0x400 load address 0x0000000000008a88
                0x0000000020002a48                . = ALIGN (0x8)
                0x0000000020002a48                __end__ = .
                0x0000000020002a48                PROVIDE (end = .)
                0x0000000020002a48                __HeapBase = .
                0x0000000020002e48                . = (. + HEAP_SIZE)
 *fill*         0x0000000020002a48      0x400 
                0x0000000020002e48                __HeapLimit = .
                0x0000000020002e48                __heap_limit = .

.stack          0x0000000020002e48      0x400 load address 0x0000000000008e88
                0x0000000020002e48                . = ALIGN (0x8)
                0x0000000020003248                . = (. + STACK_SIZE)
 *fill*         0x0000000020002e48      0x400 
                0x0000000020010000                __StackTop = (ORIGIN (m_data) + LENGTH (m_data))
                0x000000002000fc00                __StackLimit = (__StackTop - STACK_SIZE)
                0x0000000020010000                PROVIDE (__stack = __StackTop)

.ARM.attributes
                0x0000000000000000       0x2e
 *(.ARM.attributes)
 .ARM.attributes
                0x0000000000000000       0x20 /opt/arm/arm-gnu-toolchain-12.2.rel1-x86_64-arm-none-eabi/bin/../lib/gcc/arm-none-eabi/12.2.1/thumb/v7e-m+dp/hard/crti.o
 .ARM.attributes
                0x0000000000000020       0x32 /opt/arm/arm-gnu-toolchain-12.2.rel1-x86_64-arm-none-eabi/bin/../lib/gcc/arm-none-eabi/12.2.1/thumb/v7e-m+dp/hard/crtbegin.o
 .ARM.attributes
                0x0000000000000052       0x1e /opt/arm/arm-gnu-toolchain-12.2.rel1-x86_64-arm-none-eabi/bin/../lib/gcc/arm-none-eabi/12.2.1/../../../../arm-none-eabi/lib/thumb/v7e-m+dp/hard/crt0.o
 .ARM.attributes
                0x0000000000000070       0x32 CMakeFiles/freertos_hello.elf.dir/project/src/freertos_hello.c.obj
 .ARM.attributes
                0x00000000000000a2       0x32 CMakeFiles/freertos_hello.elf.dir/project/board/board.c.obj
 .ARM.attributes
                0x00000000000000d4       0x32 CMakeFiles/freertos_hello.elf.dir/project/board/clock_config.c.obj
 .ARM.attributes
                0x0000000000000106       0x32 CMakeFiles/freertos_hello.elf.dir/project/board/pin_mux.c.obj
 .ARM.attributes
                0x0000000000000138       0x32 CMakeFiles/freertos_hello.elf.dir/project/sdk/components/uart/fsl_adapter_lpuart.c.obj
 .ARM.attributes
                0x000000000000016a       0x32 CMakeFiles/freertos_hello.elf.dir/project/sdk/components/serial_manager/fsl_component_serial_manager.c.obj
 .ARM.attributes
                0x000000000000019c       0x32 CMakeFiles/freertos_hello.elf.dir/project/sdk/components/serial_manager/fsl_component_serial_port_uart.c.obj
 .ARM.attributes
                0x00000000000001ce       0x1d CMakeFiles/freertos_hello.elf.dir/project/sdk/devices/MIMXRT1021/gcc/startup_MIMXRT1021.S.obj
 .ARM.attributes
                0x00000000000001eb       0x32 CMakeFiles/freertos_hello.elf.dir/project/sdk/devices/MIMXRT1021/system_MIMXRT1021.c.obj
 .ARM.attributes
                0x000000000000021d       0x32 CMakeFiles/freertos_hello.elf.dir/project/sdk/devices/MIMXRT1021/drivers/fsl_clock.c.obj
 .ARM.attributes
                0x000000000000024f       0x32 CMakeFiles/freertos_hello.elf.dir/project/sdk/devices/MIMXRT1021/drivers/fsl_gpio.c.obj
 .ARM.attributes
                0x0000000000000281       0x32 CMakeFiles/freertos_hello.elf.dir/project/sdk/devices/MIMXRT1021/drivers/fsl_lpuart.c.obj
 .ARM.attributes
                0x00000000000002b3       0x32 CMakeFiles/freertos_hello.elf.dir/project/sdk/rtos/freertos/freertos-kernel/list.c.obj
 .ARM.attributes
                0x00000000000002e5       0x32 CMakeFiles/freertos_hello.elf.dir/project/sdk/rtos/freertos/freertos-kernel/queue.c.obj
 .ARM.attributes
                0x0000000000000317       0x32 CMakeFiles/freertos_hello.elf.dir/project/sdk/rtos/freertos/freertos-kernel/tasks.c.obj
 .ARM.attributes
                0x0000000000000349       0x32 CMakeFiles/freertos_hello.elf.dir/project/sdk/rtos/freertos/freertos-kernel/timers.c.obj
 .ARM.attributes
                0x000000000000037b       0x32 CMakeFiles/freertos_hello.elf.dir/project/sdk/rtos/freertos/freertos-kernel/portable/GCC/ARM_CM4F/port.c.obj
 .ARM.attributes
                0x00000000000003ad       0x32 CMakeFiles/freertos_hello.elf.dir/project/sdk/rtos/freertos/freertos-kernel/portable/MemMang/heap_4.c.obj
 .ARM.attributes
                0x00000000000003df       0x1e CMakeFiles/freertos_hello.elf.dir/project/sdk/devices/MIMXRT1021/utilities/fsl_memcpy.S.obj
 .ARM.attributes
                0x00000000000003fd       0x32 CMakeFiles/freertos_hello.elf.dir/project/sdk/devices/MIMXRT1021/utilities/fsl_assert.c.obj
 .ARM.attributes
                0x000000000000042f       0x32 CMakeFiles/freertos_hello.elf.dir/project/sdk/devices/MIMXRT1021/utilities/str/fsl_str.c.obj
 .ARM.attributes
                0x0000000000000461       0x32 CMakeFiles/freertos_hello.elf.dir/project/sdk/devices/MIMXRT1021/utilities/debug_console/fsl_debug_console.c.obj
 .ARM.attributes
                0x0000000000000493       0x32 /opt/arm/arm-gnu-toolchain-12.2.rel1-x86_64-arm-none-eabi/bin/../lib/gcc/arm-none-eabi/12.2.1/../../../../arm-none-eabi/lib/thumb/v7e-m+dp/hard/libc_nano.a(libc_a-exit.o)
 .ARM.attributes
                0x00000000000004c5       0x32 /opt/arm/arm-gnu-toolchain-12.2.rel1-x86_64-arm-none-eabi/bin/../lib/gcc/arm-none-eabi/12.2.1/../../../../arm-none-eabi/lib/thumb/v7e-m+dp/hard/libc_nano.a(libc_a-init.o)
 .ARM.attributes
                0x00000000000004f7       0x32 /opt/arm/arm-gnu-toolchain-12.2.rel1-x86_64-arm-none-eabi/bin/../lib/gcc/arm-none-eabi/12.2.1/../../../../arm-none-eabi/lib/thumb/v7e-m+dp/hard/libc_nano.a(libc_a-findfp.o)
 .ARM.attributes
                0x0000000000000529       0x17 /opt/arm/arm-gnu-toolchain-12.2.rel1-x86_64-arm-none-eabi/bin/../lib/gcc/arm-none-eabi/12.2.1/../../../../arm-none-eabi/lib/thumb/v7e-m+dp/hard/libc_nano.a(libc_a-strlen.o)
 .ARM.attributes
                0x0000000000000540       0x32 /opt/arm/arm-gnu-toolchain-12.2.rel1-x86_64-arm-none-eabi/bin/../lib/gcc/arm-none-eabi/12.2.1/../../../../arm-none-eabi/lib/thumb/v7e-m+dp/hard/libc_nano.a(libc_a-memset.o)
 .ARM.attributes
                0x0000000000000572       0x32 /opt/arm/arm-gnu-toolchain-12.2.rel1-x86_64-arm-none-eabi/bin/../lib/gcc/arm-none-eabi/12.2.1/../../../../arm-none-eabi/lib/thumb/v7e-m+dp/hard/libnosys.a(_exit.o)
 .ARM.attributes
                0x00000000000005a4       0x32 /opt/arm/arm-gnu-toolchain-12.2.rel1-x86_64-arm-none-eabi/bin/../lib/gcc/arm-none-eabi/12.2.1/thumb/v7e-m+dp/hard/crtend.o
 .ARM.attributes
                0x00000000000005d6       0x20 /opt/arm/arm-gnu-toolchain-12.2.rel1-x86_64-arm-none-eabi/bin/../lib/gcc/arm-none-eabi/12.2.1/thumb/v7e-m+dp/hard/crtn.o
                0x0000000000000001                ASSERT ((__StackLimit >= __HeapLimit), region m_data overflowed with stack and heap)
OUTPUT(debug/freertos_hello.elf elf32-littlearm)
LOAD linker stubs

.debug_line_str
                0x0000000000000000      0x240
 .debug_line_str
                0x0000000000000000       0xdc /opt/arm/arm-gnu-toolchain-12.2.rel1-x86_64-arm-none-eabi/bin/../lib/gcc/arm-none-eabi/12.2.1/../../../../arm-none-eabi/lib/thumb/v7e-m+dp/hard/crt0.o
 .debug_line_str
                0x00000000000000dc       0x49 CMakeFiles/freertos_hello.elf.dir/project/sdk/devices/MIMXRT1021/gcc/startup_MIMXRT1021.S.obj
 .debug_line_str
                0x0000000000000125       0x37 CMakeFiles/freertos_hello.elf.dir/project/sdk/devices/MIMXRT1021/utilities/fsl_memcpy.S.obj
                                         0x47 (size before relaxing)
 .debug_line_str
                0x000000000000015c       0xe4 /opt/arm/arm-gnu-toolchain-12.2.rel1-x86_64-arm-none-eabi/bin/../lib/gcc/arm-none-eabi/12.2.1/../../../../arm-none-eabi/lib/thumb/v7e-m+dp/hard/libc_nano.a(libc_a-strlen.o)

.debug_info     0x0000000000000000    0x1301c
 .debug_info    0x0000000000000000      0x2d3 CMakeFiles/freertos_hello.elf.dir/project/src/freertos_hello.c.obj
 .debug_info    0x00000000000002d3      0xfc7 CMakeFiles/freertos_hello.elf.dir/project/board/board.c.obj
 .debug_info    0x000000000000129a     0x184f CMakeFiles/freertos_hello.elf.dir/project/board/clock_config.c.obj
 .debug_info    0x0000000000002ae9      0x832 CMakeFiles/freertos_hello.elf.dir/project/board/pin_mux.c.obj
 .debug_info    0x000000000000331b      0xc5a CMakeFiles/freertos_hello.elf.dir/project/sdk/components/uart/fsl_adapter_lpuart.c.obj
 .debug_info    0x0000000000003f75      0xd4c CMakeFiles/freertos_hello.elf.dir/project/sdk/components/serial_manager/fsl_component_serial_manager.c.obj
 .debug_info    0x0000000000004cc1      0x51b CMakeFiles/freertos_hello.elf.dir/project/sdk/components/serial_manager/fsl_component_serial_port_uart.c.obj
 .debug_info    0x00000000000051dc      0x7ed CMakeFiles/freertos_hello.elf.dir/project/sdk/devices/MIMXRT1021/gcc/startup_MIMXRT1021.S.obj
 .debug_info    0x00000000000059c9      0xb59 CMakeFiles/freertos_hello.elf.dir/project/sdk/devices/MIMXRT1021/system_MIMXRT1021.c.obj
 .debug_info    0x0000000000006522     0x210e CMakeFiles/freertos_hello.elf.dir/project/sdk/devices/MIMXRT1021/drivers/fsl_clock.c.obj
 .debug_info    0x0000000000008630      0xd90 CMakeFiles/freertos_hello.elf.dir/project/sdk/devices/MIMXRT1021/drivers/fsl_gpio.c.obj
 .debug_info    0x00000000000093c0     0x2965 CMakeFiles/freertos_hello.elf.dir/project/sdk/devices/MIMXRT1021/drivers/fsl_lpuart.c.obj
 .debug_info    0x000000000000bd25      0x298 CMakeFiles/freertos_hello.elf.dir/project/sdk/rtos/freertos/freertos-kernel/list.c.obj
 .debug_info    0x000000000000bfbd     0x1839 CMakeFiles/freertos_hello.elf.dir/project/sdk/rtos/freertos/freertos-kernel/queue.c.obj
 .debug_info    0x000000000000d7f6     0x2518 CMakeFiles/freertos_hello.elf.dir/project/sdk/rtos/freertos/freertos-kernel/tasks.c.obj
 .debug_info    0x000000000000fd0e      0xfa5 CMakeFiles/freertos_hello.elf.dir/project/sdk/rtos/freertos/freertos-kernel/timers.c.obj
 .debug_info    0x0000000000010cb3      0x4be CMakeFiles/freertos_hello.elf.dir/project/sdk/rtos/freertos/freertos-kernel/portable/GCC/ARM_CM4F/port.c.obj
 .debug_info    0x0000000000011171      0x4fe CMakeFiles/freertos_hello.elf.dir/project/sdk/rtos/freertos/freertos-kernel/portable/MemMang/heap_4.c.obj
 .debug_info    0x000000000001166f       0x25 CMakeFiles/freertos_hello.elf.dir/project/sdk/devices/MIMXRT1021/utilities/fsl_memcpy.S.obj
 .debug_info    0x0000000000011694       0xe4 CMakeFiles/freertos_hello.elf.dir/project/sdk/devices/MIMXRT1021/utilities/fsl_assert.c.obj
 .debug_info    0x0000000000011778      0xaf5 CMakeFiles/freertos_hello.elf.dir/project/sdk/devices/MIMXRT1021/utilities/str/fsl_str.c.obj
 .debug_info    0x000000000001226d      0xdaf CMakeFiles/freertos_hello.elf.dir/project/sdk/devices/MIMXRT1021/utilities/debug_console/fsl_debug_console.c.obj

.debug_abbrev   0x0000000000000000     0x31bb
 .debug_abbrev  0x0000000000000000      0x1a0 CMakeFiles/freertos_hello.elf.dir/project/src/freertos_hello.c.obj
 .debug_abbrev  0x00000000000001a0      0x2ea CMakeFiles/freertos_hello.elf.dir/project/board/board.c.obj
 .debug_abbrev  0x000000000000048a      0x32c CMakeFiles/freertos_hello.elf.dir/project/board/clock_config.c.obj
 .debug_abbrev  0x00000000000007b6      0x248 CMakeFiles/freertos_hello.elf.dir/project/board/pin_mux.c.obj
 .debug_abbrev  0x00000000000009fe      0x1f9 CMakeFiles/freertos_hello.elf.dir/project/sdk/components/uart/fsl_adapter_lpuart.c.obj
 .debug_abbrev  0x0000000000000bf7      0x2c3 CMakeFiles/freertos_hello.elf.dir/project/sdk/components/serial_manager/fsl_component_serial_manager.c.obj
 .debug_abbrev  0x0000000000000eba      0x194 CMakeFiles/freertos_hello.elf.dir/project/sdk/components/serial_manager/fsl_component_serial_port_uart.c.obj
 .debug_abbrev  0x000000000000104e       0x1f CMakeFiles/freertos_hello.elf.dir/project/sdk/devices/MIMXRT1021/gcc/startup_MIMXRT1021.S.obj
 .debug_abbrev  0x000000000000106d      0x171 CMakeFiles/freertos_hello.elf.dir/project/sdk/devices/MIMXRT1021/system_MIMXRT1021.c.obj
 .debug_abbrev  0x00000000000011de      0x37f CMakeFiles/freertos_hello.elf.dir/project/sdk/devices/MIMXRT1021/drivers/fsl_clock.c.obj
 .debug_abbrev  0x000000000000155d      0x2d9 CMakeFiles/freertos_hello.elf.dir/project/sdk/devices/MIMXRT1021/drivers/fsl_gpio.c.obj
 .debug_abbrev  0x0000000000001836      0x4ac CMakeFiles/freertos_hello.elf.dir/project/sdk/devices/MIMXRT1021/drivers/fsl_lpuart.c.obj
 .debug_abbrev  0x0000000000001ce2       0xf3 CMakeFiles/freertos_hello.elf.dir/project/sdk/rtos/freertos/freertos-kernel/list.c.obj
 .debug_abbrev  0x0000000000001dd5      0x328 CMakeFiles/freertos_hello.elf.dir/project/sdk/rtos/freertos/freertos-kernel/queue.c.obj
 .debug_abbrev  0x00000000000020fd      0x3b6 CMakeFiles/freertos_hello.elf.dir/project/sdk/rtos/freertos/freertos-kernel/tasks.c.obj
 .debug_abbrev  0x00000000000024b3      0x2d5 CMakeFiles/freertos_hello.elf.dir/project/sdk/rtos/freertos/freertos-kernel/timers.c.obj
 .debug_abbrev  0x0000000000002788      0x258 CMakeFiles/freertos_hello.elf.dir/project/sdk/rtos/freertos/freertos-kernel/portable/GCC/ARM_CM4F/port.c.obj
 .debug_abbrev  0x00000000000029e0      0x254 CMakeFiles/freertos_hello.elf.dir/project/sdk/rtos/freertos/freertos-kernel/portable/MemMang/heap_4.c.obj
 .debug_abbrev  0x0000000000002c34       0x14 CMakeFiles/freertos_hello.elf.dir/project/sdk/devices/MIMXRT1021/utilities/fsl_memcpy.S.obj
 .debug_abbrev  0x0000000000002c48       0x8c CMakeFiles/freertos_hello.elf.dir/project/sdk/devices/MIMXRT1021/utilities/fsl_assert.c.obj
 .debug_abbrev  0x0000000000002cd4      0x26f CMakeFiles/freertos_hello.elf.dir/project/sdk/devices/MIMXRT1021/utilities/str/fsl_str.c.obj
 .debug_abbrev  0x0000000000002f43      0x278 CMakeFiles/freertos_hello.elf.dir/project/sdk/devices/MIMXRT1021/utilities/debug_console/fsl_debug_console.c.obj

.debug_aranges  0x0000000000000000      0xd38
 .debug_aranges
                0x0000000000000000       0x28 CMakeFiles/freertos_hello.elf.dir/project/src/freertos_hello.c.obj
 .debug_aranges
                0x0000000000000028       0x58 CMakeFiles/freertos_hello.elf.dir/project/board/board.c.obj
 .debug_aranges
                0x0000000000000080       0x80 CMakeFiles/freertos_hello.elf.dir/project/board/clock_config.c.obj
 .debug_aranges
                0x0000000000000100       0x50 CMakeFiles/freertos_hello.elf.dir/project/board/pin_mux.c.obj
 .debug_aranges
                0x0000000000000150       0x58 CMakeFiles/freertos_hello.elf.dir/project/sdk/components/uart/fsl_adapter_lpuart.c.obj
 .debug_aranges
                0x00000000000001a8       0xa0 CMakeFiles/freertos_hello.elf.dir/project/sdk/components/serial_manager/fsl_component_serial_manager.c.obj
 .debug_aranges
                0x0000000000000248       0x48 CMakeFiles/freertos_hello.elf.dir/project/sdk/components/serial_manager/fsl_component_serial_port_uart.c.obj
 .debug_aranges
                0x0000000000000290       0x20 CMakeFiles/freertos_hello.elf.dir/project/sdk/devices/MIMXRT1021/gcc/startup_MIMXRT1021.S.obj
 .debug_aranges
                0x00000000000002b0       0x30 CMakeFiles/freertos_hello.elf.dir/project/sdk/devices/MIMXRT1021/system_MIMXRT1021.c.obj
 .debug_aranges
                0x00000000000002e0      0x168 CMakeFiles/freertos_hello.elf.dir/project/sdk/devices/MIMXRT1021/drivers/fsl_clock.c.obj
 .debug_aranges
                0x0000000000000448       0x58 CMakeFiles/freertos_hello.elf.dir/project/sdk/devices/MIMXRT1021/drivers/fsl_gpio.c.obj
 .debug_aranges
                0x00000000000004a0      0x1a8 CMakeFiles/freertos_hello.elf.dir/project/sdk/devices/MIMXRT1021/drivers/fsl_lpuart.c.obj
 .debug_aranges
                0x0000000000000648       0x40 CMakeFiles/freertos_hello.elf.dir/project/sdk/rtos/freertos/freertos-kernel/list.c.obj
 .debug_aranges
                0x0000000000000688      0x130 CMakeFiles/freertos_hello.elf.dir/project/sdk/rtos/freertos/freertos-kernel/queue.c.obj
 .debug_aranges
                0x00000000000007b8      0x208 CMakeFiles/freertos_hello.elf.dir/project/sdk/rtos/freertos/freertos-kernel/tasks.c.obj
 .debug_aranges
                0x00000000000009c0       0xf8 CMakeFiles/freertos_hello.elf.dir/project/sdk/rtos/freertos/freertos-kernel/timers.c.obj
 .debug_aranges
                0x0000000000000ab8       0x80 CMakeFiles/freertos_hello.elf.dir/project/sdk/rtos/freertos/freertos-kernel/portable/GCC/ARM_CM4F/port.c.obj
 .debug_aranges
                0x0000000000000b38       0x60 CMakeFiles/freertos_hello.elf.dir/project/sdk/rtos/freertos/freertos-kernel/portable/MemMang/heap_4.c.obj
 .debug_aranges
                0x0000000000000b98       0x20 CMakeFiles/freertos_hello.elf.dir/project/sdk/devices/MIMXRT1021/utilities/fsl_memcpy.S.obj
 .debug_aranges
                0x0000000000000bb8       0x20 CMakeFiles/freertos_hello.elf.dir/project/sdk/devices/MIMXRT1021/utilities/fsl_assert.c.obj
 .debug_aranges
                0x0000000000000bd8       0xb8 CMakeFiles/freertos_hello.elf.dir/project/sdk/devices/MIMXRT1021/utilities/str/fsl_str.c.obj
 .debug_aranges