Archive member included to satisfy reference by file (symbol)

c:/users/isaac/.mcuxpressotools/arm-gnu-toolchain-12.2.rel1-mingw-w64-i686-arm-none-eabi/bin/../lib/gcc/arm-none-eabi/12.2.1/thumb/v7e-m+dp/hard\libgcc.a(_aeabi_uldivmod.o)
                              CMakeFiles/freertos_hello.elf.dir/D_/repo/imxrt1020-template/sdk/devices/MIMXRT1021/system_MIMXRT1021.c.obj (__aeabi_uldivmod)
c:/users/isaac/.mcuxpressotools/arm-gnu-toolchain-12.2.rel1-mingw-w64-i686-arm-none-eabi/bin/../lib/gcc/arm-none-eabi/12.2.1/thumb/v7e-m+dp/hard\libgcc.a(_udivmoddi4.o)
                              c:/users/isaac/.mcuxpressotools/arm-gnu-toolchain-12.2.rel1-mingw-w64-i686-arm-none-eabi/bin/../lib/gcc/arm-none-eabi/12.2.1/thumb/v7e-m+dp/hard\libgcc.a(_aeabi_uldivmod.o) (__udivmoddi4)
c:/users/isaac/.mcuxpressotools/arm-gnu-toolchain-12.2.rel1-mingw-w64-i686-arm-none-eabi/bin/../lib/gcc/arm-none-eabi/12.2.1/thumb/v7e-m+dp/hard\libgcc.a(_dvmd_tls.o)
                              c:/users/isaac/.mcuxpressotools/arm-gnu-toolchain-12.2.rel1-mingw-w64-i686-arm-none-eabi/bin/../lib/gcc/arm-none-eabi/12.2.1/thumb/v7e-m+dp/hard\libgcc.a(_aeabi_uldivmod.o) (__aeabi_ldiv0)
c:/users/isaac/.mcuxpressotools/arm-gnu-toolchain-12.2.rel1-mingw-w64-i686-arm-none-eabi/bin/../lib/gcc/arm-none-eabi/12.2.1/thumb/v7e-m+dp/hard\libc_nano.a(libc_a-exit.o)
                              c:/users/isaac/.mcuxpressotools/arm-gnu-toolchain-12.2.rel1-mingw-w64-i686-arm-none-eabi/bin/../lib/gcc/arm-none-eabi/12.2.1/thumb/v7e-m+dp/hard/crt0.o (exit)
c:/users/isaac/.mcuxpressotools/arm-gnu-toolchain-12.2.rel1-mingw-w64-i686-arm-none-eabi/bin/../lib/gcc/arm-none-eabi/12.2.1/thumb/v7e-m+dp/hard\libc_nano.a(libc_a-malloc.o)
                              CMakeFiles/freertos_hello.elf.dir/D_/repo/imxrt1020-template/sdk/devices/MIMXRT1021/drivers/fsl_common.c.obj (malloc)
c:/users/isaac/.mcuxpressotools/arm-gnu-toolchain-12.2.rel1-mingw-w64-i686-arm-none-eabi/bin/../lib/gcc/arm-none-eabi/12.2.1/thumb/v7e-m+dp/hard\libc_nano.a(libc_a-mallocr.o)
                              c:/users/isaac/.mcuxpressotools/arm-gnu-toolchain-12.2.rel1-mingw-w64-i686-arm-none-eabi/bin/../lib/gcc/arm-none-eabi/12.2.1/thumb/v7e-m+dp/hard\libc_nano.a(libc_a-malloc.o) (_malloc_r)
c:/users/isaac/.mcuxpressotools/arm-gnu-toolchain-12.2.rel1-mingw-w64-i686-arm-none-eabi/bin/../lib/gcc/arm-none-eabi/12.2.1/thumb/v7e-m+dp/hard\libc_nano.a(libc_a-mlock.o)
                              c:/users/isaac/.mcuxpressotools/arm-gnu-toolchain-12.2.rel1-mingw-w64-i686-arm-none-eabi/bin/../lib/gcc/arm-none-eabi/12.2.1/thumb/v7e-m+dp/hard\libc_nano.a(libc_a-mallocr.o) (__malloc_lock)
c:/users/isaac/.mcuxpressotools/arm-gnu-toolchain-12.2.rel1-mingw-w64-i686-arm-none-eabi/bin/../lib/gcc/arm-none-eabi/12.2.1/thumb/v7e-m+dp/hard\libc_nano.a(libc_a-strtoul.o)
                              CMakeFiles/freertos_hello.elf.dir/D_/repo/imxrt1020-template/sdk/devices/MIMXRT1021/utilities/str/fsl_str.c.obj (strtoul)
c:/users/isaac/.mcuxpressotools/arm-gnu-toolchain-12.2.rel1-mingw-w64-i686-arm-none-eabi/bin/../lib/gcc/arm-none-eabi/12.2.1/thumb/v7e-m+dp/hard\libc_nano.a(libc_a-ctype_.o)
                              c:/users/isaac/.mcuxpressotools/arm-gnu-toolchain-12.2.rel1-mingw-w64-i686-arm-none-eabi/bin/../lib/gcc/arm-none-eabi/12.2.1/thumb/v7e-m+dp/hard\libc_nano.a(libc_a-strtoul.o) (_ctype_)
c:/users/isaac/.mcuxpressotools/arm-gnu-toolchain-12.2.rel1-mingw-w64-i686-arm-none-eabi/bin/../lib/gcc/arm-none-eabi/12.2.1/thumb/v7e-m+dp/hard\libc_nano.a(libc_a-findfp.o)
                              c:/users/isaac/.mcuxpressotools/arm-gnu-toolchain-12.2.rel1-mingw-w64-i686-arm-none-eabi/bin/../lib/gcc/arm-none-eabi/12.2.1/thumb/v7e-m+dp/hard\libc_nano.a(libc_a-exit.o) (__stdio_exit_handler)
c:/users/isaac/.mcuxpressotools/arm-gnu-toolchain-12.2.rel1-mingw-w64-i686-arm-none-eabi/bin/../lib/gcc/arm-none-eabi/12.2.1/thumb/v7e-m+dp/hard\libc_nano.a(libc_a-fwalk.o)
                              c:/users/isaac/.mcuxpressotools/arm-gnu-toolchain-12.2.rel1-mingw-w64-i686-arm-none-eabi/bin/../lib/gcc/arm-none-eabi/12.2.1/thumb/v7e-m+dp/hard\libc_nano.a(libc_a-findfp.o) (_fwalk_sglue)
c:/users/isaac/.mcuxpressotools/arm-gnu-toolchain-12.2.rel1-mingw-w64-i686-arm-none-eabi/bin/../lib/gcc/arm-none-eabi/12.2.1/thumb/v7e-m+dp/hard\libc_nano.a(libc_a-stdio.o)
                              c:/users/isaac/.mcuxpressotools/arm-gnu-toolchain-12.2.rel1-mingw-w64-i686-arm-none-eabi/bin/../lib/gcc/arm-none-eabi/12.2.1/thumb/v7e-m+dp/hard\libc_nano.a(libc_a-findfp.o) (__sread)
c:/users/isaac/.mcuxpressotools/arm-gnu-toolchain-12.2.rel1-mingw-w64-i686-arm-none-eabi/bin/../lib/gcc/arm-none-eabi/12.2.1/thumb/v7e-m+dp/hard\libc_nano.a(libc_a-memset.o)
                              c:/users/isaac/.mcuxpressotools/arm-gnu-toolchain-12.2.rel1-mingw-w64-i686-arm-none-eabi/bin/../lib/gcc/arm-none-eabi/12.2.1/thumb/v7e-m+dp/hard/crt0.o (memset)
[...]
Memory Configuration

Name             Origin             Length             Attributes
m_interrupts     0x00000000         0x00000400         xr
m_text           0x00000400         0x0000fc00         xr
m_data           0x20000000         0x00010000         rw
m_data2          0x20200000         0x00020000         rw
*default*        0x00000000         0xffffffff

Linker script and memory map

LOAD c:/users/isaac/.mcuxpressotools/arm-gnu-toolchain-12.2.rel1-mingw-w64-i686-arm-none-eabi/bin/../lib/gcc/arm-none-eabi/12.2.1/thumb/v7e-m+dp/hard/crti.o
LOAD c:/users/isaac/.mcuxpressotools/arm-gnu-toolchain-12.2.rel1-mingw-w64-i686-arm-none-eabi/bin/../lib/gcc/arm-none-eabi/12.2.1/thumb/v7e-m+dp/hard/crtbegin.o
LOAD c:/users/isaac/.mcuxpressotools/arm-gnu-toolchain-12.2.rel1-mingw-w64-i686-arm-none-eabi/bin/../lib/gcc/arm-none-eabi/12.2.1/thumb/v7e-m+dp/hard/crt0.o
LOAD CMakeFiles/freertos_hello.elf.dir/D_/repo/imxrt1020-template/src/dcd.c.obj
LOAD CMakeFiles/freertos_hello.elf.dir/D_/repo/imxrt1020-template/src/freertos_hello.c.obj
LOAD CMakeFiles/freertos_hello.elf.dir/D_/repo/imxrt1020-template/board/board.c.obj
LOAD CMakeFiles/freertos_hello.elf.dir/D_/repo/imxrt1020-template/board/clock_config.c.obj
LOAD CMakeFiles/freertos_hello.elf.dir/D_/repo/imxrt1020-template/board/pin_mux.c.obj
LOAD CMakeFiles/freertos_hello.elf.dir/D_/repo/imxrt1020-template/sdk/components/lists/fsl_component_generic_list.c.obj
LOAD CMakeFiles/freertos_hello.elf.dir/D_/repo/imxrt1020-template/sdk/components/uart/fsl_adapter_lpuart.c.obj
LOAD CMakeFiles/freertos_hello.elf.dir/D_/repo/imxrt1020-template/sdk/components/serial_manager/fsl_component_serial_manager.c.obj
LOAD CMakeFiles/freertos_hello.elf.dir/D_/repo/imxrt1020-template/sdk/components/serial_manager/fsl_component_serial_port_uart.c.obj
LOAD CMakeFiles/freertos_hello.elf.dir/D_/repo/imxrt1020-template/sdk/devices/MIMXRT1021/gcc/startup_MIMXRT1021.S.obj
LOAD CMakeFiles/freertos_hello.elf.dir/D_/repo/imxrt1020-template/sdk/devices/MIMXRT1021/system_MIMXRT1021.c.obj
LOAD CMakeFiles/freertos_hello.elf.dir/D_/repo/imxrt1020-template/sdk/devices/MIMXRT1021/drivers/fsl_clock.c.obj
LOAD CMakeFiles/freertos_hello.elf.dir/D_/repo/imxrt1020-template/sdk/devices/MIMXRT1021/drivers/fsl_common.c.obj
LOAD CMakeFiles/freertos_hello.elf.dir/D_/repo/imxrt1020-template/sdk/devices/MIMXRT1021/drivers/fsl_common_arm.c.obj
LOAD CMakeFiles/freertos_hello.elf.dir/D_/repo/imxrt1020-template/sdk/devices/MIMXRT1021/drivers/fsl_gpio.c.obj
LOAD CMakeFiles/freertos_hello.elf.dir/D_/repo/imxrt1020-template/sdk/devices/MIMXRT1021/drivers/fsl_lpuart.c.obj
LOAD CMakeFiles/freertos_hello.elf.dir/D_/repo/imxrt1020-template/sdk/boards/evkmimxrt1020/xip/evkmimxrt1020_flexspi_nor_config.c.obj
LOAD CMakeFiles/freertos_hello.elf.dir/D_/repo/imxrt1020-template/sdk/devices/MIMXRT1021/xip/fsl_flexspi_nor_boot.c.obj
LOAD CMakeFiles/freertos_hello.elf.dir/D_/repo/imxrt1020-template/sdk/rtos/freertos/freertos-kernel/croutine.c.obj
LOAD CMakeFiles/freertos_hello.elf.dir/D_/repo/imxrt1020-template/sdk/rtos/freertos/freertos-kernel/event_groups.c.obj
LOAD CMakeFiles/freertos_hello.elf.dir/D_/repo/imxrt1020-template/sdk/rtos/freertos/freertos-kernel/list.c.obj
LOAD CMakeFiles/freertos_hello.elf.dir/D_/repo/imxrt1020-template/sdk/rtos/freertos/freertos-kernel/queue.c.obj
LOAD CMakeFiles/freertos_hello.elf.dir/D_/repo/imxrt1020-template/sdk/rtos/freertos/freertos-kernel/stream_buffer.c.obj
LOAD CMakeFiles/freertos_hello.elf.dir/D_/repo/imxrt1020-template/sdk/rtos/freertos/freertos-kernel/tasks.c.obj
LOAD CMakeFiles/freertos_hello.elf.dir/D_/repo/imxrt1020-template/sdk/rtos/freertos/freertos-kernel/timers.c.obj
LOAD CMakeFiles/freertos_hello.elf.dir/D_/repo/imxrt1020-template/sdk/rtos/freertos/freertos-kernel/portable/GCC/ARM_CM4F/port.c.obj
LOAD CMakeFiles/freertos_hello.elf.dir/D_/repo/imxrt1020-template/sdk/rtos/freertos/freertos-kernel/portable/MemMang/heap_4.c.obj
LOAD CMakeFiles/freertos_hello.elf.dir/D_/repo/imxrt1020-template/sdk/devices/MIMXRT1021/utilities/fsl_sbrk.c.obj
LOAD CMakeFiles/freertos_hello.elf.dir/D_/repo/imxrt1020-template/sdk/devices/MIMXRT1021/utilities/fsl_syscall_stub.c.obj
LOAD CMakeFiles/freertos_hello.elf.dir/D_/repo/imxrt1020-template/sdk/devices/MIMXRT1021/utilities/fsl_memcpy.S.obj
LOAD CMakeFiles/freertos_hello.elf.dir/D_/repo/imxrt1020-template/sdk/devices/MIMXRT1021/utilities/fsl_assert.c.obj
LOAD CMakeFiles/freertos_hello.elf.dir/D_/repo/imxrt1020-template/sdk/devices/MIMXRT1021/utilities/str/fsl_str.c.obj
LOAD CMakeFiles/freertos_hello.elf.dir/D_/repo/imxrt1020-template/sdk/devices/MIMXRT1021/utilities/debug_console/fsl_debug_console.c.obj
START GROUP
LOAD c:/users/isaac/.mcuxpressotools/arm-gnu-toolchain-12.2.rel1-mingw-w64-i686-arm-none-eabi/bin/../lib/gcc/arm-none-eabi/12.2.1/thumb/v7e-m+dp/hard\libgcc.a
LOAD c:/users/isaac/.mcuxpressotools/arm-gnu-toolchain-12.2.rel1-mingw-w64-i686-arm-none-eabi/bin/../lib/gcc/arm-none-eabi/12.2.1/thumb/v7e-m+dp/hard\libc_nano.a
LOAD c:/users/isaac/.mcuxpressotools/arm-gnu-toolchain-12.2.rel1-mingw-w64-i686-arm-none-eabi/bin/../lib/gcc/arm-none-eabi/12.2.1/thumb/v7e-m+dp/hard\libm.a
LOAD c:/users/isaac/.mcuxpressotools/arm-gnu-toolchain-12.2.rel1-mingw-w64-i686-arm-none-eabi/bin/../lib/gcc/arm-none-eabi/12.2.1/../../../../arm-none-eabi/lib/thumb/v7e-m+dp/hard\libcr_newlib_nohost.a
END GROUP
START GROUP
LOAD c:/users/isaac/.mcuxpressotools/arm-gnu-toolchain-12.2.rel1-mingw-w64-i686-arm-none-eabi/bin/../lib/gcc/arm-none-eabi/12.2.1/thumb/v7e-m+dp/hard\libgcc.a
LOAD c:/users/isaac/.mcuxpressotools/arm-gnu-toolchain-12.2.rel1-mingw-w64-i686-arm-none-eabi/bin/../lib/gcc/arm-none-eabi/12.2.1/thumb/v7e-m+dp/hard\libg_nano.a
LOAD c:/users/isaac/.mcuxpressotools/arm-gnu-toolchain-12.2.rel1-mingw-w64-i686-arm-none-eabi/bin/../lib/gcc/arm-none-eabi/12.2.1/thumb/v7e-m+dp/hard\libc_nano.a
END GROUP
START GROUP
LOAD c:/users/isaac/.mcuxpressotools/arm-gnu-toolchain-12.2.rel1-mingw-w64-i686-arm-none-eabi/bin/../lib/gcc/arm-none-eabi/12.2.1/thumb/v7e-m+dp/hard\libgcc.a
LOAD c:/users/isaac/.mcuxpressotools/arm-gnu-toolchain-12.2.rel1-mingw-w64-i686-arm-none-eabi/bin/../lib/gcc/arm-none-eabi/12.2.1/thumb/v7e-m+dp/hard\libc_nano.a
LOAD c:/users/isaac/.mcuxpressotools/arm-gnu-toolchain-12.2.rel1-mingw-w64-i686-arm-none-eabi/bin/../lib/gcc/arm-none-eabi/12.2.1/thumb/v7e-m+dp/hard\libnosys.a
END GROUP
START GROUP
LOAD c:/users/isaac/.mcuxpressotools/arm-gnu-toolchain-12.2.rel1-mingw-w64-i686-arm-none-eabi/bin/../lib/gcc/arm-none-eabi/12.2.1/thumb/v7e-m+dp/hard\libgcc.a
LOAD c:/users/isaac/.mcuxpressotools/arm-gnu-toolchain-12.2.rel1-mingw-w64-i686-arm-none-eabi/bin/../lib/gcc/arm-none-eabi/12.2.1/thumb/v7e-m+dp/hard\libc_nano.a
LOAD c:/users/isaac/.mcuxpressotools/arm-gnu-toolchain-12.2.rel1-mingw-w64-i686-arm-none-eabi/bin/../lib/gcc/arm-none-eabi/12.2.1/thumb/v7e-m+dp/hard\libnosys.a
END GROUP
LOAD c:/users/isaac/.mcuxpressotools/arm-gnu-toolchain-12.2.rel1-mingw-w64-i686-arm-none-eabi/bin/../lib/gcc/arm-none-eabi/12.2.1/thumb/v7e-m+dp/hard/crtend.o
LOAD c:/users/isaac/.mcuxpressotools/arm-gnu-toolchain-12.2.rel1-mingw-w64-i686-arm-none-eabi/bin/../lib/gcc/arm-none-eabi/12.2.1/thumb/v7e-m+dp/hard/crtn.o
                0x00000400                HEAP_SIZE = DEFINED (__heap_size__)?__heap_size__:0x400
                0x00000400                STACK_SIZE = DEFINED (__stack_size__)?__stack_size__:0x400
                0x20200000                __NCACHE_REGION_START = ORIGIN (m_data2)
                0x00000000                __NCACHE_REGION_SIZE = 0x0

.interrupts     0x00000000      0x400
                0x00000000                __VECTOR_TABLE = .
                0x00000000                __Vectors = .
                0x00000000                . = ALIGN (0x4)
 *(.isr_vector)
 .isr_vector    0x00000000      0x400 CMakeFiles/freertos_hello.elf.dir/D_/repo/imxrt1020-template/sdk/devices/MIMXRT1021/gcc/startup_MIMXRT1021.S.obj
                0x00000000                __isr_vector
                0x00000400                . = ALIGN (0x4)

.text           0x00000400     0x5cd4
                0x00000400                . = ALIGN (0x4)
 *(.text)
 .text          0x00000400       0x7c c:/users/isaac/.mcuxpressotools/arm-gnu-toolchain-12.2.rel1-mingw-w64-i686-arm-none-eabi/bin/../lib/gcc/arm-none-eabi/12.2.1/thumb/v7e-m+dp/hard/crt0.o
                0x00000400                _stack_init
                0x00000408                _start
                0x00000408                _mainCRTStartup
 .text          0x0000047c      0x228 CMakeFiles/freertos_hello.elf.dir/D_/repo/imxrt1020-template/sdk/devices/MIMXRT1021/gcc/startup_MIMXRT1021.S.obj
                0x0000047c                Reset_Handler
                0x00000508                LPSPI2_DriverIRQHandler
                0x00000508                ADC_ETC_IRQ0_IRQHandler
                0x00000508                DebugMon_Handler
                0x00000508                SAI3_RX_DriverIRQHandler
                0x00000508                DMA13_DMA29_DriverIRQHandler
                0x00000508                LPSPI1_DriverIRQHandler
                0x00000508                Reserved86_IRQHandler
                0x00000508                SRC_IRQHandler
                0x00000508                LPSPI4_DriverIRQHandler
                0x00000508                Reserved60_IRQHandler
                0x00000508                GPIO1_Combined_0_15_IRQHandler
                0x00000508                GPIO2_Combined_0_15_IRQHandler
                0x00000508                SPDIF_DriverIRQHandler
                0x00000508                GPIO1_INT2_IRQHandler
                0x00000508                Reserved103_IRQHandler
                0x00000508                ENC2_IRQHandler
                0x00000508                PWM2_2_IRQHandler
                0x00000508                DMA9_DMA25_DriverIRQHandler
                0x00000508                PWM1_3_IRQHandler
                0x00000508                GPIO1_INT7_IRQHandler
                0x00000508                CCM_1_IRQHandler
                0x00000508                CTI1_ERROR_IRQHandler
                0x00000508                Reserved59_IRQHandler
                0x00000508                ADC_ETC_IRQ1_IRQHandler
                0x00000508                TRNG_IRQHandler
                0x00000508                GPIO1_INT3_IRQHandler
                0x00000508                TMR1_IRQHandler
                0x00000508                DMA7_DMA23_DriverIRQHandler
                0x00000508                CTI0_ERROR_IRQHandler
                0x00000508                GPIO5_Combined_0_15_IRQHandler
                0x00000508                PWM1_0_IRQHandler
                0x00000508                Reserved68_IRQHandler
                0x00000508                LPI2C3_DriverIRQHandler
                0x00000508                CAN1_DriverIRQHandler
                0x00000508                DMA_ERROR_DriverIRQHandler
                0x00000508                LPI2C2_DriverIRQHandler
                0x00000508                LPSPI3_DriverIRQHandler
                0x00000508                DMA15_DMA31_DriverIRQHandler
                0x00000508                PWM2_0_IRQHandler
                0x00000508                DCP_VMI_IRQHandler
                0x00000508                Reserved87_IRQHandler
                0x00000508                DMA14_DMA30_DriverIRQHandler
                0x00000508                ENET_1588_Timer_DriverIRQHandler
                0x00000508                BusFault_Handler
                0x00000508                PWM2_1_IRQHandler
                0x00000508                ACMP1_IRQHandler
                0x00000508                PWM2_FAULT_IRQHandler
                0x00000508                UsageFault_Handler
                0x00000508                WDOG1_IRQHandler
                0x00000508                Reserved56_IRQHandler
                0x00000508                Reserved151_IRQHandler
                0x00000508                GPT1_IRQHandler
                0x00000508                USB_PHY_IRQHandler
                0x00000508                ACMP4_IRQHandler
                0x00000508                SEMC_IRQHandler
                0x00000508                DMA0_DMA16_DriverIRQHandler
                0x00000508                DefaultISR
                0x00000508                Reserved58_IRQHandler
                0x00000508                PWM1_1_IRQHandler
                0x00000508                DMA5_DMA21_DriverIRQHandler
                0x00000508                DMA2_DMA18_DriverIRQHandler
                0x00000508                Reserved82_IRQHandler
                0x00000508                USDHC1_DriverIRQHandler
                0x00000508                GPIO1_INT0_IRQHandler
                0x00000508                FLEXRAM_IRQHandler
                0x00000508                CSU_IRQHandler
                0x00000508                GPT2_IRQHandler
                0x00000508                Reserved70_IRQHandler
                0x00000508                ADC1_IRQHandler
                0x00000508                FLEXIO1_DriverIRQHandler
                0x00000508                ENET_DriverIRQHandler
                0x00000508                GPIO1_Combined_16_31_IRQHandler
                0x00000508                Reserved128_IRQHandler
                0x00000508                ACMP2_IRQHandler
                0x00000508                RTWDOG_IRQHandler
                0x00000508                GPIO1_INT6_IRQHandler
                0x00000508                Reserved78_IRQHandler
                0x00000508                SAI1_DriverIRQHandler
                0x00000508                DMA12_DMA28_DriverIRQHandler
                0x00000508                GPIO3_Combined_16_31_IRQHandler
                0x00000508                EWM_IRQHandler
                0x00000508                TEMP_LOW_HIGH_IRQHandler
                0x00000508                WDOG2_IRQHandler
                0x00000508                GPIO1_INT5_IRQHandler
                0x00000508                FLEXSPI_DriverIRQHandler
                0x00000508                SAI3_TX_DriverIRQHandler
                0x00000508                PWM2_3_IRQHandler
                0x00000508                SNVS_HP_WRAPPER_TZ_IRQHandler
                0x00000508                CORE_IRQHandler
                0x00000508                XBAR1_IRQ_0_1_IRQHandler
                0x00000508                PMU_IRQHandler
                0x00000508                DMA10_DMA26_DriverIRQHandler
                0x00000508                TEMP_PANIC_IRQHandler
                0x00000508                DMA4_DMA20_DriverIRQHandler
                0x00000508                PWM1_2_IRQHandler
                0x00000508                Reserved144_IRQHandler
                0x00000508                GPR_IRQ_IRQHandler
                0x00000508                GPC_IRQHandler
                0x00000508                DCDC_IRQHandler
                0x00000508                GPIO3_Combined_0_15_IRQHandler
                0x00000508                Reserved107_IRQHandler
                0x00000508                LPI2C4_DriverIRQHandler
                0x00000508                DMA1_DMA17_DriverIRQHandler
                0x00000508                USB_OTG1_IRQHandler
                0x00000508                CAN2_DriverIRQHandler
                0x00000508                Reserved102_IRQHandler
                0x00000508                GPIO2_Combined_16_31_IRQHandler
                0x00000508                GPIO5_Combined_16_31_IRQHandler
                0x00000508                TMR2_IRQHandler
                0x00000508                ADC_ETC_ERROR_IRQ_IRQHandler
                0x00000508                DMA8_DMA24_DriverIRQHandler
                0x00000508                DMA6_DMA22_DriverIRQHandler
                0x00000508                BEE_IRQHandler
                0x00000508                GPIO1_INT1_IRQHandler
                0x00000508                Reserved143_IRQHandler
                0x00000508                SNVS_LP_HP_WRAPPER_IRQHandler
                0x00000508                ADC_ETC_IRQ2_IRQHandler
                0x00000508                Reserved148_IRQHandler
                0x00000508                GPIO1_INT4_IRQHandler
                0x00000508                CCM_2_IRQHandler
                0x00000508                KPP_IRQHandler
                0x00000508                PWM1_FAULT_IRQHandler
                0x00000508                ADC2_IRQHandler
                0x00000508                USDHC2_DriverIRQHandler
                0x00000508                MemManage_Handler
                0x00000508                SAI2_DriverIRQHandler
                0x00000508                ENC1_IRQHandler
                0x00000508                PIT_IRQHandler
                0x00000508                Reserved115_IRQHandler
                0x00000508                SNVS_HP_WRAPPER_IRQHandler
                0x00000508                DMA11_DMA27_DriverIRQHandler
                0x00000508                Reserved147_IRQHandler
                0x00000508                ACMP3_IRQHandler
                0x00000508                XBAR1_IRQ_2_3_IRQHandler
                0x00000508                LPI2C1_DriverIRQHandler
                0x00000508                DCP_IRQHandler
                0x00000508                Reserved123_IRQHandler
                0x00000508                DMA3_DMA19_DriverIRQHandler
                0x00000508                Reserved152_IRQHandler
                0x0000050c                NMI_Handler
                0x00000510                HardFault_Handler
                0x00000520                DMA0_DMA16_IRQHandler
                0x00000524                DMA1_DMA17_IRQHandler
                0x00000528                DMA2_DMA18_IRQHandler
                0x0000052c                DMA3_DMA19_IRQHandler
                0x00000530                DMA4_DMA20_IRQHandler
                0x00000534                DMA5_DMA21_IRQHandler
                0x00000538                DMA6_DMA22_IRQHandler
                0x0000053c                DMA7_DMA23_IRQHandler
                0x00000540                DMA8_DMA24_IRQHandler
                0x00000544                DMA9_DMA25_IRQHandler
                0x00000548                DMA10_DMA26_IRQHandler
                0x0000054c                DMA11_DMA27_IRQHandler
                0x00000550                DMA12_DMA28_IRQHandler
                0x00000554                DMA13_DMA29_IRQHandler
                0x00000558                DMA14_DMA30_IRQHandler
                0x0000055c                DMA15_DMA31_IRQHandler
                0x00000560                DMA_ERROR_IRQHandler
                0x00000564                LPUART1_IRQHandler
                0x00000568                LPUART2_IRQHandler
                0x0000056c                LPUART3_IRQHandler
                0x00000570                LPUART4_IRQHandler
                0x00000574                LPUART5_IRQHandler
                0x00000578                LPUART6_IRQHandler
                0x0000057c                LPUART7_IRQHandler
                0x00000580                LPUART8_IRQHandler
                0x00000584                LPI2C1_IRQHandler
                0x00000588                LPI2C2_IRQHandler
                0x0000058c                LPI2C3_IRQHandler
                0x00000590                LPI2C4_IRQHandler
                0x00000594                LPSPI1_IRQHandler
                0x00000598                LPSPI2_IRQHandler
                0x0000059c                LPSPI3_IRQHandler
                0x000005a0                LPSPI4_IRQHandler
                0x000005a4                CAN1_IRQHandler
                0x000005a8                CAN2_IRQHandler
                0x000005ac                SAI1_IRQHandler
                0x000005b0                SAI2_IRQHandler
                0x000005b4                SAI3_RX_IRQHandler
                0x000005b8                SAI3_TX_IRQHandler
                0x000005bc                SPDIF_IRQHandler
                0x000005c0                FLEXIO1_IRQHandler
                0x000005c4                FLEXSPI_IRQHandler
                0x000005c8                USDHC1_IRQHandler
                0x000005cc                USDHC2_IRQHandler
                0x000005d0                ENET_IRQHandler
                0x000005d4                ENET_1588_Timer_IRQHandler
 .text          0x000006a4       0xa0 CMakeFiles/freertos_hello.elf.dir/D_/repo/imxrt1020-template/sdk/devices/MIMXRT1021/utilities/fsl_memcpy.S.obj
                0x000006a4                memcpy
 .text          0x00000744       0x10 c:/users/isaac/.mcuxpressotools/arm-gnu-toolchain-12.2.rel1-mingw-w64-i686-arm-none-eabi/bin/../lib/gcc/arm-none-eabi/12.2.1/thumb/v7e-m+dp/hard\libc_nano.a(libc_a-strlen.o)
                0x00000744                strlen
 *(.text*)
 .text.deregister_tm_clones
                0x00000754       0x1c c:/users/isaac/.mcuxpressotools/arm-gnu-toolchain-12.2.rel1-mingw-w64-i686-arm-none-eabi/bin/../lib/gcc/arm-none-eabi/12.2.1/thumb/v7e-m+dp/hard/crtbegin.o
 .text.register_tm_clones
                0x00000770       0x24 c:/users/isaac/.mcuxpressotools/arm-gnu-toolchain-12.2.rel1-mingw-w64-i686-arm-none-eabi/bin/../lib/gcc/arm-none-eabi/12.2.1/thumb/v7e-m+dp/hard/crtbegin.o
 .text.__do_global_dtors_aux
                0x00000794       0x28 c:/users/isaac/.mcuxpressotools/arm-gnu-toolchain-12.2.rel1-mingw-w64-i686-arm-none-eabi/bin/../lib/gcc/arm-none-eabi/12.2.1/thumb/v7e-m+dp/hard/crtbegin.o
 .text.frame_dummy
                0x000007bc       0x24 c:/users/isaac/.mcuxpressotools/arm-gnu-toolchain-12.2.rel1-mingw-w64-i686-arm-none-eabi/bin/../lib/gcc/arm-none-eabi/12.2.1/thumb/v7e-m+dp/hard/crtbegin.o
 .text.main     0x000007e0       0x50 CMakeFiles/freertos_hello.elf.dir/D_/repo/imxrt1020-template/src/freertos_hello.c.obj
                0x000007e0                main
 .text.hello_task
                0x00000830       0x38 CMakeFiles/freertos_hello.elf.dir/D_/repo/imxrt1020-template/src/freertos_hello.c.obj
 .text.ARM_MPU_Enable
                0x00000868       0x44 CMakeFiles/freertos_hello.elf.dir/D_/repo/imxrt1020-template/board/board.c.obj
 .text.ARM_MPU_Disable
                0x000008ac       0x40 CMakeFiles/freertos_hello.elf.dir/D_/repo/imxrt1020-template/board/board.c.obj
 .text.CLOCK_GetMux
                0x000008ec       0x44 CMakeFiles/freertos_hello.elf.dir/D_/repo/imxrt1020-template/board/board.c.obj
 .text.CLOCK_GetDiv
                0x00000930       0x44 CMakeFiles/freertos_hello.elf.dir/D_/repo/imxrt1020-template/board/board.c.obj
 .text.CLOCK_GetOscFreq
                0x00000974       0x30 CMakeFiles/freertos_hello.elf.dir/D_/repo/imxrt1020-template/board/board.c.obj
 .text.BOARD_DebugConsoleSrcFreq
                0x000009a4       0x64 CMakeFiles/freertos_hello.elf.dir/D_/repo/imxrt1020-template/board/board.c.obj
                0x000009a4                BOARD_DebugConsoleSrcFreq
 .text.BOARD_InitDebugConsole
                0x00000a08       0x22 CMakeFiles/freertos_hello.elf.dir/D_/repo/imxrt1020-template/board/board.c.obj
                0x00000a08                BOARD_InitDebugConsole
 *fill*         0x00000a2a        0x2 
 .text.BOARD_ConfigMPU
                0x00000a2c      0x320 CMakeFiles/freertos_hello.elf.dir/D_/repo/imxrt1020-template/board/board.c.obj
                0x00000a2c                BOARD_ConfigMPU
 .text._SDK_AtomicLocalClearAndSet4Byte
                0x00000d4c       0x50 CMakeFiles/freertos_hello.elf.dir/D_/repo/imxrt1020-template/board/clock_config.c.obj
 .text.CLOCK_SetMux
                0x00000d9c       0xac CMakeFiles/freertos_hello.elf.dir/D_/repo/imxrt1020-template/board/clock_config.c.obj
 .text.CLOCK_SetDiv
                0x00000e48       0xac CMakeFiles/freertos_hello.elf.dir/D_/repo/imxrt1020-template/board/clock_config.c.obj
 .text.CLOCK_ControlGate
                0x00000ef4       0x70 CMakeFiles/freertos_hello.elf.dir/D_/repo/imxrt1020-template/board/clock_config.c.obj
 .text.CLOCK_DisableClock
                0x00000f64       0x1e CMakeFiles/freertos_hello.elf.dir/D_/repo/imxrt1020-template/board/clock_config.c.obj
 *fill*         0x00000f82        0x2 
 .text.CLOCK_SetXtalFreq
                0x00000f84       0x20 CMakeFiles/freertos_hello.elf.dir/D_/repo/imxrt1020-template/board/clock_config.c.obj
 .text.CLOCK_SetRtcXtalFreq
                0x00000fa4       0x20 CMakeFiles/freertos_hello.elf.dir/D_/repo/imxrt1020-template/board/clock_config.c.obj
 .text.CLOCK_SetPllBypass
                0x00000fc4       0x4e CMakeFiles/freertos_hello.elf.dir/D_/repo/imxrt1020-template/board/clock_config.c.obj
 .text.IOMUXC_SetSaiMClkClockSource
                0x00001012       0x6c CMakeFiles/freertos_hello.elf.dir/D_/repo/imxrt1020-template/board/clock_config.c.obj
 *fill*         0x0000107e        0x2 
 .text.IOMUXC_MQSConfig
                0x00001080       0x44 CMakeFiles/freertos_hello.elf.dir/D_/repo/imxrt1020-template/board/clock_config.c.obj
 .text.BOARD_InitBootClocks
                0x000010c4        0xc CMakeFiles/freertos_hello.elf.dir/D_/repo/imxrt1020-template/board/clock_config.c.obj
                0x000010c4                BOARD_InitBootClocks
 .text.BOARD_BootClockRUN
                0x000010d0      0x548 CMakeFiles/freertos_hello.elf.dir/D_/repo/imxrt1020-template/board/clock_config.c.obj
                0x000010d0                BOARD_BootClockRUN
 .text._SDK_AtomicLocalClearAndSet4Byte
                0x00001618       0x50 CMakeFiles/freertos_hello.elf.dir/D_/repo/imxrt1020-template/board/pin_mux.c.obj
 .text.CLOCK_ControlGate
                0x00001668       0x70 CMakeFiles/freertos_hello.elf.dir/D_/repo/imxrt1020-template/board/pin_mux.c.obj
 .text.CLOCK_EnableClock
                0x000016d8       0x1e CMakeFiles/freertos_hello.elf.dir/D_/repo/imxrt1020-template/board/pin_mux.c.obj
 .text.IOMUXC_SetPinMux
                0x000016f6       0x3a CMakeFiles/freertos_hello.elf.dir/D_/repo/imxrt1020-template/board/pin_mux.c.obj
 .text.IOMUXC_SetPinConfig
                0x00001730       0x26 CMakeFiles/freertos_hello.elf.dir/D_/repo/imxrt1020-template/board/pin_mux.c.obj
 .text.BOARD_InitBootPins
                0x00001756        0xc CMakeFiles/freertos_hello.elf.dir/D_/repo/imxrt1020-template/board/pin_mux.c.obj
                0x00001756                BOARD_InitBootPins
 *fill*         0x00001762        0x2 
 .text.BOARD_InitPins
                0x00001764       0x78 CMakeFiles/freertos_hello.elf.dir/D_/repo/imxrt1020-template/board/pin_mux.c.obj
                0x00001764                BOARD_InitPins
 .text.HAL_UartGetStatus
                0x000017dc       0x28 CMakeFiles/freertos_hello.elf.dir/D_/repo/imxrt1020-template/sdk/components/uart/fsl_adapter_lpuart.c.obj
 .text.HAL_UartInitCommon
                0x00001804       0xe0 CMakeFiles/freertos_hello.elf.dir/D_/repo/imxrt1020-template/sdk/components/uart/fsl_adapter_lpuart.c.obj
 .text.HAL_UartInit
                0x000018e4       0xac CMakeFiles/freertos_hello.elf.dir/D_/repo/imxrt1020-template/sdk/components/uart/fsl_adapter_lpuart.c.obj
                0x000018e4                HAL_UartInit
 .text.HAL_UartSendBlocking
                0x00001990       0x84 CMakeFiles/freertos_hello.elf.dir/D_/repo/imxrt1020-template/sdk/components/uart/fsl_adapter_lpuart.c.obj
                0x00001990                HAL_UartSendBlocking
 .text.DisableGlobalIRQ
                0x00001a14       0x22 CMakeFiles/freertos_hello.elf.dir/D_/repo/imxrt1020-template/sdk/components/serial_manager/fsl_component_serial_manager.c.obj
 .text.EnableGlobalIRQ
                0x00001a36       0x20 CMakeFiles/freertos_hello.elf.dir/D_/repo/imxrt1020-template/sdk/components/serial_manager/fsl_component_serial_manager.c.obj
 .text.SerialManager_StartWriting
                0x00001a56       0x38 CMakeFiles/freertos_hello.elf.dir/D_/repo/imxrt1020-template/sdk/components/serial_manager/fsl_component_serial_manager.c.obj
 .text.SerialManager_Write
                0x00001a8e       0x44 CMakeFiles/freertos_hello.elf.dir/D_/repo/imxrt1020-template/sdk/components/serial_manager/fsl_component_serial_manager.c.obj
 .text.SerialManager_Init
                0x00001ad2       0x60 CMakeFiles/freertos_hello.elf.dir/D_/repo/imxrt1020-template/sdk/components/serial_manager/fsl_component_serial_manager.c.obj
                0x00001ad2                SerialManager_Init
 .text.SerialManager_OpenWriteHandle
                0x00001b32       0x50 CMakeFiles/freertos_hello.elf.dir/D_/repo/imxrt1020-template/sdk/components/serial_manager/fsl_component_serial_manager.c.obj
                0x00001b32                SerialManager_OpenWriteHandle
 .text.SerialManager_OpenReadHandle
                0x00001b82       0x60 CMakeFiles/freertos_hello.elf.dir/D_/repo/imxrt1020-template/sdk/components/serial_manager/fsl_component_serial_manager.c.obj
                0x00001b82                SerialManager_OpenReadHandle
 .text.SerialManager_WriteBlocking
                0x00001be2       0x20 CMakeFiles/freertos_hello.elf.dir/D_/repo/imxrt1020-template/sdk/components/serial_manager/fsl_component_serial_manager.c.obj
                0x00001be2                SerialManager_WriteBlocking
 .text.Serial_UartInit
                0x00001c02       0x3e CMakeFiles/freertos_hello.elf.dir/D_/repo/imxrt1020-template/sdk/components/serial_manager/fsl_component_serial_port_uart.c.obj
                0x00001c02                Serial_UartInit
 .text.Serial_UartWrite
                0x00001c40       0x38 CMakeFiles/freertos_hello.elf.dir/D_/repo/imxrt1020-template/sdk/components/serial_manager/fsl_component_serial_port_uart.c.obj
                0x00001c40                Serial_UartWrite
 .text.SystemInit
                0x00001c78      0x138 CMakeFiles/freertos_hello.elf.dir/D_/repo/imxrt1020-template/sdk/devices/MIMXRT1021/system_MIMXRT1021.c.obj
                0x00001c78                SystemInit
 .text.SystemInitHook
                0x00001db0        0xe CMakeFiles/freertos_hello.elf.dir/D_/repo/imxrt1020-template/sdk/devices/MIMXRT1021/system_MIMXRT1021.c.obj
                0x00001db0                SystemInitHook
 *fill*         0x00001dbe        0x2 
 .text.CLOCK_GetOscFreq
                0x00001dc0       0x30 CMakeFiles/freertos_hello.elf.dir/D_/repo/imxrt1020-template/sdk/devices/MIMXRT1021/drivers/fsl_clock.c.obj
 .text.CLOCK_IsPllBypassed
                0x00001df0       0x32 CMakeFiles/freertos_hello.elf.dir/D_/repo/imxrt1020-template/sdk/devices/MIMXRT1021/drivers/fsl_clock.c.obj
 .text.CLOCK_IsPllEnabled
                0x00001e22       0x3c CMakeFiles/freertos_hello.elf.dir/D_/repo/imxrt1020-template/sdk/devices/MIMXRT1021/drivers/fsl_clock.c.obj
 .text.CLOCK_GetPllBypassRefClk
                0x00001e5e       0x34 CMakeFiles/freertos_hello.elf.dir/D_/repo/imxrt1020-template/sdk/devices/MIMXRT1021/drivers/fsl_clock.c.obj
 *fill*         0x00001e92        0x2 
 .text.CLOCK_InitExternalClk
                0x00001e94       0x78 CMakeFiles/freertos_hello.elf.dir/D_/repo/imxrt1020-template/sdk/devices/MIMXRT1021/drivers/fsl_clock.c.obj
                0x00001e94                CLOCK_InitExternalClk
 .text.CLOCK_SwitchOsc
                0x00001f0c       0x34 CMakeFiles/freertos_hello.elf.dir/D_/repo/imxrt1020-template/sdk/devices/MIMXRT1021/drivers/fsl_clock.c.obj
                0x00001f0c                CLOCK_SwitchOsc
 .text.CLOCK_InitRcOsc24M
                0x00001f40       0x24 CMakeFiles/freertos_hello.elf.dir/D_/repo/imxrt1020-template/sdk/devices/MIMXRT1021/drivers/fsl_clock.c.obj
                0x00001f40                CLOCK_InitRcOsc24M
 .text.CLOCK_InitSysPll
                0x00001f64       0x9c CMakeFiles/freertos_hello.elf.dir/D_/repo/imxrt1020-template/sdk/devices/MIMXRT1021/drivers/fsl_clock.c.obj
                0x00001f64                CLOCK_InitSysPll
 .text.CLOCK_InitUsb1Pll
                0x00002000       0x68 CMakeFiles/freertos_hello.elf.dir/D_/repo/imxrt1020-template/sdk/devices/MIMXRT1021/drivers/fsl_clock.c.obj
                0x00002000                CLOCK_InitUsb1Pll
 .text.CLOCK_DeinitAudioPll
                0x00002068       0x1c CMakeFiles/freertos_hello.elf.dir/D_/repo/imxrt1020-template/sdk/devices/MIMXRT1021/drivers/fsl_clock.c.obj
                0x00002068                CLOCK_DeinitAudioPll
 .text.CLOCK_InitEnetPll
                0x00002084       0xa4 CMakeFiles/freertos_hello.elf.dir/D_/repo/imxrt1020-template/sdk/devices/MIMXRT1021/drivers/fsl_clock.c.obj
                0x00002084                CLOCK_InitEnetPll
 .text.CLOCK_GetPllFreq
                0x00002128      0x280 CMakeFiles/freertos_hello.elf.dir/D_/repo/imxrt1020-template/sdk/devices/MIMXRT1021/drivers/fsl_clock.c.obj
                0x00002128                CLOCK_GetPllFreq
 .text.CLOCK_InitSysPfd
                0x000023a8       0x64 CMakeFiles/freertos_hello.elf.dir/D_/repo/imxrt1020-template/sdk/devices/MIMXRT1021/drivers/fsl_clock.c.obj
                0x000023a8                CLOCK_InitSysPfd
 .text.CLOCK_InitUsb1Pfd
                0x0000240c       0x64 CMakeFiles/freertos_hello.elf.dir/D_/repo/imxrt1020-template/sdk/devices/MIMXRT1021/drivers/fsl_clock.c.obj
                0x0000240c                CLOCK_InitUsb1Pfd
 .text.GPIO_PinWrite
                0x00002470       0x54 CMakeFiles/freertos_hello.elf.dir/D_/repo/imxrt1020-template/sdk/devices/MIMXRT1021/drivers/fsl_gpio.c.obj
                0x00002470                GPIO_PinWrite
 .text._SDK_AtomicLocalClearAndSet4Byte
                0x000024c4       0x50 CMakeFiles/freertos_hello.elf.dir/D_/repo/imxrt1020-template/sdk/devices/MIMXRT1021/drivers/fsl_lpuart.c.obj
 .text.CLOCK_ControlGate
                0x00002514       0x70 CMakeFiles/freertos_hello.elf.dir/D_/repo/imxrt1020-template/sdk/devices/MIMXRT1021/drivers/fsl_lpuart.c.obj
 .text.CLOCK_EnableClock
                0x00002584       0x1e CMakeFiles/freertos_hello.elf.dir/D_/repo/imxrt1020-template/sdk/devices/MIMXRT1021/drivers/fsl_lpuart.c.obj
 .text.LPUART_SoftwareReset
                0x000025a2       0x2c CMakeFiles/freertos_hello.elf.dir/D_/repo/imxrt1020-template/sdk/devices/MIMXRT1021/drivers/fsl_lpuart.c.obj
 *fill*         0x000025ce        0x2 
 .text.LPUART_GetInstance
                0x000025d0       0x58 CMakeFiles/freertos_hello.elf.dir/D_/repo/imxrt1020-template/sdk/devices/MIMXRT1021/drivers/fsl_lpuart.c.obj
                0x000025d0                LPUART_GetInstance
 .text.LPUART_Init
                0x00002628      0x348 CMakeFiles/freertos_hello.elf.dir/D_/repo/imxrt1020-template/sdk/devices/MIMXRT1021/drivers/fsl_lpuart.c.obj
                0x00002628                LPUART_Init
 .text.LPUART_GetDefaultConfig
                0x00002970       0x98 CMakeFiles/freertos_hello.elf.dir/D_/repo/imxrt1020-template/sdk/devices/MIMXRT1021/drivers/fsl_lpuart.c.obj
                0x00002970                LPUART_GetDefaultConfig
 .text.LPUART_WriteBlocking
                0x00002a08       0x78 CMakeFiles/freertos_hello.elf.dir/D_/repo/imxrt1020-template/sdk/devices/MIMXRT1021/drivers/fsl_lpuart.c.obj
                0x00002a08                LPUART_WriteBlocking
 .text.LPUART1_DriverIRQHandler
                0x00002a80       0x28 CMakeFiles/freertos_hello.elf.dir/D_/repo/imxrt1020-template/sdk/devices/MIMXRT1021/drivers/fsl_lpuart.c.obj
                0x00002a80                LPUART1_DriverIRQHandler
 .text.LPUART2_DriverIRQHandler
                0x00002aa8       0x28 CMakeFiles/freertos_hello.elf.dir/D_/repo/imxrt1020-template/sdk/devices/MIMXRT1021/drivers/fsl_lpuart.c.obj
                0x00002aa8                LPUART2_DriverIRQHandler
 .text.LPUART3_DriverIRQHandler
                0x00002ad0       0x28 CMakeFiles/freertos_hello.elf.dir/D_/repo/imxrt1020-template/sdk/devices/MIMXRT1021/drivers/fsl_lpuart.c.obj
                0x00002ad0                LPUART3_DriverIRQHandler
 .text.LPUART4_DriverIRQHandler
                0x00002af8       0x28 CMakeFiles/freertos_hello.elf.dir/D_/repo/imxrt1020-template/sdk/devices/MIMXRT1021/drivers/fsl_lpuart.c.obj
                0x00002af8                LPUART4_DriverIRQHandler
 .text.LPUART5_DriverIRQHandler
                0x00002b20       0x28 CMakeFiles/freertos_hello.elf.dir/D_/repo/imxrt1020-template/sdk/devices/MIMXRT1021/drivers/fsl_lpuart.c.obj
                0x00002b20                LPUART5_DriverIRQHandler
 .text.LPUART6_DriverIRQHandler
                0x00002b48       0x28 CMakeFiles/freertos_hello.elf.dir/D_/repo/imxrt1020-template/sdk/devices/MIMXRT1021/drivers/fsl_lpuart.c.obj
                0x00002b48                LPUART6_DriverIRQHandler
 .text.LPUART7_DriverIRQHandler
                0x00002b70       0x28 CMakeFiles/freertos_hello.elf.dir/D_/repo/imxrt1020-template/sdk/devices/MIMXRT1021/drivers/fsl_lpuart.c.obj
                0x00002b70                LPUART7_DriverIRQHandler
 .text.LPUART8_DriverIRQHandler
                0x00002b98       0x28 CMakeFiles/freertos_hello.elf.dir/D_/repo/imxrt1020-template/sdk/devices/MIMXRT1021/drivers/fsl_lpuart.c.obj
                0x00002b98                LPUART8_DriverIRQHandler
 .text.vListInitialise
                0x00002bc0       0x40 CMakeFiles/freertos_hello.elf.dir/D_/repo/imxrt1020-template/sdk/rtos/freertos/freertos-kernel/list.c.obj
                0x00002bc0                vListInitialise
 .text.vListInitialiseItem
                0x00002c00       0x1a CMakeFiles/freertos_hello.elf.dir/D_/repo/imxrt1020-template/sdk/rtos/freertos/freertos-kernel/list.c.obj
                0x00002c00                vListInitialiseItem
 .text.vListInsert
                0x00002c1a       0x72 CMakeFiles/freertos_hello.elf.dir/D_/repo/imxrt1020-template/sdk/rtos/freertos/freertos-kernel/list.c.obj
                0x00002c1a                vListInsert
 .text.uxListRemove
                0x00002c8c       0x54 CMakeFiles/freertos_hello.elf.dir/D_/repo/imxrt1020-template/sdk/rtos/freertos/freertos-kernel/list.c.obj
                0x00002c8c                uxListRemove
 .text.xQueueGenericReset
                0x00002ce0      0x124 CMakeFiles/freertos_hello.elf.dir/D_/repo/imxrt1020-template/sdk/rtos/freertos/freertos-kernel/queue.c.obj
                0x00002ce0                xQueueGenericReset
 .text.xQueueGenericCreate
                0x00002e04       0x9e CMakeFiles/freertos_hello.elf.dir/D_/repo/imxrt1020-template/sdk/rtos/freertos/freertos-kernel/queue.c.obj
                0x00002e04                xQueueGenericCreate
 .text.prvInitialiseNewQueue
                0x00002ea2       0x46 CMakeFiles/freertos_hello.elf.dir/D_/repo/imxrt1020-template/sdk/rtos/freertos/freertos-kernel/queue.c.obj
 .text.xQueueReceive
                0x00002ee8      0x1c4 CMakeFiles/freertos_hello.elf.dir/D_/repo/imxrt1020-template/sdk/rtos/freertos/freertos-kernel/queue.c.obj
                0x00002ee8                xQueueReceive
 .text.prvCopyDataFromQueue
                0x000030ac       0x4c CMakeFiles/freertos_hello.elf.dir/D_/repo/imxrt1020-template/sdk/rtos/freertos/freertos-kernel/queue.c.obj
 .text.prvUnlockQueue
                0x000030f8       0xa4 CMakeFiles/freertos_hello.elf.dir/D_/repo/imxrt1020-template/sdk/rtos/freertos/freertos-kernel/queue.c.obj
 .text.prvIsQueueEmpty
                0x0000319c       0x2c CMakeFiles/freertos_hello.elf.dir/D_/repo/imxrt1020-template/sdk/rtos/freertos/freertos-kernel/queue.c.obj
 .text.vQueueAddToRegistry
                0x000031c8       0xa0 CMakeFiles/freertos_hello.elf.dir/D_/repo/imxrt1020-template/sdk/rtos/freertos/freertos-kernel/queue.c.obj
                0x000031c8                vQueueAddToRegistry
 .text.vQueueWaitForMessageRestricted
                0x00003268       0x68 CMakeFiles/freertos_hello.elf.dir/D_/repo/imxrt1020-template/sdk/rtos/freertos/freertos-kernel/queue.c.obj
                0x00003268                vQueueWaitForMessageRestricted
 .text.xTaskCreate
                0x000032d0       0x8c CMakeFiles/freertos_hello.elf.dir/D_/repo/imxrt1020-template/sdk/rtos/freertos/freertos-kernel/tasks.c.obj
                0x000032d0                xTaskCreate
 .text.prvInitialiseNewTask
                0x0000335c      0x126 CMakeFiles/freertos_hello.elf.dir/D_/repo/imxrt1020-template/sdk/rtos/freertos/freertos-kernel/tasks.c.obj
 *fill*         0x00003482        0x2 
 .text.prvAddNewTaskToReadyList
                0x00003484      0x12c CMakeFiles/freertos_hello.elf.dir/D_/repo/imxrt1020-template/sdk/rtos/freertos/freertos-kernel/tasks.c.obj
 .text.vTaskDelay
                0x000035b0       0x6c CMakeFiles/freertos_hello.elf.dir/D_/repo/imxrt1020-template/sdk/rtos/freertos/freertos-kernel/tasks.c.obj
                0x000035b0                vTaskDelay
 .text.vTaskStartScheduler
                0x0000361c       0xa4 CMakeFiles/freertos_hello.elf.dir/D_/repo/imxrt1020-template/sdk/rtos/freertos/freertos-kernel/tasks.c.obj
                0x0000361c                vTaskStartScheduler
 .text.vTaskSuspendAll
                0x000036c0       0x1c CMakeFiles/freertos_hello.elf.dir/D_/repo/imxrt1020-template/sdk/rtos/freertos/freertos-kernel/tasks.c.obj
                0x000036c0                vTaskSuspendAll
 .text.xTaskResumeAll
                0x000036dc      0x1f8 CMakeFiles/freertos_hello.elf.dir/D_/repo/imxrt1020-template/sdk/rtos/freertos/freertos-kernel/tasks.c.obj
                0x000036dc                xTaskResumeAll
 .text.xTaskGetTickCount
                0x000038d4       0x20 CMakeFiles/freertos_hello.elf.dir/D_/repo/imxrt1020-template/sdk/rtos/freertos/freertos-kernel/tasks.c.obj
                0x000038d4                xTaskGetTickCount
 .text.xTaskIncrementTick
                0x000038f4      0x214 CMakeFiles/freertos_hello.elf.dir/D_/repo/imxrt1020-template/sdk/rtos/freertos/freertos-kernel/tasks.c.obj
                0x000038f4                xTaskIncrementTick
 .text.vTaskSwitchContext
                0x00003b08       0xb8 CMakeFiles/freertos_hello.elf.dir/D_/repo/imxrt1020-template/sdk/rtos/freertos/freertos-kernel/tasks.c.obj
                0x00003b08                vTaskSwitchContext
 .text.vTaskPlaceOnEventList
                0x00003bc0       0x4c CMakeFiles/freertos_hello.elf.dir/D_/repo/imxrt1020-template/sdk/rtos/freertos/freertos-kernel/tasks.c.obj
                0x00003bc0                vTaskPlaceOnEventList
 .text.vTaskPlaceOnEventListRestricted
                0x00003c0c       0x8c CMakeFiles/freertos_hello.elf.dir/D_/repo/imxrt1020-template/sdk/rtos/freertos/freertos-kernel/tasks.c.obj
                0x00003c0c                vTaskPlaceOnEventListRestricted
 .text.xTaskRemoveFromEventList
                0x00003c98      0x1b0 CMakeFiles/freertos_hello.elf.dir/D_/repo/imxrt1020-template/sdk/rtos/freertos/freertos-kernel/tasks.c.obj
                0x00003c98                xTaskRemoveFromEventList
 .text.vTaskInternalSetTimeOutState
                0x00003e48       0x2c CMakeFiles/freertos_hello.elf.dir/D_/repo/imxrt1020-template/sdk/rtos/freertos/freertos-kernel/tasks.c.obj
                0x00003e48                vTaskInternalSetTimeOutState
 .text.xTaskCheckForTimeOut
                0x00003e74       0xd0 CMakeFiles/freertos_hello.elf.dir/D_/repo/imxrt1020-template/sdk/rtos/freertos/freertos-kernel/tasks.c.obj
                0x00003e74                xTaskCheckForTimeOut
 .text.vTaskMissedYield
                0x00003f44       0x18 CMakeFiles/freertos_hello.elf.dir/D_/repo/imxrt1020-template/sdk/rtos/freertos/freertos-kernel/tasks.c.obj
                0x00003f44                vTaskMissedYield
 .text.prvIdleTask
                0x00003f5c       0x30 CMakeFiles/freertos_hello.elf.dir/D_/repo/imxrt1020-template/sdk/rtos/freertos/freertos-kernel/tasks.c.obj
 .text.prvInitialiseTaskLists
                0x00003f8c       0x80 CMakeFiles/freertos_hello.elf.dir/D_/repo/imxrt1020-template/sdk/rtos/freertos/freertos-kernel/tasks.c.obj
 .text.prvCheckTasksWaitingTermination
                0x0000400c       0x5c CMakeFiles/freertos_hello.elf.dir/D_/repo/imxrt1020-template/sdk/rtos/freertos/freertos-kernel/tasks.c.obj
 .text.prvDeleteTCB
                0x00004068       0x20 CMakeFiles/freertos_hello.elf.dir/D_/repo/imxrt1020-template/sdk/rtos/freertos/freertos-kernel/tasks.c.obj
 .text.prvResetNextTaskUnblockTime
                0x00004088       0x38 CMakeFiles/freertos_hello.elf.dir/D_/repo/imxrt1020-template/sdk/rtos/freertos/freertos-kernel/tasks.c.obj
 .text.xTaskGetSchedulerState
                0x000040c0       0x3c CMakeFiles/freertos_hello.elf.dir/D_/repo/imxrt1020-template/sdk/rtos/freertos/freertos-kernel/tasks.c.obj
                0x000040c0                xTaskGetSchedulerState
 .text.prvAddCurrentTaskToDelayedList
                0x000040fc      0x100 CMakeFiles/freertos_hello.elf.dir/D_/repo/imxrt1020-template/sdk/rtos/freertos/freertos-kernel/tasks.c.obj
 .text.xTimerCreateTimerTask
                0x000041fc       0x64 CMakeFiles/freertos_hello.elf.dir/D_/repo/imxrt1020-template/sdk/rtos/freertos/freertos-kernel/timers.c.obj
                0x000041fc                xTimerCreateTimerTask
 .text.prvReloadTimer
                0x00004260       0x42 CMakeFiles/freertos_hello.elf.dir/D_/repo/imxrt1020-template/sdk/rtos/freertos/freertos-kernel/timers.c.obj
 *fill*         0x000042a2        0x2 
 .text.prvProcessExpiredTimer
                0x000042a4       0x60 CMakeFiles/freertos_hello.elf.dir/D_/repo/imxrt1020-template/sdk/rtos/freertos/freertos-kernel/timers.c.obj
 .text.prvTimerTask
                0x00004304       0x26 CMakeFiles/freertos_hello.elf.dir/D_/repo/imxrt1020-template/sdk/rtos/freertos/freertos-kernel/timers.c.obj
 *fill*         0x0000432a        0x2 
 .text.prvProcessTimerOrBlockTask
                0x0000432c       0x9c CMakeFiles/freertos_hello.elf.dir/D_/repo/imxrt1020-template/sdk/rtos/freertos/freertos-kernel/timers.c.obj
 .text.prvGetNextExpireTime
                0x000043c8       0x48 CMakeFiles/freertos_hello.elf.dir/D_/repo/imxrt1020-template/sdk/rtos/freertos/freertos-kernel/timers.c.obj
 .text.prvSampleTimeNow
                0x00004410       0x40 CMakeFiles/freertos_hello.elf.dir/D_/repo/imxrt1020-template/sdk/rtos/freertos/freertos-kernel/timers.c.obj
 .text.prvInsertTimerInActiveList
                0x00004450       0x84 CMakeFiles/freertos_hello.elf.dir/D_/repo/imxrt1020-template/sdk/rtos/freertos/freertos-kernel/timers.c.obj
 .text.prvProcessReceivedCommands
                0x000044d4      0x1bc CMakeFiles/freertos_hello.elf.dir/D_/repo/imxrt1020-template/sdk/rtos/freertos/freertos-kernel/timers.c.obj
 .text.prvSwitchTimerLists
                0x00004690       0x4c CMakeFiles/freertos_hello.elf.dir/D_/repo/imxrt1020-template/sdk/rtos/freertos/freertos-kernel/timers.c.obj
 .text.prvCheckForValidListAndQueue
                0x000046dc       0x6c CMakeFiles/freertos_hello.elf.dir/D_/repo/imxrt1020-template/sdk/rtos/freertos/freertos-kernel/timers.c.obj
 .text.pxPortInitialiseStack
                0x00004748       0x68 CMakeFiles/freertos_hello.elf.dir/D_/repo/imxrt1020-template/sdk/rtos/freertos/freertos-kernel/portable/GCC/ARM_CM4F/port.c.obj
                0x00004748                pxPortInitialiseStack
 .text.prvTaskExitError
                0x000047b0       0x5c CMakeFiles/freertos_hello.elf.dir/D_/repo/imxrt1020-template/sdk/rtos/freertos/freertos-kernel/portable/GCC/ARM_CM4F/port.c.obj
 *fill*         0x0000480c        0x4 
 .text.SVC_Handler
                0x00004810       0x28 CMakeFiles/freertos_hello.elf.dir/D_/repo/imxrt1020-template/sdk/rtos/freertos/freertos-kernel/portable/GCC/ARM_CM4F/port.c.obj
                0x00004810                SVC_Handler
 .text.prvPortStartFirstTask
                0x00004838       0x2c CMakeFiles/freertos_hello.elf.dir/D_/repo/imxrt1020-template/sdk/rtos/freertos/freertos-kernel/portable/GCC/ARM_CM4F/port.c.obj
 .text.xPortStartScheduler
                0x00004864      0x148 CMakeFiles/freertos_hello.elf.dir/D_/repo/imxrt1020-template/sdk/rtos/freertos/freertos-kernel/portable/GCC/ARM_CM4F/port.c.obj
                0x00004864                xPortStartScheduler
 .text.vPortEnterCritical
                0x000049ac       0x64 CMakeFiles/freertos_hello.elf.dir/D_/repo/imxrt1020-template/sdk/rtos/freertos/freertos-kernel/portable/GCC/ARM_CM4F/port.c.obj
                0x000049ac                vPortEnterCritical
 .text.vPortExitCritical
                0x00004a10       0x54 CMakeFiles/freertos_hello.elf.dir/D_/repo/imxrt1020-template/sdk/rtos/freertos/freertos-kernel/portable/GCC/ARM_CM4F/port.c.obj
                0x00004a10                vPortExitCritical
 *fill*         0x00004a64        0xc 
 .text.PendSV_Handler
                0x00004a70       0x68 CMakeFiles/freertos_hello.elf.dir/D_/repo/imxrt1020-template/sdk/rtos/freertos/freertos-kernel/portable/GCC/ARM_CM4F/port.c.obj
                0x00004a70                PendSV_Handler
 .text.SysTick_Handler
                0x00004ad8       0x44 CMakeFiles/freertos_hello.elf.dir/D_/repo/imxrt1020-template/sdk/rtos/freertos/freertos-kernel/portable/GCC/ARM_CM4F/port.c.obj
                0x00004ad8                SysTick_Handler
 .text.vPortSetupTimerInterrupt
                0x00004b1c       0x48 CMakeFiles/freertos_hello.elf.dir/D_/repo/imxrt1020-template/sdk/rtos/freertos/freertos-kernel/portable/GCC/ARM_CM4F/port.c.obj
                0x00004b1c                vPortSetupTimerInterrupt
 .text.vPortEnableVFP
                0x00004b64       0x18 CMakeFiles/freertos_hello.elf.dir/D_/repo/imxrt1020-template/sdk/rtos/freertos/freertos-kernel/portable/GCC/ARM_CM4F/port.c.obj
 .text.pvPortMalloc
                0x00004b7c      0x178 CMakeFiles/freertos_hello.elf.dir/D_/repo/imxrt1020-template/sdk/rtos/freertos/freertos-kernel/portable/MemMang/heap_4.c.obj
                0x00004b7c                pvPortMalloc
 .text.vPortFree
                0x00004cf4       0xbc CMakeFiles/freertos_hello.elf.dir/D_/repo/imxrt1020-template/sdk/rtos/freertos/freertos-kernel/portable/MemMang/heap_4.c.obj
                0x00004cf4                vPortFree
 .text.prvHeapInit
                0x00004db0       0xb8 CMakeFiles/freertos_hello.elf.dir/D_/repo/imxrt1020-template/sdk/rtos/freertos/freertos-kernel/portable/MemMang/heap_4.c.obj
 .text.prvInsertBlockIntoFreeList
                0x00004e68       0xb4 CMakeFiles/freertos_hello.elf.dir/D_/repo/imxrt1020-template/sdk/rtos/freertos/freertos-kernel/portable/MemMang/heap_4.c.obj
 .text.__assert_func
                0x00004f1c       0x28 CMakeFiles/freertos_hello.elf.dir/D_/repo/imxrt1020-template/sdk/devices/MIMXRT1021/utilities/fsl_assert.c.obj
                0x00004f1c                __assert_func
 .text.PrintGetWidth
                0x00004f44       0x6a CMakeFiles/freertos_hello.elf.dir/D_/repo/imxrt1020-template/sdk/devices/MIMXRT1021/utilities/str/fsl_str.c.obj
 .text.PrintGetPrecision
                0x00004fae       0x8c CMakeFiles/freertos_hello.elf.dir/D_/repo/imxrt1020-template/sdk/devices/MIMXRT1021/utilities/str/fsl_str.c.obj
 .text.PrintIsobpu
                0x0000503a       0x38 CMakeFiles/freertos_hello.elf.dir/D_/repo/imxrt1020-template/sdk/devices/MIMXRT1021/utilities/str/fsl_str.c.obj
 .text.PrintIsdi
                0x00005072       0x2c CMakeFiles/freertos_hello.elf.dir/D_/repo/imxrt1020-template/sdk/devices/MIMXRT1021/utilities/str/fsl_str.c.obj
 .text.PrintOutputdifFobpu
                0x0000509e       0x44 CMakeFiles/freertos_hello.elf.dir/D_/repo/imxrt1020-template/sdk/devices/MIMXRT1021/utilities/str/fsl_str.c.obj
 .text.PrintOutputxX
                0x000050e2       0x44 CMakeFiles/freertos_hello.elf.dir/D_/repo/imxrt1020-template/sdk/devices/MIMXRT1021/utilities/str/fsl_str.c.obj
 .text.PrintIsfF
                0x00005126       0x2c CMakeFiles/freertos_hello.elf.dir/D_/repo/imxrt1020-template/sdk/devices/MIMXRT1021/utilities/str/fsl_str.c.obj
 .text.PrintIsxX
                0x00005152       0x2c CMakeFiles/freertos_hello.elf.dir/D_/repo/imxrt1020-template/sdk/devices/MIMXRT1021/utilities/str/fsl_str.c.obj
 .text.PrintFilterLengthFlag
                0x0000517e       0x3e CMakeFiles/freertos_hello.elf.dir/D_/repo/imxrt1020-template/sdk/devices/MIMXRT1021/utilities/str/fsl_str.c.obj
 .text.PrintGetRadixFromobpu
                0x000051bc       0x40 CMakeFiles/freertos_hello.elf.dir/D_/repo/imxrt1020-template/sdk/devices/MIMXRT1021/utilities/str/fsl_str.c.obj
 .text.ConvertRadixNumToString
                0x000051fc       0xc2 CMakeFiles/freertos_hello.elf.dir/D_/repo/imxrt1020-template/sdk/devices/MIMXRT1021/utilities/str/fsl_str.c.obj
 .text.StrFormatPrintf
                0x000052be      0x2ac CMakeFiles/freertos_hello.elf.dir/D_/repo/imxrt1020-template/sdk/devices/MIMXRT1021/utilities/str/fsl_str.c.obj
                0x000052be                StrFormatPrintf
 *fill*         0x0000556a        0x2 
 .text.DbgConsole_SendDataReliable
                0x0000556c       0x54 CMakeFiles/freertos_hello.elf.dir/D_/repo/imxrt1020-template/sdk/devices/MIMXRT1021/utilities/debug_console/fsl_debug_console.c.obj
                0x0000556c                DbgConsole_SendDataReliable
 .text.DbgConsole_PrintCallback
                0x000055c0       0x66 CMakeFiles/freertos_hello.elf.dir/D_/repo/imxrt1020-template/sdk/devices/MIMXRT1021/utilities/debug_console/fsl_debug_console.c.obj
 *fill*         0x00005626        0x2 
 .text.DbgConsole_Init
                0x00005628      0x138 CMakeFiles/freertos_hello.elf.dir/D_/repo/imxrt1020-template/sdk/devices/MIMXRT1021/utilities/debug_console/fsl_debug_console.c.obj
                0x00005628                DbgConsole_Init
 .text.DbgConsole_Printf
                0x00005760       0x2c CMakeFiles/freertos_hello.elf.dir/D_/repo/imxrt1020-template/sdk/devices/MIMXRT1021/utilities/debug_console/fsl_debug_console.c.obj
                0x00005760                DbgConsole_Printf
 .text.DbgConsole_Vprintf
                0x0000578c       0x6c CMakeFiles/freertos_hello.elf.dir/D_/repo/imxrt1020-template/sdk/devices/MIMXRT1021/utilities/debug_console/fsl_debug_console.c.obj
                0x0000578c                DbgConsole_Vprintf
 .text.exit     0x000057f8       0x24 c:/users/isaac/.mcuxpressotools/arm-gnu-toolchain-12.2.rel1-mingw-w64-i686-arm-none-eabi/bin/../lib/gcc/arm-none-eabi/12.2.1/thumb/v7e-m+dp/hard\libc_nano.a(libc_a-exit.o)
                0x000057f8                exit
 .text.memset   0x0000581c       0x10 c:/users/isaac/.mcuxpressotools/arm-gnu-toolchain-12.2.rel1-mingw-w64-i686-arm-none-eabi/bin/../lib/gcc/arm-none-eabi/12.2.1/thumb/v7e-m+dp/hard\libc_nano.a(libc_a-memset.o)
                0x0000581c                memset
 .text.__libc_init_array
                0x0000582c       0x48 c:/users/isaac/.mcuxpressotools/arm-gnu-toolchain-12.2.rel1-mingw-w64-i686-arm-none-eabi/bin/../lib/gcc/arm-none-eabi/12.2.1/thumb/v7e-m+dp/hard\libc_nano.a(libc_a-init.o)
                0x0000582c                __libc_init_array
 .text._exit    0x00005874        0x2 c:/users/isaac/.mcuxpressotools/arm-gnu-toolchain-12.2.rel1-mingw-w64-i686-arm-none-eabi/bin/../lib/gcc/arm-none-eabi/12.2.1/../../../../arm-none-eabi/lib/thumb/v7e-m+dp/hard\libcr_newlib_nohost.a(_exit.o)
                0x00005874                _exit
 *(.rodata)
 *fill*         0x00005876        0x2 
 .rodata        0x00005878       0x37 CMakeFiles/freertos_hello.elf.dir/D_/repo/imxrt1020-template/src/freertos_hello.c.obj
 *fill*         0x000058af        0x1 
 .rodata        0x000058b0       0x67 CMakeFiles/freertos_hello.elf.dir/D_/repo/imxrt1020-template/board/board.c.obj
 *fill*         0x00005917        0x1 
 .rodata        0x00005918       0x75 CMakeFiles/freertos_hello.elf.dir/D_/repo/imxrt1020-template/board/clock_config.c.obj
 *fill*         0x0000598d        0x3 
 .rodata        0x00005990       0x56 CMakeFiles/freertos_hello.elf.dir/D_/repo/imxrt1020-template/board/pin_mux.c.obj
 *fill*         0x000059e6        0x2 
 .rodata        0x000059e8      0x108 CMakeFiles/freertos_hello.elf.dir/D_/repo/imxrt1020-template/sdk/components/uart/fsl_adapter_lpuart.c.obj
 .rodata        0x00005af0       0x82 CMakeFiles/freertos_hello.elf.dir/D_/repo/imxrt1020-template/sdk/devices/MIMXRT1021/drivers/fsl_clock.c.obj
 *fill*         0x00005b72        0x2 
 .rodata        0x00005b74       0xce CMakeFiles/freertos_hello.elf.dir/D_/repo/imxrt1020-template/sdk/devices/MIMXRT1021/drivers/fsl_gpio.c.obj
 *fill*         0x00005c42        0x2 
 .rodata        0x00005c44      0x256 CMakeFiles/freertos_hello.elf.dir/D_/repo/imxrt1020-template/sdk/devices/MIMXRT1021/drivers/fsl_lpuart.c.obj
 *fill*         0x00005e9a        0x2 
 .rodata        0x00005e9c       0x24 CMakeFiles/freertos_hello.elf.dir/D_/repo/imxrt1020-template/sdk/rtos/freertos/freertos-kernel/tasks.c.obj
                0x00005ea4                portArch_Name
                0x00005ea8                FreeRTOSDebugConfig
 .rodata        0x00005ec0        0xd CMakeFiles/freertos_hello.elf.dir/D_/repo/imxrt1020-template/sdk/rtos/freertos/freertos-kernel/timers.c.obj
 *fill*         0x00005ecd        0x3 
 .rodata        0x00005ed0       0x3e CMakeFiles/freertos_hello.elf.dir/D_/repo/imxrt1020-template/sdk/devices/MIMXRT1021/utilities/fsl_assert.c.obj
 *(.rodata*)
 *fill*         0x00005f0e        0x2 
 .rodata.__func__.0
                0x00005f10       0x10 CMakeFiles/freertos_hello.elf.dir/D_/repo/imxrt1020-template/board/board.c.obj
 .rodata.sysPllConfig_BOARD_BootClockRUN
                0x00005f20       0x14 CMakeFiles/freertos_hello.elf.dir/D_/repo/imxrt1020-template/board/clock_config.c.obj
                0x00005f20                sysPllConfig_BOARD_BootClockRUN
 .rodata.usb1PllConfig_BOARD_BootClockRUN
                0x00005f34        0x2 CMakeFiles/freertos_hello.elf.dir/D_/repo/imxrt1020-template/board/clock_config.c.obj
                0x00005f34                usb1PllConfig_BOARD_BootClockRUN
 *fill*         0x00005f36        0x2 
 .rodata.enetPllConfig_BOARD_BootClockRUN
                0x00005f38        0x5 CMakeFiles/freertos_hello.elf.dir/D_/repo/imxrt1020-template/board/clock_config.c.obj
                0x00005f38                enetPllConfig_BOARD_BootClockRUN
 *fill*         0x00005f3d        0x3 
 .rodata.__func__.2
                0x00005f40       0x12 CMakeFiles/freertos_hello.elf.dir/D_/repo/imxrt1020-template/board/clock_config.c.obj
 *fill*         0x00005f52        0x2 
 .rodata.__func__.1
                0x00005f54        0xd CMakeFiles/freertos_hello.elf.dir/D_/repo/imxrt1020-template/board/clock_config.c.obj
 *fill*         0x00005f61        0x3 
 .rodata.__func__.0
                0x00005f64        0xd CMakeFiles/freertos_hello.elf.dir/D_/repo/imxrt1020-template/board/clock_config.c.obj
 *fill*         0x00005f71        0x3 
 .rodata.__func__.0
                0x00005f74       0x12 CMakeFiles/freertos_hello.elf.dir/D_/repo/imxrt1020-template/board/pin_mux.c.obj
 *fill*         0x00005f86        0x2 
 .rodata.s_LpuartAdapterBase
                0x00005f88       0x24 CMakeFiles/freertos_hello.elf.dir/D_/repo/imxrt1020-template/sdk/components/uart/fsl_adapter_lpuart.c.obj
 .rodata.__func__.4
                0x00005fac        0xd CMakeFiles/freertos_hello.elf.dir/D_/repo/imxrt1020-template/sdk/components/uart/fsl_adapter_lpuart.c.obj
 *fill*         0x00005fb9        0x3 
 .rodata.__func__.1
                0x00005fbc       0x15 CMakeFiles/freertos_hello.elf.dir/D_/repo/imxrt1020-template/sdk/components/uart/fsl_adapter_lpuart.c.obj
 *fill*         0x00005fd1        0x3 
 .rodata.__func__.7
                0x00005fd4       0x16 CMakeFiles/freertos_hello.elf.dir/D_/repo/imxrt1020-template/sdk/devices/MIMXRT1021/drivers/fsl_clock.c.obj
 *fill*         0x00005fea        0x2 
 .rodata.__func__.1
                0x00005fec       0x11 CMakeFiles/freertos_hello.elf.dir/D_/repo/imxrt1020-template/sdk/devices/MIMXRT1021/drivers/fsl_clock.c.obj
 *fill*         0x00005ffd        0x3 
 .rodata.enetRefClkFreq.0
                0x00006000       0x10 CMakeFiles/freertos_hello.elf.dir/D_/repo/imxrt1020-template/sdk/devices/MIMXRT1021/drivers/fsl_clock.c.obj
 .rodata.__func__.0
                0x00006010        0xe CMakeFiles/freertos_hello.elf.dir/D_/repo/imxrt1020-template/sdk/devices/MIMXRT1021/drivers/fsl_gpio.c.obj
 *fill*         0x0000601e        0x2 
 .rodata.s_lpuartBases
                0x00006020       0x24 CMakeFiles/freertos_hello.elf.dir/D_/repo/imxrt1020-template/sdk/devices/MIMXRT1021/drivers/fsl_lpuart.c.obj
 .rodata.s_lpuartClock
                0x00006044       0x12 CMakeFiles/freertos_hello.elf.dir/D_/repo/imxrt1020-template/sdk/devices/MIMXRT1021/drivers/fsl_lpuart.c.obj
 *fill*         0x00006056        0x2 
 .rodata.__func__.22
                0x00006058       0x13 CMakeFiles/freertos_hello.elf.dir/D_/repo/imxrt1020-template/sdk/devices/MIMXRT1021/drivers/fsl_lpuart.c.obj
 *fill*         0x0000606b        0x1 
 .rodata.__func__.17
                0x0000606c        0xc CMakeFiles/freertos_hello.elf.dir/D_/repo/imxrt1020-template/sdk/devices/MIMXRT1021/drivers/fsl_lpuart.c.obj
 .rodata.__func__.16
                0x00006078       0x12 CMakeFiles/freertos_hello.elf.dir/D_/repo/imxrt1020-template/sdk/devices/MIMXRT1021/drivers/fsl_lpuart.c.obj
 *fill*         0x0000608a        0x2 
 .rodata.__func__.15
                0x0000608c       0x18 CMakeFiles/freertos_hello.elf.dir/D_/repo/imxrt1020-template/sdk/devices/MIMXRT1021/drivers/fsl_lpuart.c.obj
 .rodata.__func__.11
                0x000060a4       0x15 CMakeFiles/freertos_hello.elf.dir/D_/repo/imxrt1020-template/sdk/devices/MIMXRT1021/drivers/fsl_lpuart.c.obj
 *(CodeQuickAccess)
 *(.glue_7)
 .glue_7        0x000060b9        0x0 linker stubs
 *(.glue_7t)
 .glue_7t       0x000060b9        0x0 linker stubs
 *(.eh_frame)
 *fill*         0x000060b9        0x3 
 .eh_frame      0x000060bc        0x0 c:/users/isaac/.mcuxpressotools/arm-gnu-toolchain-12.2.rel1-mingw-w64-i686-arm-none-eabi/bin/../lib/gcc/arm-none-eabi/12.2.1/thumb/v7e-m+dp/hard/crtbegin.o
 *(.init)
 .init          0x000060bc        0x4 c:/users/isaac/.mcuxpressotools/arm-gnu-toolchain-12.2.rel1-mingw-w64-i686-arm-none-eabi/bin/../lib/gcc/arm-none-eabi/12.2.1/thumb/v7e-m+dp/hard/crti.o
                0x000060bc                _init
 .init          0x000060c0        0x8 c:/users/isaac/.mcuxpressotools/arm-gnu-toolchain-12.2.rel1-mingw-w64-i686-arm-none-eabi/bin/../lib/gcc/arm-none-eabi/12.2.1/thumb/v7e-m+dp/hard/crtn.o
 *(.fini)
 .fini          0x000060c8        0x4 c:/users/isaac/.mcuxpressotools/arm-gnu-toolchain-12.2.rel1-mingw-w64-i686-arm-none-eabi/bin/../lib/gcc/arm-none-eabi/12.2.1/thumb/v7e-m+dp/hard/crti.o
                0x000060c8                _fini
 .fini          0x000060cc        0x8 c:/users/isaac/.mcuxpressotools/arm-gnu-toolchain-12.2.rel1-mingw-w64-i686-arm-none-eabi/bin/../lib/gcc/arm-none-eabi/12.2.1/thumb/v7e-m+dp/hard/crtn.o
                0x000060d4                . = ALIGN (0x4)

.vfp11_veneer   0x000060d4        0x0
 .vfp11_veneer  0x000060d4        0x0 linker stubs

.v4_bx          0x000060d4        0x0
 .v4_bx         0x000060d4        0x0 linker stubs

.iplt           0x000060d4        0x0
 .iplt          0x000060d4        0x0 c:/users/isaac/.mcuxpressotools/arm-gnu-toolchain-12.2.rel1-mingw-w64-i686-arm-none-eabi/bin/../lib/gcc/arm-none-eabi/12.2.1/thumb/v7e-m+dp/hard/crtbegin.o

.ARM.extab
 *(.ARM.extab* .gnu.linkonce.armextab.*)

.ARM            0x000060d4        0x8
                0x000060d4                __exidx_start = .
 *(.ARM.exidx*)
 .ARM.exidx     0x000060d4        0x8 c:/users/isaac/.mcuxpressotools/arm-gnu-toolchain-12.2.rel1-mingw-w64-i686-arm-none-eabi/bin/../lib/gcc/arm-none-eabi/12.2.1/thumb/v7e-m+dp/hard/crt0.o
                                 0x10 (size before relaxing)
                0x000060dc                __exidx_end = .

.rel.dyn        0x000060dc        0x0
 .rel.iplt      0x000060dc        0x0 c:/users/isaac/.mcuxpressotools/arm-gnu-toolchain-12.2.rel1-mingw-w64-i686-arm-none-eabi/bin/../lib/gcc/arm-none-eabi/12.2.1/thumb/v7e-m+dp/hard/crtbegin.o

.ctors          0x000060dc        0x0
                0x000060dc                __CTOR_LIST__ = .
 *crtbegin.o(.ctors)
 *crtbegin?.o(.ctors)
 *(EXCLUDE_FILE(*crtend.o *crtend?.o) .ctors)
 *(SORT_BY_NAME(.ctors.*))
 *(.ctors)
                0x000060dc                __CTOR_END__ = .

.dtors          0x000060dc        0x0
                0x000060dc                __DTOR_LIST__ = .
 *crtbegin.o(.dtors)
 *crtbegin?.o(.dtors)
 *(EXCLUDE_FILE(*crtend.o *crtend?.o) .dtors)
 *(SORT_BY_NAME(.dtors.*))
 *(.dtors)
                0x000060dc                __DTOR_END__ = .

.preinit_array  0x000060dc        0x0
                0x000060dc                PROVIDE (__preinit_array_start = .)
 *(.preinit_array*)
                0x000060dc                PROVIDE (__preinit_array_end = .)

.init_array     0x000060dc        0x4
                0x000060dc                PROVIDE (__init_array_start = .)
 *(SORT_BY_NAME(.init_array.*))
 *(.init_array*)
 .init_array    0x000060dc        0x4 c:/users/isaac/.mcuxpressotools/arm-gnu-toolchain-12.2.rel1-mingw-w64-i686-arm-none-eabi/bin/../lib/gcc/arm-none-eabi/12.2.1/thumb/v7e-m+dp/hard/crtbegin.o
                0x000060e0                PROVIDE (__init_array_end = .)

.fini_array     0x000060e0        0x4
                [!provide]                PROVIDE (__fini_array_start = .)
 *(SORT_BY_NAME(.fini_array.*))
 *(.fini_array*)
 .fini_array    0x000060e0        0x4 c:/users/isaac/.mcuxpressotools/arm-gnu-toolchain-12.2.rel1-mingw-w64-i686-arm-none-eabi/bin/../lib/gcc/arm-none-eabi/12.2.1/thumb/v7e-m+dp/hard/crtbegin.o
                [!provide]                PROVIDE (__fini_array_end = .)
                0x000060e4                __etext = .
                0x000060e4                __DATA_ROM = .
                0x00000000                __VECTOR_RAM = ORIGIN (m_interrupts)
                0x00000000                __RAM_VECTOR_TABLE_SIZE_BYTES = 0x0

.data           0x20000000        0xc load address 0x000060e4
                0x20000000                . = ALIGN (0x4)
                0x20000000                __DATA_RAM = .
                0x20000000                __data_start__ = .
 *(m_usb_dma_init_data)
 *(.data)
 *(.data*)
 .data.SystemCoreClock
                0x20000000        0x4 CMakeFiles/freertos_hello.elf.dir/D_/repo/imxrt1020-template/sdk/devices/MIMXRT1021/system_MIMXRT1021.c.obj
                0x20000000                SystemCoreClock
 .data.uxTopUsedPriority
                0x20000004        0x4 CMakeFiles/freertos_hello.elf.dir/D_/repo/imxrt1020-template/sdk/rtos/freertos/freertos-kernel/tasks.c.obj
                0x20000004                uxTopUsedPriority
 .data.uxCriticalNesting
                0x20000008        0x4 CMakeFiles/freertos_hello.elf.dir/D_/repo/imxrt1020-template/sdk/rtos/freertos/freertos-kernel/portable/GCC/ARM_CM4F/port.c.obj
 *(DataQuickAccess)
 *(.jcr*)
                0x2000000c                . = ALIGN (0x4)
                0x2000000c                __data_end__ = .
                0x000060f0                __NDATA_ROM = (__DATA_ROM + (__data_end__ - __data_start__))

.tm_clone_table
                0x2000000c        0x0 load address 0x000060f0
 .tm_clone_table
                0x2000000c        0x0 c:/users/isaac/.mcuxpressotools/arm-gnu-toolchain-12.2.rel1-mingw-w64-i686-arm-none-eabi/bin/../lib/gcc/arm-none-eabi/12.2.1/thumb/v7e-m+dp/hard/crtbegin.o
 .tm_clone_table
                0x2000000c        0x0 c:/users/isaac/.mcuxpressotools/arm-gnu-toolchain-12.2.rel1-mingw-w64-i686-arm-none-eabi/bin/../lib/gcc/arm-none-eabi/12.2.1/thumb/v7e-m+dp/hard/crtend.o

.igot.plt       0x2000000c        0x0 load address 0x000060f0
 .igot.plt      0x2000000c        0x0 c:/users/isaac/.mcuxpressotools/arm-gnu-toolchain-12.2.rel1-mingw-w64-i686-arm-none-eabi/bin/../lib/gcc/arm-none-eabi/12.2.1/thumb/v7e-m+dp/hard/crtbegin.o

.ncache.init    0x2000000c        0x0 load address 0x000060f0
                0x2000000c                __noncachedata_start__ = .
 *(NonCacheable.init)
                0x2000000c                . = ALIGN (0x4)
                0x2000000c                __noncachedata_init_end__ = .
                0x2000000c                . = __noncachedata_init_end__

.ncache         0x2000000c        0x0
 *(NonCacheable)
                0x2000000c                . = ALIGN (0x4)
                0x2000000c                __noncachedata_end__ = .
                0x000060f0                __DATA_END = (__NDATA_ROM + (__noncachedata_init_end__ - __noncachedata_start__))
                0x00010000                text_end = (ORIGIN (m_text) + LENGTH (m_text))
                0x00000001                ASSERT ((__DATA_END <= text_end), region m_text overflowed with text and data)

.bss            0x2000000c     0x2a3c load address 0x000060f0
                0x2000000c                . = ALIGN (0x4)
                0x2000000c                __START_BSS = .
                0x2000000c                __bss_start__ = .
 *(m_usb_dma_noninit_data)
 *(.bss)
 *(.bss*)
 .bss.completed.1
                0x2000000c        0x1 c:/users/isaac/.mcuxpressotools/arm-gnu-toolchain-12.2.rel1-mingw-w64-i686-arm-none-eabi/bin/../lib/gcc/arm-none-eabi/12.2.1/thumb/v7e-m+dp/hard/crtbegin.o
 *fill*         0x2000000d        0x3 
 .bss.object.0  0x20000010       0x18 c:/users/isaac/.mcuxpressotools/arm-gnu-toolchain-12.2.rel1-mingw-w64-i686-arm-none-eabi/bin/../lib/gcc/arm-none-eabi/12.2.1/thumb/v7e-m+dp/hard/crtbegin.o
 .bss.g_xtalFreq
                0x20000028        0x4 CMakeFiles/freertos_hello.elf.dir/D_/repo/imxrt1020-template/sdk/devices/MIMXRT1021/drivers/fsl_clock.c.obj
                0x20000028                g_xtalFreq
 .bss.g_rtcXtalFreq
                0x2000002c        0x4 CMakeFiles/freertos_hello.elf.dir/D_/repo/imxrt1020-template/sdk/devices/MIMXRT1021/drivers/fsl_clock.c.obj
                0x2000002c                g_rtcXtalFreq
 .bss.s_lpuartHandle
                0x20000030       0x24 CMakeFiles/freertos_hello.elf.dir/D_/repo/imxrt1020-template/sdk/devices/MIMXRT1021/drivers/fsl_lpuart.c.obj
                0x20000030                s_lpuartHandle
 .bss.s_lpuartIsr
                0x20000054       0x24 CMakeFiles/freertos_hello.elf.dir/D_/repo/imxrt1020-template/sdk/devices/MIMXRT1021/drivers/fsl_lpuart.c.obj
                0x20000054                s_lpuartIsr
 .bss.xQueueRegistry
                0x20000078       0x40 CMakeFiles/freertos_hello.elf.dir/D_/repo/imxrt1020-template/sdk/rtos/freertos/freertos-kernel/queue.c.obj
                0x20000078                xQueueRegistry
 .bss.pxCurrentTCB
                0x200000b8        0x4 CMakeFiles/freertos_hello.elf.dir/D_/repo/imxrt1020-template/sdk/rtos/freertos/freertos-kernel/tasks.c.obj
                0x200000b8                pxCurrentTCB
 .bss.pxReadyTasksLists
                0x200000bc       0x64 CMakeFiles/freertos_hello.elf.dir/D_/repo/imxrt1020-template/sdk/rtos/freertos/freertos-kernel/tasks.c.obj
 .bss.xDelayedTaskList1
                0x20000120       0x14 CMakeFiles/freertos_hello.elf.dir/D_/repo/imxrt1020-template/sdk/rtos/freertos/freertos-kernel/tasks.c.obj
 .bss.xDelayedTaskList2
                0x20000134       0x14 CMakeFiles/freertos_hello.elf.dir/D_/repo/imxrt1020-template/sdk/rtos/freertos/freertos-kernel/tasks.c.obj
 .bss.pxDelayedTaskList
                0x20000148        0x4 CMakeFiles/freertos_hello.elf.dir/D_/repo/imxrt1020-template/sdk/rtos/freertos/freertos-kernel/tasks.c.obj
 .bss.pxOverflowDelayedTaskList
                0x2000014c        0x4 CMakeFiles/freertos_hello.elf.dir/D_/repo/imxrt1020-template/sdk/rtos/freertos/freertos-kernel/tasks.c.obj
 .bss.xPendingReadyList
                0x20000150       0x14 CMakeFiles/freertos_hello.elf.dir/D_/repo/imxrt1020-template/sdk/rtos/freertos/freertos-kernel/tasks.c.obj
 .bss.xTasksWaitingTermination
                0x20000164       0x14 CMakeFiles/freertos_hello.elf.dir/D_/repo/imxrt1020-template/sdk/rtos/freertos/freertos-kernel/tasks.c.obj
 .bss.uxDeletedTasksWaitingCleanUp
                0x20000178        0x4 CMakeFiles/freertos_hello.elf.dir/D_/repo/imxrt1020-template/sdk/rtos/freertos/freertos-kernel/tasks.c.obj
 .bss.xSuspendedTaskList
                0x2000017c       0x14 CMakeFiles/freertos_hello.elf.dir/D_/repo/imxrt1020-template/sdk/rtos/freertos/freertos-kernel/tasks.c.obj
 .bss.uxCurrentNumberOfTasks
                0x20000190        0x4 CMakeFiles/freertos_hello.elf.dir/D_/repo/imxrt1020-template/sdk/rtos/freertos/freertos-kernel/tasks.c.obj
 .bss.xTickCount
                0x20000194        0x4 CMakeFiles/freertos_hello.elf.dir/D_/repo/imxrt1020-template/sdk/rtos/freertos/freertos-kernel/tasks.c.obj
 .bss.uxTopReadyPriority
                0x20000198        0x4 CMakeFiles/freertos_hello.elf.dir/D_/repo/imxrt1020-template/sdk/rtos/freertos/freertos-kernel/tasks.c.obj
 .bss.xSchedulerRunning
                0x2000019c        0x4 CMakeFiles/freertos_hello.elf.dir/D_/repo/imxrt1020-template/sdk/rtos/freertos/freertos-kernel/tasks.c.obj
 .bss.xPendedTicks
                0x200001a0        0x4 CMakeFiles/freertos_hello.elf.dir/D_/repo/imxrt1020-template/sdk/rtos/freertos/freertos-kernel/tasks.c.obj
 .bss.xYieldPending
                0x200001a4        0x4 CMakeFiles/freertos_hello.elf.dir/D_/repo/imxrt1020-template/sdk/rtos/freertos/freertos-kernel/tasks.c.obj
 .bss.xNumOfOverflows
                0x200001a8        0x4 CMakeFiles/freertos_hello.elf.dir/D_/repo/imxrt1020-template/sdk/rtos/freertos/freertos-kernel/tasks.c.obj
 .bss.uxTaskNumber
                0x200001ac        0x4 CMakeFiles/freertos_hello.elf.dir/D_/repo/imxrt1020-template/sdk/rtos/freertos/freertos-kernel/tasks.c.obj
 .bss.xNextTaskUnblockTime
                0x200001b0        0x4 CMakeFiles/freertos_hello.elf.dir/D_/repo/imxrt1020-template/sdk/rtos/freertos/freertos-kernel/tasks.c.obj
 .bss.xIdleTaskHandle
                0x200001b4        0x4 CMakeFiles/freertos_hello.elf.dir/D_/repo/imxrt1020-template/sdk/rtos/freertos/freertos-kernel/tasks.c.obj
 .bss.uxSchedulerSuspended
                0x200001b8        0x4 CMakeFiles/freertos_hello.elf.dir/D_/repo/imxrt1020-template/sdk/rtos/freertos/freertos-kernel/tasks.c.obj
 .bss.xActiveTimerList1
                0x200001bc       0x14 CMakeFiles/freertos_hello.elf.dir/D_/repo/imxrt1020-template/sdk/rtos/freertos/freertos-kernel/timers.c.obj
 .bss.xActiveTimerList2
                0x200001d0       0x14 CMakeFiles/freertos_hello.elf.dir/D_/repo/imxrt1020-template/sdk/rtos/freertos/freertos-kernel/timers.c.obj
 .bss.pxCurrentTimerList
                0x200001e4        0x4 CMakeFiles/freertos_hello.elf.dir/D_/repo/imxrt1020-template/sdk/rtos/freertos/freertos-kernel/timers.c.obj
 .bss.pxOverflowTimerList
                0x200001e8        0x4 CMakeFiles/freertos_hello.elf.dir/D_/repo/imxrt1020-template/sdk/rtos/freertos/freertos-kernel/timers.c.obj
 .bss.xTimerQueue
                0x200001ec        0x4 CMakeFiles/freertos_hello.elf.dir/D_/repo/imxrt1020-template/sdk/rtos/freertos/freertos-kernel/timers.c.obj
 .bss.xTimerTaskHandle
                0x200001f0        0x4 CMakeFiles/freertos_hello.elf.dir/D_/repo/imxrt1020-template/sdk/rtos/freertos/freertos-kernel/timers.c.obj
 .bss.xLastTime.0
                0x200001f4        0x4 CMakeFiles/freertos_hello.elf.dir/D_/repo/imxrt1020-template/sdk/rtos/freertos/freertos-kernel/timers.c.obj
 .bss.ucMaxSysCallPriority
                0x200001f8        0x1 CMakeFiles/freertos_hello.elf.dir/D_/repo/imxrt1020-template/sdk/rtos/freertos/freertos-kernel/portable/GCC/ARM_CM4F/port.c.obj
 *fill*         0x200001f9        0x3 
 .bss.ulMaxPRIGROUPValue
                0x200001fc        0x4 CMakeFiles/freertos_hello.elf.dir/D_/repo/imxrt1020-template/sdk/rtos/freertos/freertos-kernel/portable/GCC/ARM_CM4F/port.c.obj
 .bss.ucHeap    0x20000200     0x2800 CMakeFiles/freertos_hello.elf.dir/D_/repo/imxrt1020-template/sdk/rtos/freertos/freertos-kernel/portable/MemMang/heap_4.c.obj
 .bss.xStart    0x20002a00        0x8 CMakeFiles/freertos_hello.elf.dir/D_/repo/imxrt1020-template/sdk/rtos/freertos/freertos-kernel/portable/MemMang/heap_4.c.obj
 .bss.pxEnd     0x20002a08        0x4 CMakeFiles/freertos_hello.elf.dir/D_/repo/imxrt1020-template/sdk/rtos/freertos/freertos-kernel/portable/MemMang/heap_4.c.obj
 .bss.xFreeBytesRemaining
                0x20002a0c        0x4 CMakeFiles/freertos_hello.elf.dir/D_/repo/imxrt1020-template/sdk/rtos/freertos/freertos-kernel/portable/MemMang/heap_4.c.obj
 .bss.xMinimumEverFreeBytesRemaining
                0x20002a10        0x4 CMakeFiles/freertos_hello.elf.dir/D_/repo/imxrt1020-template/sdk/rtos/freertos/freertos-kernel/portable/MemMang/heap_4.c.obj
 .bss.xNumberOfSuccessfulAllocations
                0x20002a14        0x4 CMakeFiles/freertos_hello.elf.dir/D_/repo/imxrt1020-template/sdk/rtos/freertos/freertos-kernel/portable/MemMang/heap_4.c.obj
 .bss.xNumberOfSuccessfulFrees
                0x20002a18        0x4 CMakeFiles/freertos_hello.elf.dir/D_/repo/imxrt1020-template/sdk/rtos/freertos/freertos-kernel/portable/MemMang/heap_4.c.obj
 .bss.s_debugConsoleReadWaitSemaphore
                0x20002a1c        0x1 CMakeFiles/freertos_hello.elf.dir/D_/repo/imxrt1020-template/sdk/devices/MIMXRT1021/utilities/debug_console/fsl_debug_console.c.obj
 *fill*         0x20002a1d        0x3 
 .bss.s_debugConsoleState
                0x20002a20       0x20 CMakeFiles/freertos_hello.elf.dir/D_/repo/imxrt1020-template/sdk/devices/MIMXRT1021/utilities/debug_console/fsl_debug_console.c.obj
 .bss.g_serialHandle
                0x20002a40        0x4 CMakeFiles/freertos_hello.elf.dir/D_/repo/imxrt1020-template/sdk/devices/MIMXRT1021/utilities/debug_console/fsl_debug_console.c.obj
                0x20002a40                g_serialHandle
 .bss.__stdio_exit_handler
                0x20002a44        0x4 c:/users/isaac/.mcuxpressotools/arm-gnu-toolchain-12.2.rel1-mingw-w64-i686-arm-none-eabi/bin/../lib/gcc/arm-none-eabi/12.2.1/thumb/v7e-m+dp/hard\libc_nano.a(libc_a-findfp.o)
                0x20002a44                __stdio_exit_handler
 *(COMMON)
                0x20002a48                . = ALIGN (0x4)
                0x20002a48                __bss_end__ = .
                0x20002a48                __END_BSS = .

.heap           0x20002a48      0x400 load address 0x00008b2c
                0x20002a48                . = ALIGN (0x8)
                0x20002a48                __end__ = .
                0x20002a48                PROVIDE (end = .)
                0x20002a48                __HeapBase = .
                0x20002e48                . = (. + HEAP_SIZE)
 *fill*         0x20002a48      0x400 
                0x20002e48                __HeapLimit = .
                0x20002e48                __heap_limit = .

.stack          0x20002e48      0x400 load address 0x00008f2c
                0x20002e48                . = ALIGN (0x8)
                0x20003248                . = (. + STACK_SIZE)
 *fill*         0x20002e48      0x400 
                0x20010000                __StackTop = (ORIGIN (m_data) + LENGTH (m_data))
                0x2000fc00                __StackLimit = (__StackTop - STACK_SIZE)
                0x20010000                PROVIDE (__stack = __StackTop)

.ARM.attributes
                0x00000000       0x2e
 *(.ARM.attributes)
 .ARM.attributes
                0x00000000       0x20 c:/users/isaac/.mcuxpressotools/arm-gnu-toolchain-12.2.rel1-mingw-w64-i686-arm-none-eabi/bin/../lib/gcc/arm-none-eabi/12.2.1/thumb/v7e-m+dp/hard/crti.o
 .ARM.attributes
                0x00000020       0x32 c:/users/isaac/.mcuxpressotools/arm-gnu-toolchain-12.2.rel1-mingw-w64-i686-arm-none-eabi/bin/../lib/gcc/arm-none-eabi/12.2.1/thumb/v7e-m+dp/hard/crtbegin.o
 .ARM.attributes
                0x00000052       0x1e c:/users/isaac/.mcuxpressotools/arm-gnu-toolchain-12.2.rel1-mingw-w64-i686-arm-none-eabi/bin/../lib/gcc/arm-none-eabi/12.2.1/thumb/v7e-m+dp/hard/crt0.o
 .ARM.attributes
                0x00000070       0x32 CMakeFiles/freertos_hello.elf.dir/D_/repo/imxrt1020-template/src/freertos_hello.c.obj
 .ARM.attributes
                0x000000a2       0x32 CMakeFiles/freertos_hello.elf.dir/D_/repo/imxrt1020-template/board/board.c.obj
 .ARM.attributes
                0x000000d4       0x32 CMakeFiles/freertos_hello.elf.dir/D_/repo/imxrt1020-template/board/clock_config.c.obj
 .ARM.attributes
                0x00000106       0x32 CMakeFiles/freertos_hello.elf.dir/D_/repo/imxrt1020-template/board/pin_mux.c.obj
 .ARM.attributes
                0x00000138       0x32 CMakeFiles/freertos_hello.elf.dir/D_/repo/imxrt1020-template/sdk/components/uart/fsl_adapter_lpuart.c.obj
 .ARM.attributes
                0x0000016a       0x32 CMakeFiles/freertos_hello.elf.dir/D_/repo/imxrt1020-template/sdk/components/serial_manager/fsl_component_serial_manager.c.obj
 .ARM.attributes
                0x0000019c       0x32 CMakeFiles/freertos_hello.elf.dir/D_/repo/imxrt1020-template/sdk/components/serial_manager/fsl_component_serial_port_uart.c.obj
 .ARM.attributes
                0x000001ce       0x1d CMakeFiles/freertos_hello.elf.dir/D_/repo/imxrt1020-template/sdk/devices/MIMXRT1021/gcc/startup_MIMXRT1021.S.obj
 .ARM.attributes
                0x000001eb       0x32 CMakeFiles/freertos_hello.elf.dir/D_/repo/imxrt1020-template/sdk/devices/MIMXRT1021/system_MIMXRT1021.c.obj
 .ARM.attributes
                0x0000021d       0x32 CMakeFiles/freertos_hello.elf.dir/D_/repo/imxrt1020-template/sdk/devices/MIMXRT1021/drivers/fsl_clock.c.obj
 .ARM.attributes
                0x0000024f       0x32 CMakeFiles/freertos_hello.elf.dir/D_/repo/imxrt1020-template/sdk/devices/MIMXRT1021/drivers/fsl_gpio.c.obj
 .ARM.attributes
                0x00000281       0x32 CMakeFiles/freertos_hello.elf.dir/D_/repo/imxrt1020-template/sdk/devices/MIMXRT1021/drivers/fsl_lpuart.c.obj
 .ARM.attributes
                0x000002b3       0x32 CMakeFiles/freertos_hello.elf.dir/D_/repo/imxrt1020-template/sdk/rtos/freertos/freertos-kernel/list.c.obj
 .ARM.attributes
                0x000002e5       0x32 CMakeFiles/freertos_hello.elf.dir/D_/repo/imxrt1020-template/sdk/rtos/freertos/freertos-kernel/queue.c.obj
 .ARM.attributes
                0x00000317       0x32 CMakeFiles/freertos_hello.elf.dir/D_/repo/imxrt1020-template/sdk/rtos/freertos/freertos-kernel/tasks.c.obj
 .ARM.attributes
                0x00000349       0x32 CMakeFiles/freertos_hello.elf.dir/D_/repo/imxrt1020-template/sdk/rtos/freertos/freertos-kernel/timers.c.obj
 .ARM.attributes
                0x0000037b       0x32 CMakeFiles/freertos_hello.elf.dir/D_/repo/imxrt1020-template/sdk/rtos/freertos/freertos-kernel/portable/GCC/ARM_CM4F/port.c.obj
 .ARM.attributes
                0x000003ad       0x32 CMakeFiles/freertos_hello.elf.dir/D_/repo/imxrt1020-template/sdk/rtos/freertos/freertos-kernel/portable/MemMang/heap_4.c.obj
 .ARM.attributes
                0x000003df       0x1e CMakeFiles/freertos_hello.elf.dir/D_/repo/imxrt1020-template/sdk/devices/MIMXRT1021/utilities/fsl_memcpy.S.obj
 .ARM.attributes
                0x000003fd       0x32 CMakeFiles/freertos_hello.elf.dir/D_/repo/imxrt1020-template/sdk/devices/MIMXRT1021/utilities/fsl_assert.c.obj
 .ARM.attributes
                0x0000042f       0x32 CMakeFiles/freertos_hello.elf.dir/D_/repo/imxrt1020-template/sdk/devices/MIMXRT1021/utilities/str/fsl_str.c.obj
 .ARM.attributes
                0x00000461       0x32 CMakeFiles/freertos_hello.elf.dir/D_/repo/imxrt1020-template/sdk/devices/MIMXRT1021/utilities/debug_console/fsl_debug_console.c.obj
 .ARM.attributes
                0x00000493       0x32 c:/users/isaac/.mcuxpressotools/arm-gnu-toolchain-12.2.rel1-mingw-w64-i686-arm-none-eabi/bin/../lib/gcc/arm-none-eabi/12.2.1/thumb/v7e-m+dp/hard\libc_nano.a(libc_a-exit.o)
 .ARM.attributes
                0x000004c5       0x32 c:/users/isaac/.mcuxpressotools/arm-gnu-toolchain-12.2.rel1-mingw-w64-i686-arm-none-eabi/bin/../lib/gcc/arm-none-eabi/12.2.1/thumb/v7e-m+dp/hard\libc_nano.a(libc_a-findfp.o)
 .ARM.attributes
                0x000004f7       0x32 c:/users/isaac/.mcuxpressotools/arm-gnu-toolchain-12.2.rel1-mingw-w64-i686-arm-none-eabi/bin/../lib/gcc/arm-none-eabi/12.2.1/thumb/v7e-m+dp/hard\libc_nano.a(libc_a-memset.o)
 .ARM.attributes
                0x00000529       0x32 c:/users/isaac/.mcuxpressotools/arm-gnu-toolchain-12.2.rel1-mingw-w64-i686-arm-none-eabi/bin/../lib/gcc/arm-none-eabi/12.2.1/thumb/v7e-m+dp/hard\libc_nano.a(libc_a-init.o)
 .ARM.attributes
                0x0000055b       0x17 c:/users/isaac/.mcuxpressotools/arm-gnu-toolchain-12.2.rel1-mingw-w64-i686-arm-none-eabi/bin/../lib/gcc/arm-none-eabi/12.2.1/thumb/v7e-m+dp/hard\libc_nano.a(libc_a-strlen.o)
 .ARM.attributes
                0x00000572       0x32 c:/users/isaac/.mcuxpressotools/arm-gnu-toolchain-12.2.rel1-mingw-w64-i686-arm-none-eabi/bin/../lib/gcc/arm-none-eabi/12.2.1/../../../../arm-none-eabi/lib/thumb/v7e-m+dp/hard\libcr_newlib_nohost.a(_exit.o)
 .ARM.attributes
                0x000005a4       0x32 c:/users/isaac/.mcuxpressotools/arm-gnu-toolchain-12.2.rel1-mingw-w64-i686-arm-none-eabi/bin/../lib/gcc/arm-none-eabi/12.2.1/thumb/v7e-m+dp/hard/crtend.o
 .ARM.attributes
                0x000005d6       0x20 c:/users/isaac/.mcuxpressotools/arm-gnu-toolchain-12.2.rel1-mingw-w64-i686-arm-none-eabi/bin/../lib/gcc/arm-none-eabi/12.2.1/thumb/v7e-m+dp/hard/crtn.o
                0x00000001                ASSERT ((__StackLimit >= __HeapLimit), region m_data overflowed with stack and heap)
OUTPUT(freertos_hello.elf elf32-littlearm)
LOAD linker stubs

.debug_line_str
                0x00000000      0x28a
 .debug_line_str
                0x00000000       0xe3 c:/users/isaac/.mcuxpressotools/arm-gnu-toolchain-12.2.rel1-mingw-w64-i686-arm-none-eabi/bin/../lib/gcc/arm-none-eabi/12.2.1/thumb/v7e-m+dp/hard/crt0.o
 .debug_line_str
                0x000000e3       0x73 CMakeFiles/freertos_hello.elf.dir/D_/repo/imxrt1020-template/sdk/devices/MIMXRT1021/gcc/startup_MIMXRT1021.S.obj
 .debug_line_str
                0x00000156       0x49 CMakeFiles/freertos_hello.elf.dir/D_/repo/imxrt1020-template/sdk/devices/MIMXRT1021/utilities/fsl_memcpy.S.obj
                                 0x71 (size before relaxing)
 .debug_line_str
                0x0000019f       0xeb c:/users/isaac/.mcuxpressotools/arm-gnu-toolchain-12.2.rel1-mingw-w64-i686-arm-none-eabi/bin/../lib/gcc/arm-none-eabi/12.2.1/thumb/v7e-m+dp/hard\libc_nano.a(libc_a-strlen.o)

.debug_info     0x00000000    0x1307e
 .debug_info    0x00000000      0x2d3 CMakeFiles/freertos_hello.elf.dir/D_/repo/imxrt1020-template/src/freertos_hello.c.obj
 .debug_info    0x000002d3      0xfc7 CMakeFiles/freertos_hello.elf.dir/D_/repo/imxrt1020-template/board/board.c.obj
 .debug_info    0x0000129a     0x184f CMakeFiles/freertos_hello.elf.dir/D_/repo/imxrt1020-template/board/clock_config.c.obj
 .debug_info    0x00002ae9      0x832 CMakeFiles/freertos_hello.elf.dir/D_/repo/imxrt1020-template/board/pin_mux.c.obj
 .debug_info    0x0000331b      0xc5a CMakeFiles/freertos_hello.elf.dir/D_/repo/imxrt1020-template/sdk/components/uart/fsl_adapter_lpuart.c.obj
 .debug_info    0x00003f75      0xd4c CMakeFiles/freertos_hello.elf.dir/D_/repo/imxrt1020-template/sdk/components/serial_manager/fsl_component_serial_manager.c.obj
 .debug_info    0x00004cc1      0x51b CMakeFiles/freertos_hello.elf.dir/D_/repo/imxrt1020-template/sdk/components/serial_manager/fsl_component_serial_port_uart.c.obj
 .debug_info    0x000051dc      0x7ed CMakeFiles/freertos_hello.elf.dir/D_/repo/imxrt1020-template/sdk/devices/MIMXRT1021/gcc/startup_MIMXRT1021.S.obj
 .debug_info    0x000059c9      0xb59 CMakeFiles/freertos_hello.elf.dir/D_/repo/imxrt1020-template/sdk/devices/MIMXRT1021/system_MIMXRT1021.c.obj
 .debug_info    0x00006522     0x210e CMakeFiles/freertos_hello.elf.dir/D_/repo/imxrt1020-template/sdk/devices/MIMXRT1021/drivers/fsl_clock.c.obj
 .debug_info    0x00008630      0xd90 CMakeFiles/freertos_hello.elf.dir/D_/repo/imxrt1020-template/sdk/devices/MIMXRT1021/drivers/fsl_gpio.c.obj
 .debug_info    0x000093c0     0x2965 CMakeFiles/freertos_hello.elf.dir/D_/repo/imxrt1020-template/sdk/devices/MIMXRT1021/drivers/fsl_lpuart.c.obj
 .debug_info    0x0000bd25      0x298 CMakeFiles/freertos_hello.elf.dir/D_/repo/imxrt1020-template/sdk/rtos/freertos/freertos-kernel/list.c.obj
 .debug_info    0x0000bfbd     0x1839 CMakeFiles/freertos_hello.elf.dir/D_/repo/imxrt1020-template/sdk/rtos/freertos/freertos-kernel/queue.c.obj
 .debug_info    0x0000d7f6     0x2518 CMakeFiles/freertos_hello.elf.dir/D_/repo/imxrt1020-template/sdk/rtos/freertos/freertos-kernel/tasks.c.obj
 .debug_info    0x0000fd0e      0xfa5 CMakeFiles/freertos_hello.elf.dir/D_/repo/imxrt1020-template/sdk/rtos/freertos/freertos-kernel/timers.c.obj
 .debug_info    0x00010cb3      0x4be CMakeFiles/freertos_hello.elf.dir/D_/repo/imxrt1020-template/sdk/rtos/freertos/freertos-kernel/portable/GCC/ARM_CM4F/port.c.obj
 .debug_info    0x00011171      0x4fe CMakeFiles/freertos_hello.elf.dir/D_/repo/imxrt1020-template/sdk/rtos/freertos/freertos-kernel/portable/MemMang/heap_4.c.obj
 .debug_info    0x0001166f       0x25 CMakeFiles/freertos_hello.elf.dir/D_/repo/imxrt1020-template/sdk/devices/MIMXRT1021/utilities/fsl_memcpy.S.obj
 .debug_info    0x00011694       0xe4 CMakeFiles/freertos_hello.elf.dir/D_/repo/imxrt1020-template/sdk/devices/MIMXRT1021/utilities/fsl_assert.c.obj
 .debug_info    0x00011778      0xaf5 CMakeFiles/freertos_hello.elf.dir/D_/repo/imxrt1020-template/sdk/devices/MIMXRT1021/utilities/str/fsl_str.c.obj
 .debug_info    0x0001226d      0xdaf CMakeFiles/freertos_hello.elf.dir/D_/repo/imxrt1020-template/sdk/devices/MIMXRT1021/utilities/debug_console/fsl_debug_console.c.obj
 .debug_info    0x0001301c       0x62 c:/users/isaac/.mcuxpressotools/arm-gnu-toolchain-12.2.rel1-mingw-w64-i686-arm-none-eabi/bin/../lib/gcc/arm-none-eabi/12.2.1/../../../../arm-none-eabi/lib/thumb/v7e-m+dp/hard\libcr_newlib_nohost.a(_exit.o)

.debug_abbrev   0x00000000     0x3218
 .debug_abbrev  0x00000000      0x1a0 CMakeFiles/freertos_hello.elf.dir/D_/repo/imxrt1020-template/src/freertos_hello.c.obj
 .debug_abbrev  0x000001a0      0x2ea CMakeFiles/freertos_hello.elf.dir/D_/repo/imxrt1020-template/board/board.c.obj
 .debug_abbrev  0x0000048a      0x32c CMakeFiles/freertos_hello.elf.dir/D_/repo/imxrt1020-template/board/clock_config.c.obj
 .debug_abbrev  0x000007b6      0x248 CMakeFiles/freertos_hello.elf.dir/D_/repo/imxrt1020-template/board/pin_mux.c.obj
 .debug_abbrev  0x000009fe      0x1f9 CMakeFiles/freertos_hello.elf.dir/D_/repo/imxrt1020-template/sdk/components/uart/fsl_adapter_lpuart.c.obj
 .debug_abbrev  0x00000bf7      0x2c3 CMakeFiles/freertos_hello.elf.dir/D_/repo/imxrt1020-template/sdk/components/serial_manager/fsl_component_serial_manager.c.obj
 .debug_abbrev  0x00000eba      0x194 CMakeFiles/freertos_hello.elf.dir/D_/repo/imxrt1020-template/sdk/components/serial_manager/fsl_component_serial_port_uart.c.obj
 .debug_abbrev  0x0000104e       0x1f CMakeFiles/freertos_hello.elf.dir/D_/repo/imxrt1020-template/sdk/devices/MIMXRT1021/gcc/startup_MIMXRT1021.S.obj
 .debug_abbrev  0x0000106d      0x171 CMakeFiles/freertos_hello.elf.dir/D_/repo/imxrt1020-template/sdk/devices/MIMXRT1021/system_MIMXRT1021.c.obj
 .debug_abbrev  0x000011de      0x37f CMakeFiles/freertos_hello.elf.dir/D_/repo/imxrt1020-template/sdk/devices/MIMXRT1021/drivers/fsl_clock.c.obj
 .debug_abbrev  0x0000155d      0x2d9 CMakeFiles/freertos_hello.elf.dir/D_/repo/imxrt1020-template/sdk/devices/MIMXRT1021/drivers/fsl_gpio.c.obj
 .debug_abbrev  0x00001836      0x4ac CMakeFiles/freertos_hello.elf.dir/D_/repo/imxrt1020-template/sdk/devices/MIMXRT1021/drivers/fsl_lpuart.c.obj
 .debug_abbrev  0x00001ce2       0xf3 CMakeFiles/freertos_hello.elf.dir/D_/repo/imxrt1020-template/sdk/rtos/freertos/freertos-kernel/list.c.obj
 .debug_abbrev  0x00001dd5      0x328 CMakeFiles/freertos_hello.elf.dir/D_/repo/imxrt1020-template/sdk/rtos/freertos/freertos-kernel/queue.c.obj
 .debug_abbrev  0x000020fd      0x3b6 CMakeFiles/freertos_hello.elf.dir/D_/repo/imxrt1020-template/sdk/rtos/freertos/freertos-kernel/tasks.c.obj
 .debug_abbrev  0x000024b3      0x2d5 CMakeFiles/freertos_hello.elf.dir/D_/repo/imxrt1020-template/sdk/rtos/freertos/freertos-kernel/timers.c.obj
 .debug_abbrev  0x00002788      0x258 CMakeFiles/freertos_hello.elf.dir/D_/repo/imxrt1020-template/sdk/rtos/freertos/freertos-kernel/portable/GCC/ARM_CM4F/port.c.obj
 .debug_abbrev  0x000029e0      0x254 CMakeFiles/freertos_hello.elf.dir/D_/repo/imxrt1020-template/sdk/rtos/freertos/freertos-kernel/portable/MemMang/heap_4.c.obj
 .debug_abbrev  0x00002c34       0x14 CMakeFiles/freertos_hello.elf.dir/D_/repo/imxrt1020-template/sdk/devices/MIMXRT1021/utilities/fsl_memcpy.S.obj
 .debug_abbrev  0x00002c48       0x8c CMakeFiles/freertos_hello.elf.dir/D_/repo/imxrt1020-template/sdk/devices/MIMXRT1021/utilities/fsl_assert.c.obj
 .debug_abbrev  0x00002cd4      0x26f CMakeFiles/freertos_hello.elf.dir/D_/repo/imxrt1020-template/sdk/devices/MIMXRT1021/utilities/str/fsl_str.c.obj
 .debug_abbrev  0x00002f43      0x278 CMakeFiles/freertos_hello.elf.dir/D_/repo/imxrt1020-template/sdk/devices/MIMXRT1021/utilities/debug_console/fsl_debug_console.c.obj
 .debug_abbrev  0x000031bb       0x5d c:/users/isaac/.mcuxpressotools/arm-gnu-toolchain-12.2.rel1-mingw-w64-i686-arm-none-eabi/bin/../lib/gcc/arm-none-eabi/12.2.1/../../../../arm-none-eabi/lib/thumb/v7e-m+dp/hard\libcr_newlib_nohost.a(_exit.o)

.debug_aranges  0x00000000      0xd58
 .debug_aranges
                0x00000000       0x28 CMakeFiles/freertos_hello.elf.dir/D_/repo/imxrt1020-template/src/freertos_hello.c.obj
 .debug_aranges